main.c:100:6:MotorSetValue	16	static
main.c:118:6:SetPwm	48	static
main.c:155:8:MapValue	32	static
main.c:159:8:MapValue2	40	static
main.c:164:6:HAL_TIM_PeriodElapsedCallback	16	static
main.c:170:5:Serial_Send	16	static
main.c:175:6:SendInt	48	static
main.c:193:6:SendReturn	16	static
main.c:209:5:main	168	static
main.c:450:6:SystemClock_Config	88	static
main.c:495:13:MX_ADC1_Init	24	static
main.c:540:13:MX_I2C2_Init	8	static
main.c:574:13:MX_SPI1_Init	8	static
main.c:612:13:MX_TIM2_Init	32	static
main.c:657:13:MX_TIM3_Init	32	static
main.c:702:13:MX_TIM4_Init	48	static
main.c:763:13:MX_USART1_UART_Init	8	static
main.c:796:13:MX_GPIO_Init	40	static
main.c:836:6:Error_Handler	4	static
