main.c:100:6:MotorSetValue	16	static
main.c:120:6:SetPwm	48	static
main.c:157:8:MapValue	32	static
main.c:161:8:MapValue2	40	static
main.c:166:6:HAL_TIM_PeriodElapsedCallback	16	static
main.c:172:5:Serial_Send	16	static
main.c:177:6:SendInt	48	static
main.c:195:6:SendReturn	16	static
main.c:211:5:main	136	static
main.c:392:6:SystemClock_Config	88	static
main.c:437:13:MX_ADC1_Init	24	static
main.c:482:13:MX_I2C2_Init	8	static
main.c:516:13:MX_SPI1_Init	8	static
main.c:554:13:MX_TIM2_Init	32	static
main.c:599:13:MX_TIM3_Init	32	static
main.c:644:13:MX_TIM4_Init	48	static
main.c:705:13:MX_USART1_UART_Init	8	static
main.c:738:13:MX_GPIO_Init	40	static
main.c:778:6:Error_Handler	4	static
