Archive member included to satisfy reference by file (symbol)

c:/st/stm32cubeide_1.3.0/stm32cubeide/plugins/com.st.stm32cube.ide.mcu.externaltools.gnu-tools-for-stm32.7-2018-q2-update.win32_1.0.0.201904181610/tools/bin/../lib/gcc/arm-none-eabi/7.3.1/../../../../arm-none-eabi/lib/thumb/v7-m\libc_nano.a(lib_a-errno.o)
                              Core/Src/syscalls.o (__errno)
c:/st/stm32cubeide_1.3.0/stm32cubeide/plugins/com.st.stm32cube.ide.mcu.externaltools.gnu-tools-for-stm32.7-2018-q2-update.win32_1.0.0.201904181610/tools/bin/../lib/gcc/arm-none-eabi/7.3.1/../../../../arm-none-eabi/lib/thumb/v7-m\libc_nano.a(lib_a-exit.o)
                              c:/st/stm32cubeide_1.3.0/stm32cubeide/plugins/com.st.stm32cube.ide.mcu.externaltools.gnu-tools-for-stm32.7-2018-q2-update.win32_1.0.0.201904181610/tools/bin/../lib/gcc/arm-none-eabi/7.3.1/../../../../arm-none-eabi/lib/thumb/v7-m/crt0.o (exit)
c:/st/stm32cubeide_1.3.0/stm32cubeide/plugins/com.st.stm32cube.ide.mcu.externaltools.gnu-tools-for-stm32.7-2018-q2-update.win32_1.0.0.201904181610/tools/bin/../lib/gcc/arm-none-eabi/7.3.1/../../../../arm-none-eabi/lib/thumb/v7-m\libc_nano.a(lib_a-impure.o)
                              c:/st/stm32cubeide_1.3.0/stm32cubeide/plugins/com.st.stm32cube.ide.mcu.externaltools.gnu-tools-for-stm32.7-2018-q2-update.win32_1.0.0.201904181610/tools/bin/../lib/gcc/arm-none-eabi/7.3.1/../../../../arm-none-eabi/lib/thumb/v7-m\libc_nano.a(lib_a-exit.o) (_global_impure_ptr)
c:/st/stm32cubeide_1.3.0/stm32cubeide/plugins/com.st.stm32cube.ide.mcu.externaltools.gnu-tools-for-stm32.7-2018-q2-update.win32_1.0.0.201904181610/tools/bin/../lib/gcc/arm-none-eabi/7.3.1/../../../../arm-none-eabi/lib/thumb/v7-m\libc_nano.a(lib_a-init.o)
                              c:/st/stm32cubeide_1.3.0/stm32cubeide/plugins/com.st.stm32cube.ide.mcu.externaltools.gnu-tools-for-stm32.7-2018-q2-update.win32_1.0.0.201904181610/tools/bin/../lib/gcc/arm-none-eabi/7.3.1/../../../../arm-none-eabi/lib/thumb/v7-m/crt0.o (__libc_init_array)
c:/st/stm32cubeide_1.3.0/stm32cubeide/plugins/com.st.stm32cube.ide.mcu.externaltools.gnu-tools-for-stm32.7-2018-q2-update.win32_1.0.0.201904181610/tools/bin/../lib/gcc/arm-none-eabi/7.3.1/../../../../arm-none-eabi/lib/thumb/v7-m\libc_nano.a(lib_a-memcpy-stub.o)
                              Core/Src/MY_NRF24.o (memcpy)
c:/st/stm32cubeide_1.3.0/stm32cubeide/plugins/com.st.stm32cube.ide.mcu.externaltools.gnu-tools-for-stm32.7-2018-q2-update.win32_1.0.0.201904181610/tools/bin/../lib/gcc/arm-none-eabi/7.3.1/../../../../arm-none-eabi/lib/thumb/v7-m\libc_nano.a(lib_a-memset.o)
                              c:/st/stm32cubeide_1.3.0/stm32cubeide/plugins/com.st.stm32cube.ide.mcu.externaltools.gnu-tools-for-stm32.7-2018-q2-update.win32_1.0.0.201904181610/tools/bin/../lib/gcc/arm-none-eabi/7.3.1/../../../../arm-none-eabi/lib/thumb/v7-m/crt0.o (memset)
c:/st/stm32cubeide_1.3.0/stm32cubeide/plugins/com.st.stm32cube.ide.mcu.externaltools.gnu-tools-for-stm32.7-2018-q2-update.win32_1.0.0.201904181610/tools/bin/../lib/gcc/arm-none-eabi/7.3.1/../../../../arm-none-eabi/lib/thumb/v7-m\libc_nano.a(lib_a-sprintf.o)
                              Core/Src/MY_NRF24.o (sprintf)
c:/st/stm32cubeide_1.3.0/stm32cubeide/plugins/com.st.stm32cube.ide.mcu.externaltools.gnu-tools-for-stm32.7-2018-q2-update.win32_1.0.0.201904181610/tools/bin/../lib/gcc/arm-none-eabi/7.3.1/../../../../arm-none-eabi/lib/thumb/v7-m\libc_nano.a(lib_a-strlen.o)
                              Core/Src/MY_NRF24.o (strlen)
c:/st/stm32cubeide_1.3.0/stm32cubeide/plugins/com.st.stm32cube.ide.mcu.externaltools.gnu-tools-for-stm32.7-2018-q2-update.win32_1.0.0.201904181610/tools/bin/../lib/gcc/arm-none-eabi/7.3.1/../../../../arm-none-eabi/lib/thumb/v7-m\libc_nano.a(lib_a-nano-svfprintf.o)
                              c:/st/stm32cubeide_1.3.0/stm32cubeide/plugins/com.st.stm32cube.ide.mcu.externaltools.gnu-tools-for-stm32.7-2018-q2-update.win32_1.0.0.201904181610/tools/bin/../lib/gcc/arm-none-eabi/7.3.1/../../../../arm-none-eabi/lib/thumb/v7-m\libc_nano.a(lib_a-sprintf.o) (_svfprintf_r)
c:/st/stm32cubeide_1.3.0/stm32cubeide/plugins/com.st.stm32cube.ide.mcu.externaltools.gnu-tools-for-stm32.7-2018-q2-update.win32_1.0.0.201904181610/tools/bin/../lib/gcc/arm-none-eabi/7.3.1/../../../../arm-none-eabi/lib/thumb/v7-m\libc_nano.a(lib_a-nano-vfprintf_i.o)
                              c:/st/stm32cubeide_1.3.0/stm32cubeide/plugins/com.st.stm32cube.ide.mcu.externaltools.gnu-tools-for-stm32.7-2018-q2-update.win32_1.0.0.201904181610/tools/bin/../lib/gcc/arm-none-eabi/7.3.1/../../../../arm-none-eabi/lib/thumb/v7-m\libc_nano.a(lib_a-nano-svfprintf.o) (_printf_i)
c:/st/stm32cubeide_1.3.0/stm32cubeide/plugins/com.st.stm32cube.ide.mcu.externaltools.gnu-tools-for-stm32.7-2018-q2-update.win32_1.0.0.201904181610/tools/bin/../lib/gcc/arm-none-eabi/7.3.1/../../../../arm-none-eabi/lib/thumb/v7-m\libc_nano.a(lib_a-memchr-stub.o)
[...]
Memory Configuration

Name             Origin             Length             Attributes
RAM              0x0000000020000000 0x0000000000005000 xrw
FLASH            0x0000000008000000 0x0000000000020000 xr
*default*        0x0000000000000000 0xffffffffffffffff

Linker script and memory map

LOAD c:/st/stm32cubeide_1.3.0/stm32cubeide/plugins/com.st.stm32cube.ide.mcu.externaltools.gnu-tools-for-stm32.7-2018-q2-update.win32_1.0.0.201904181610/tools/bin/../lib/gcc/arm-none-eabi/7.3.1/thumb/v7-m/crti.o
LOAD c:/st/stm32cubeide_1.3.0/stm32cubeide/plugins/com.st.stm32cube.ide.mcu.externaltools.gnu-tools-for-stm32.7-2018-q2-update.win32_1.0.0.201904181610/tools/bin/../lib/gcc/arm-none-eabi/7.3.1/thumb/v7-m/crtbegin.o
LOAD c:/st/stm32cubeide_1.3.0/stm32cubeide/plugins/com.st.stm32cube.ide.mcu.externaltools.gnu-tools-for-stm32.7-2018-q2-update.win32_1.0.0.201904181610/tools/bin/../lib/gcc/arm-none-eabi/7.3.1/../../../../arm-none-eabi/lib/thumb/v7-m/crt0.o
LOAD Core/Src/MY_NRF24.o
LOAD Core/Src/TJ_MPU6050.o
LOAD Core/Src/main.o
LOAD Core/Src/stm32f1xx_hal_msp.o
LOAD Core/Src/stm32f1xx_it.o
LOAD Core/Src/syscalls.o
LOAD Core/Src/sysmem.o
LOAD Core/Src/system_stm32f1xx.o
LOAD Core/Startup/startup_stm32f103cbtx.o
LOAD Drivers/STM32F1xx_HAL_Driver/Src/stm32f1xx_hal.o
LOAD Drivers/STM32F1xx_HAL_Driver/Src/stm32f1xx_hal_adc.o
LOAD Drivers/STM32F1xx_HAL_Driver/Src/stm32f1xx_hal_adc_ex.o
LOAD Drivers/STM32F1xx_HAL_Driver/Src/stm32f1xx_hal_cortex.o
LOAD Drivers/STM32F1xx_HAL_Driver/Src/stm32f1xx_hal_dma.o
LOAD Drivers/STM32F1xx_HAL_Driver/Src/stm32f1xx_hal_exti.o
LOAD Drivers/STM32F1xx_HAL_Driver/Src/stm32f1xx_hal_flash.o
LOAD Drivers/STM32F1xx_HAL_Driver/Src/stm32f1xx_hal_flash_ex.o
LOAD Drivers/STM32F1xx_HAL_Driver/Src/stm32f1xx_hal_gpio.o
LOAD Drivers/STM32F1xx_HAL_Driver/Src/stm32f1xx_hal_gpio_ex.o
LOAD Drivers/STM32F1xx_HAL_Driver/Src/stm32f1xx_hal_i2c.o
LOAD Drivers/STM32F1xx_HAL_Driver/Src/stm32f1xx_hal_pwr.o
LOAD Drivers/STM32F1xx_HAL_Driver/Src/stm32f1xx_hal_rcc.o
LOAD Drivers/STM32F1xx_HAL_Driver/Src/stm32f1xx_hal_rcc_ex.o
LOAD Drivers/STM32F1xx_HAL_Driver/Src/stm32f1xx_hal_spi.o
LOAD Drivers/STM32F1xx_HAL_Driver/Src/stm32f1xx_hal_tim.o
LOAD Drivers/STM32F1xx_HAL_Driver/Src/stm32f1xx_hal_tim_ex.o
LOAD Drivers/STM32F1xx_HAL_Driver/Src/stm32f1xx_hal_uart.o
START GROUP
LOAD c:/st/stm32cubeide_1.3.0/stm32cubeide/plugins/com.st.stm32cube.ide.mcu.externaltools.gnu-tools-for-stm32.7-2018-q2-update.win32_1.0.0.201904181610/tools/bin/../lib/gcc/arm-none-eabi/7.3.1/../../../../arm-none-eabi/lib/thumb/v7-m\libc_nano.a
LOAD c:/st/stm32cubeide_1.3.0/stm32cubeide/plugins/com.st.stm32cube.ide.mcu.externaltools.gnu-tools-for-stm32.7-2018-q2-update.win32_1.0.0.201904181610/tools/bin/../lib/gcc/arm-none-eabi/7.3.1/../../../../arm-none-eabi/lib/thumb/v7-m\libm.a
END GROUP
START GROUP
LOAD c:/st/stm32cubeide_1.3.0/stm32cubeide/plugins/com.st.stm32cube.ide.mcu.externaltools.gnu-tools-for-stm32.7-2018-q2-update.win32_1.0.0.201904181610/tools/bin/../lib/gcc/arm-none-eabi/7.3.1/thumb/v7-m\libgcc.a
LOAD c:/st/stm32cubeide_1.3.0/stm32cubeide/plugins/com.st.stm32cube.ide.mcu.externaltools.gnu-tools-for-stm32.7-2018-q2-update.win32_1.0.0.201904181610/tools/bin/../lib/gcc/arm-none-eabi/7.3.1/../../../../arm-none-eabi/lib/thumb/v7-m\libc_nano.a
END GROUP
START GROUP
LOAD c:/st/stm32cubeide_1.3.0/stm32cubeide/plugins/com.st.stm32cube.ide.mcu.externaltools.gnu-tools-for-stm32.7-2018-q2-update.win32_1.0.0.201904181610/tools/bin/../lib/gcc/arm-none-eabi/7.3.1/thumb/v7-m\libgcc.a
LOAD c:/st/stm32cubeide_1.3.0/stm32cubeide/plugins/com.st.stm32cube.ide.mcu.externaltools.gnu-tools-for-stm32.7-2018-q2-update.win32_1.0.0.201904181610/tools/bin/../lib/gcc/arm-none-eabi/7.3.1/../../../../arm-none-eabi/lib/thumb/v7-m\libc_nano.a
LOAD c:/st/stm32cubeide_1.3.0/stm32cubeide/plugins/com.st.stm32cube.ide.mcu.externaltools.gnu-tools-for-stm32.7-2018-q2-update.win32_1.0.0.201904181610/tools/bin/../lib/gcc/arm-none-eabi/7.3.1/../../../../arm-none-eabi/lib/thumb/v7-m\libnosys.a
END GROUP
START GROUP
LOAD c:/st/stm32cubeide_1.3.0/stm32cubeide/plugins/com.st.stm32cube.ide.mcu.externaltools.gnu-tools-for-stm32.7-2018-q2-update.win32_1.0.0.201904181610/tools/bin/../lib/gcc/arm-none-eabi/7.3.1/thumb/v7-m\libgcc.a
LOAD c:/st/stm32cubeide_1.3.0/stm32cubeide/plugins/com.st.stm32cube.ide.mcu.externaltools.gnu-tools-for-stm32.7-2018-q2-update.win32_1.0.0.201904181610/tools/bin/../lib/gcc/arm-none-eabi/7.3.1/../../../../arm-none-eabi/lib/thumb/v7-m\libc_nano.a
LOAD c:/st/stm32cubeide_1.3.0/stm32cubeide/plugins/com.st.stm32cube.ide.mcu.externaltools.gnu-tools-for-stm32.7-2018-q2-update.win32_1.0.0.201904181610/tools/bin/../lib/gcc/arm-none-eabi/7.3.1/../../../../arm-none-eabi/lib/thumb/v7-m\libnosys.a
END GROUP
LOAD c:/st/stm32cubeide_1.3.0/stm32cubeide/plugins/com.st.stm32cube.ide.mcu.externaltools.gnu-tools-for-stm32.7-2018-q2-update.win32_1.0.0.201904181610/tools/bin/../lib/gcc/arm-none-eabi/7.3.1/thumb/v7-m/crtend.o
LOAD c:/st/stm32cubeide_1.3.0/stm32cubeide/plugins/com.st.stm32cube.ide.mcu.externaltools.gnu-tools-for-stm32.7-2018-q2-update.win32_1.0.0.201904181610/tools/bin/../lib/gcc/arm-none-eabi/7.3.1/thumb/v7-m/crtn.o
                0x0000000020005000                _estack = (ORIGIN (RAM) + LENGTH (RAM))
                0x0000000000000200                _Min_Heap_Size = 0x200
                0x0000000000000400                _Min_Stack_Size = 0x400

.isr_vector     0x0000000008000000      0x10c
                0x0000000008000000                . = ALIGN (0x4)
 *(.isr_vector)
 .isr_vector    0x0000000008000000      0x10c Core/Startup/startup_stm32f103cbtx.o
                0x0000000008000000                g_pfnVectors
                0x000000000800010c                . = ALIGN (0x4)

.text           0x000000000800010c     0x633c
                0x000000000800010c                . = ALIGN (0x4)
 *(.text)
 .text          0x000000000800010c       0x40 c:/st/stm32cubeide_1.3.0/stm32cubeide/plugins/com.st.stm32cube.ide.mcu.externaltools.gnu-tools-for-stm32.7-2018-q2-update.win32_1.0.0.201904181610/tools/bin/../lib/gcc/arm-none-eabi/7.3.1/thumb/v7-m/crtbegin.o
 .text          0x000000000800014c       0x10 c:/st/stm32cubeide_1.3.0/stm32cubeide/plugins/com.st.stm32cube.ide.mcu.externaltools.gnu-tools-for-stm32.7-2018-q2-update.win32_1.0.0.201904181610/tools/bin/../lib/gcc/arm-none-eabi/7.3.1/../../../../arm-none-eabi/lib/thumb/v7-m\libc_nano.a(lib_a-strlen.o)
                0x000000000800014c                strlen
 *(.text*)
 .text.NRF24_DelayMicroSeconds
                0x000000000800015c       0x40 Core/Src/MY_NRF24.o
                0x000000000800015c                NRF24_DelayMicroSeconds
 .text.NRF24_csn
                0x000000000800019c       0x40 Core/Src/MY_NRF24.o
                0x000000000800019c                NRF24_csn
 .text.NRF24_ce
                0x00000000080001dc       0x40 Core/Src/MY_NRF24.o
                0x00000000080001dc                NRF24_ce
 .text.NRF24_read_register
                0x000000000800021c       0x50 Core/Src/MY_NRF24.o
                0x000000000800021c                NRF24_read_register
 .text.NRF24_read_registerN
                0x000000000800026c       0x50 Core/Src/MY_NRF24.o
                0x000000000800026c                NRF24_read_registerN
 .text.NRF24_write_register
                0x00000000080002bc       0x44 Core/Src/MY_NRF24.o
                0x00000000080002bc                NRF24_write_register
 .text.NRF24_write_registerN
                0x0000000008000300       0x50 Core/Src/MY_NRF24.o
                0x0000000008000300                NRF24_write_registerN
 .text.NRF24_write_payload
                0x0000000008000350       0x44 Core/Src/MY_NRF24.o
                0x0000000008000350                NRF24_write_payload
 .text.NRF24_read_payload
                0x0000000008000394       0x60 Core/Src/MY_NRF24.o
                0x0000000008000394                NRF24_read_payload
 .text.NRF24_flush_tx
                0x00000000080003f4       0x10 Core/Src/MY_NRF24.o
                0x00000000080003f4                NRF24_flush_tx
 .text.NRF24_flush_rx
                0x0000000008000404       0x10 Core/Src/MY_NRF24.o
                0x0000000008000404                NRF24_flush_rx
 .text.NRF24_get_status
                0x0000000008000414       0x1a Core/Src/MY_NRF24.o
                0x0000000008000414                NRF24_get_status
 *fill*         0x000000000800042e        0x2 
 .text.NRF24_begin
                0x0000000008000430      0x1c0 Core/Src/MY_NRF24.o
                0x0000000008000430                NRF24_begin
 .text.NRF24_stopListening
                0x00000000080005f0       0x16 Core/Src/MY_NRF24.o
                0x00000000080005f0                NRF24_stopListening
 *fill*         0x0000000008000606        0x2 
 .text.NRF24_write
                0x0000000008000608       0x98 Core/Src/MY_NRF24.o
                0x0000000008000608                NRF24_write
 .text.NRF24_available
                0x00000000080006a0       0x10 Core/Src/MY_NRF24.o
                0x00000000080006a0                NRF24_available
 .text.NRF24_read
                0x00000000080006b0       0x40 Core/Src/MY_NRF24.o
                0x00000000080006b0                NRF24_read
 .text.NRF24_openWritingPipe
                0x00000000080006f0       0x48 Core/Src/MY_NRF24.o
                0x00000000080006f0                NRF24_openWritingPipe
 .text.NRF24_setRetries
                0x0000000008000738       0x36 Core/Src/MY_NRF24.o
                0x0000000008000738                NRF24_setRetries
 .text.NRF24_setChannel
                0x000000000800076e       0x2a Core/Src/MY_NRF24.o
                0x000000000800076e                NRF24_setChannel
 .text.NRF24_setPayloadSize
                0x0000000008000798       0x2c Core/Src/MY_NRF24.o
                0x0000000008000798                NRF24_setPayloadSize
 .text.NRF24_getPayloadSize
                0x00000000080007c4       0x14 Core/Src/MY_NRF24.o
                0x00000000080007c4                NRF24_getPayloadSize
 .text.NRF24_getDynamicPayloadSize
                0x00000000080007d8       0x10 Core/Src/MY_NRF24.o
                0x00000000080007d8                NRF24_getDynamicPayloadSize
 .text.NRF24_enableAckPayload
                0x00000000080007e8       0x5a Core/Src/MY_NRF24.o
                0x00000000080007e8                NRF24_enableAckPayload
 *fill*         0x0000000008000842        0x2 
 .text.NRF24_enableDynamicPayloads
                0x0000000008000844       0x64 Core/Src/MY_NRF24.o
                0x0000000008000844                NRF24_enableDynamicPayloads
 .text.NRF24_disableDynamicPayloads
                0x00000000080008a8       0x30 Core/Src/MY_NRF24.o
                0x00000000080008a8                NRF24_disableDynamicPayloads
 .text.NRF24_setAutoAck
                0x00000000080008d8       0x2a Core/Src/MY_NRF24.o
                0x00000000080008d8                NRF24_setAutoAck
 .text.NRF24_setPALevel
                0x0000000008000902       0x72 Core/Src/MY_NRF24.o
                0x0000000008000902                NRF24_setPALevel
 .text.NRF24_setDataRate
                0x0000000008000974       0x8c Core/Src/MY_NRF24.o
                0x0000000008000974                NRF24_setDataRate
 .text.NRF24_setCRCLength
                0x0000000008000a00       0x50 Core/Src/MY_NRF24.o
                0x0000000008000a00                NRF24_setCRCLength
 .text.NRF24_powerDown
                0x0000000008000a50       0x1e Core/Src/MY_NRF24.o
                0x0000000008000a50                NRF24_powerDown
 .text.NRF24_availablePipe
                0x0000000008000a6e       0x60 Core/Src/MY_NRF24.o
                0x0000000008000a6e                NRF24_availablePipe
 .text.NRF24_startWrite
                0x0000000008000ace       0x52 Core/Src/MY_NRF24.o
                0x0000000008000ace                NRF24_startWrite
 .text.NRF24_whatHappened
                0x0000000008000b20       0x66 Core/Src/MY_NRF24.o
                0x0000000008000b20                NRF24_whatHappened
 .text.NRF24_resetStatus
                0x0000000008000b86       0x10 Core/Src/MY_NRF24.o
                0x0000000008000b86                NRF24_resetStatus
 *fill*         0x0000000008000b96        0x2 
 .text.NRF24_ACTIVATE_cmd
                0x0000000008000b98       0x34 Core/Src/MY_NRF24.o
                0x0000000008000b98                NRF24_ACTIVATE_cmd
 .text.printRadioSettings
                0x0000000008000bcc      0x924 Core/Src/MY_NRF24.o
                0x0000000008000bcc                printRadioSettings
 .text.MPU6050_Init
                0x00000000080014f0       0x20 Core/Src/TJ_MPU6050.o
                0x00000000080014f0                MPU6050_Init
 .text.I2C_Read
                0x0000000008001510       0x50 Core/Src/TJ_MPU6050.o
                0x0000000008001510                I2C_Read
 .text.I2C_Write8
                0x0000000008001560       0x3c Core/Src/TJ_MPU6050.o
                0x0000000008001560                I2C_Write8
 .text.MPU6050_Config
                0x000000000800159c      0x150 Core/Src/TJ_MPU6050.o
                0x000000000800159c                MPU6050_Config
 .text.MPU6050_Set_SMPRT_DIV
                0x00000000080016ec       0x1c Core/Src/TJ_MPU6050.o
                0x00000000080016ec                MPU6050_Set_SMPRT_DIV
 .text.MPU6050_Get_Accel_RawData
                0x0000000008001708       0xcc Core/Src/TJ_MPU6050.o
                0x0000000008001708                MPU6050_Get_Accel_RawData
 .text.MPU6050_Get_Gyro_RawData
                0x00000000080017d4       0x34 Core/Src/TJ_MPU6050.o
                0x00000000080017d4                MPU6050_Get_Gyro_RawData
 .text.MotorSetValue
                0x0000000008001808       0x80 Core/Src/main.o
                0x0000000008001808                MotorSetValue
 .text.SetPwm   0x0000000008001888       0xb0 Core/Src/main.o
                0x0000000008001888                SetPwm
 .text.main     0x0000000008001938      0x230 Core/Src/main.o
                0x0000000008001938                main
 .text.SystemClock_Config
                0x0000000008001b68       0xb6 Core/Src/main.o
                0x0000000008001b68                SystemClock_Config
 *fill*         0x0000000008001c1e        0x2 
 .text.MX_ADC1_Init
                0x0000000008001c20       0x7c Core/Src/main.o
 .text.MX_I2C2_Init
                0x0000000008001c9c       0x5c Core/Src/main.o
 .text.MX_SPI1_Init
                0x0000000008001cf8       0x6c Core/Src/main.o
 .text.MX_TIM4_Init
                0x0000000008001d64       0xf4 Core/Src/main.o
 .text.MX_USART1_UART_Init
                0x0000000008001e58       0x54 Core/Src/main.o
 .text.MX_GPIO_Init
                0x0000000008001eac       0xd8 Core/Src/main.o
 .text.Error_Handler
                0x0000000008001f84        0xc Core/Src/main.o
                0x0000000008001f84                Error_Handler
 .text.HAL_MspInit
                0x0000000008001f90       0x64 Core/Src/stm32f1xx_hal_msp.o
                0x0000000008001f90                HAL_MspInit
 .text.HAL_ADC_MspInit
                0x0000000008001ff4       0x78 Core/Src/stm32f1xx_hal_msp.o
                0x0000000008001ff4                HAL_ADC_MspInit
 .text.HAL_I2C_MspInit
                0x000000000800206c       0x80 Core/Src/stm32f1xx_hal_msp.o
                0x000000000800206c                HAL_I2C_MspInit
 .text.HAL_SPI_MspInit
                0x00000000080020ec       0x94 Core/Src/stm32f1xx_hal_msp.o
                0x00000000080020ec                HAL_SPI_MspInit
 .text.HAL_TIM_PWM_MspInit
                0x0000000008002180       0x3c Core/Src/stm32f1xx_hal_msp.o
                0x0000000008002180                HAL_TIM_PWM_MspInit
 .text.HAL_TIM_MspPostInit
                0x00000000080021bc       0x68 Core/Src/stm32f1xx_hal_msp.o
                0x00000000080021bc                HAL_TIM_MspPostInit
 .text.HAL_UART_MspInit
                0x0000000008002224       0x98 Core/Src/stm32f1xx_hal_msp.o
                0x0000000008002224                HAL_UART_MspInit
 .text.NMI_Handler
                0x00000000080022bc        0xc Core/Src/stm32f1xx_it.o
                0x00000000080022bc                NMI_Handler
 .text.HardFault_Handler
                0x00000000080022c8        0x6 Core/Src/stm32f1xx_it.o
                0x00000000080022c8                HardFault_Handler
 .text.MemManage_Handler
                0x00000000080022ce        0x6 Core/Src/stm32f1xx_it.o
                0x00000000080022ce                MemManage_Handler
 .text.BusFault_Handler
                0x00000000080022d4        0x6 Core/Src/stm32f1xx_it.o
                0x00000000080022d4                BusFault_Handler
 .text.UsageFault_Handler
                0x00000000080022da        0x6 Core/Src/stm32f1xx_it.o
                0x00000000080022da                UsageFault_Handler
 .text.SVC_Handler
                0x00000000080022e0        0xc Core/Src/stm32f1xx_it.o
                0x00000000080022e0                SVC_Handler
 .text.DebugMon_Handler
                0x00000000080022ec        0xc Core/Src/stm32f1xx_it.o
                0x00000000080022ec                DebugMon_Handler
 .text.PendSV_Handler
                0x00000000080022f8        0xc Core/Src/stm32f1xx_it.o
                0x00000000080022f8                PendSV_Handler
 .text.SysTick_Handler
                0x0000000008002304        0xc Core/Src/stm32f1xx_it.o
                0x0000000008002304                SysTick_Handler
 .text._sbrk    0x0000000008002310       0x58 Core/Src/sysmem.o
                0x0000000008002310                _sbrk
 .text.SystemInit
                0x0000000008002368       0x68 Core/Src/system_stm32f1xx.o
                0x0000000008002368                SystemInit
 .text.Reset_Handler
                0x00000000080023d0       0x48 Core/Startup/startup_stm32f103cbtx.o
                0x00000000080023d0                Reset_Handler
 .text.Default_Handler
                0x0000000008002418        0x2 Core/Startup/startup_stm32f103cbtx.o
                0x0000000008002418                RTC_Alarm_IRQHandler
                0x0000000008002418                EXTI2_IRQHandler
                0x0000000008002418                TIM1_CC_IRQHandler
                0x0000000008002418                PVD_IRQHandler
                0x0000000008002418                EXTI3_IRQHandler
                0x0000000008002418                EXTI0_IRQHandler
                0x0000000008002418                I2C2_EV_IRQHandler
                0x0000000008002418                ADC1_2_IRQHandler
                0x0000000008002418                SPI1_IRQHandler
                0x0000000008002418                TAMPER_IRQHandler
                0x0000000008002418                DMA1_Channel4_IRQHandler
                0x0000000008002418                USART3_IRQHandler
                0x0000000008002418                RTC_IRQHandler
                0x0000000008002418                DMA1_Channel7_IRQHandler
                0x0000000008002418                CAN1_RX1_IRQHandler
                0x0000000008002418                TIM4_IRQHandler
                0x0000000008002418                I2C1_EV_IRQHandler
                0x0000000008002418                DMA1_Channel6_IRQHandler
                0x0000000008002418                TIM3_IRQHandler
                0x0000000008002418                RCC_IRQHandler
                0x0000000008002418                TIM1_TRG_COM_IRQHandler
                0x0000000008002418                DMA1_Channel1_IRQHandler
                0x0000000008002418                Default_Handler
                0x0000000008002418                EXTI15_10_IRQHandler
                0x0000000008002418                EXTI9_5_IRQHandler
                0x0000000008002418                SPI2_IRQHandler
                0x0000000008002418                DMA1_Channel5_IRQHandler
                0x0000000008002418                EXTI4_IRQHandler
                0x0000000008002418                USB_LP_CAN1_RX0_IRQHandler
                0x0000000008002418                USB_HP_CAN1_TX_IRQHandler
                0x0000000008002418                DMA1_Channel3_IRQHandler
                0x0000000008002418                TIM1_UP_IRQHandler
                0x0000000008002418                WWDG_IRQHandler
                0x0000000008002418                TIM2_IRQHandler
                0x0000000008002418                TIM1_BRK_IRQHandler
                0x0000000008002418                EXTI1_IRQHandler
                0x0000000008002418                USART2_IRQHandler
                0x0000000008002418                I2C2_ER_IRQHandler
                0x0000000008002418                DMA1_Channel2_IRQHandler
                0x0000000008002418                CAN1_SCE_IRQHandler
                0x0000000008002418                FLASH_IRQHandler
                0x0000000008002418                USART1_IRQHandler
                0x0000000008002418                I2C1_ER_IRQHandler
                0x0000000008002418                USBWakeUp_IRQHandler
 *fill*         0x000000000800241a        0x2 
 .text.HAL_Init
                0x000000000800241c       0x2c Drivers/STM32F1xx_HAL_Driver/Src/stm32f1xx_hal.o
                0x000000000800241c                HAL_Init
 .text.HAL_InitTick
                0x0000000008002448       0x60 Drivers/STM32F1xx_HAL_Driver/Src/stm32f1xx_hal.o
                0x0000000008002448                HAL_InitTick
 .text.HAL_IncTick
                0x00000000080024a8       0x24 Drivers/STM32F1xx_HAL_Driver/Src/stm32f1xx_hal.o
                0x00000000080024a8                HAL_IncTick
 .text.HAL_GetTick
                0x00000000080024cc       0x14 Drivers/STM32F1xx_HAL_Driver/Src/stm32f1xx_hal.o
                0x00000000080024cc                HAL_GetTick
 .text.HAL_Delay
                0x00000000080024e0       0x44 Drivers/STM32F1xx_HAL_Driver/Src/stm32f1xx_hal.o
                0x00000000080024e0                HAL_Delay
 .text.HAL_ADC_Init
                0x0000000008002524      0x1b0 Drivers/STM32F1xx_HAL_Driver/Src/stm32f1xx_hal_adc.o
                0x0000000008002524                HAL_ADC_Init
 .text.HAL_ADC_ConfigChannel
                0x00000000080026d4      0x1f0 Drivers/STM32F1xx_HAL_Driver/Src/stm32f1xx_hal_adc.o
                0x00000000080026d4                HAL_ADC_ConfigChannel
 .text.ADC_ConversionStop_Disable
                0x00000000080028c4       0x74 Drivers/STM32F1xx_HAL_Driver/Src/stm32f1xx_hal_adc.o
                0x00000000080028c4                ADC_ConversionStop_Disable
 .text.__NVIC_SetPriorityGrouping
                0x0000000008002938       0x48 Drivers/STM32F1xx_HAL_Driver/Src/stm32f1xx_hal_cortex.o
 .text.__NVIC_GetPriorityGrouping
                0x0000000008002980       0x1c Drivers/STM32F1xx_HAL_Driver/Src/stm32f1xx_hal_cortex.o
 .text.__NVIC_SetPriority
                0x000000000800299c       0x54 Drivers/STM32F1xx_HAL_Driver/Src/stm32f1xx_hal_cortex.o
 .text.NVIC_EncodePriority
                0x00000000080029f0       0x64 Drivers/STM32F1xx_HAL_Driver/Src/stm32f1xx_hal_cortex.o
 .text.SysTick_Config
                0x0000000008002a54       0x44 Drivers/STM32F1xx_HAL_Driver/Src/stm32f1xx_hal_cortex.o
 .text.HAL_NVIC_SetPriorityGrouping
                0x0000000008002a98       0x16 Drivers/STM32F1xx_HAL_Driver/Src/stm32f1xx_hal_cortex.o
                0x0000000008002a98                HAL_NVIC_SetPriorityGrouping
 .text.HAL_NVIC_SetPriority
                0x0000000008002aae       0x38 Drivers/STM32F1xx_HAL_Driver/Src/stm32f1xx_hal_cortex.o
                0x0000000008002aae                HAL_NVIC_SetPriority
 .text.HAL_SYSTICK_Config
                0x0000000008002ae6       0x18 Drivers/STM32F1xx_HAL_Driver/Src/stm32f1xx_hal_cortex.o
                0x0000000008002ae6                HAL_SYSTICK_Config
 *fill*         0x0000000008002afe        0x2 
 .text.HAL_GPIO_Init
                0x0000000008002b00      0x2b4 Drivers/STM32F1xx_HAL_Driver/Src/stm32f1xx_hal_gpio.o
                0x0000000008002b00                HAL_GPIO_Init
 .text.HAL_GPIO_WritePin
                0x0000000008002db4       0x30 Drivers/STM32F1xx_HAL_Driver/Src/stm32f1xx_hal_gpio.o
                0x0000000008002db4                HAL_GPIO_WritePin
 .text.HAL_GPIO_TogglePin
                0x0000000008002de4       0x30 Drivers/STM32F1xx_HAL_Driver/Src/stm32f1xx_hal_gpio.o
                0x0000000008002de4                HAL_GPIO_TogglePin
 .text.HAL_I2C_Init
                0x0000000008002e14      0x250 Drivers/STM32F1xx_HAL_Driver/Src/stm32f1xx_hal_i2c.o
                0x0000000008002e14                HAL_I2C_Init
 .text.HAL_I2C_Master_Transmit
                0x0000000008003064      0x1fc Drivers/STM32F1xx_HAL_Driver/Src/stm32f1xx_hal_i2c.o
                0x0000000008003064                HAL_I2C_Master_Transmit
 .text.HAL_I2C_Master_Receive
                0x0000000008003260      0x45c Drivers/STM32F1xx_HAL_Driver/Src/stm32f1xx_hal_i2c.o
                0x0000000008003260                HAL_I2C_Master_Receive
 .text.I2C_MasterRequestWrite
                0x00000000080036bc       0xec Drivers/STM32F1xx_HAL_Driver/Src/stm32f1xx_hal_i2c.o
 .text.I2C_MasterRequestRead
                0x00000000080037a8      0x16c Drivers/STM32F1xx_HAL_Driver/Src/stm32f1xx_hal_i2c.o
 .text.I2C_WaitOnFlagUntilTimeout
                0x0000000008003914       0xae Drivers/STM32F1xx_HAL_Driver/Src/stm32f1xx_hal_i2c.o
 .text.I2C_WaitOnMasterAddressFlagUntilTimeout
                0x00000000080039c2       0xfe Drivers/STM32F1xx_HAL_Driver/Src/stm32f1xx_hal_i2c.o
 .text.I2C_WaitOnTXEFlagUntilTimeout
                0x0000000008003ac0       0x82 Drivers/STM32F1xx_HAL_Driver/Src/stm32f1xx_hal_i2c.o
 .text.I2C_WaitOnBTFFlagUntilTimeout
                0x0000000008003b42       0x82 Drivers/STM32F1xx_HAL_Driver/Src/stm32f1xx_hal_i2c.o
 .text.I2C_WaitOnRXNEFlagUntilTimeout
                0x0000000008003bc4       0xac Drivers/STM32F1xx_HAL_Driver/Src/stm32f1xx_hal_i2c.o
 .text.I2C_IsAcknowledgeFailed
                0x0000000008003c70       0x5c Drivers/STM32F1xx_HAL_Driver/Src/stm32f1xx_hal_i2c.o
 .text.HAL_RCC_OscConfig
                0x0000000008003ccc      0x500 Drivers/STM32F1xx_HAL_Driver/Src/stm32f1xx_hal_rcc.o
                0x0000000008003ccc                HAL_RCC_OscConfig
 .text.HAL_RCC_ClockConfig
                0x00000000080041cc      0x1d4 Drivers/STM32F1xx_HAL_Driver/Src/stm32f1xx_hal_rcc.o
                0x00000000080041cc                HAL_RCC_ClockConfig
 .text.HAL_RCC_GetSysClockFreq
                0x00000000080043a0       0xc4 Drivers/STM32F1xx_HAL_Driver/Src/stm32f1xx_hal_rcc.o
                0x00000000080043a0                HAL_RCC_GetSysClockFreq
 .text.HAL_RCC_GetHCLKFreq
                0x0000000008004464       0x14 Drivers/STM32F1xx_HAL_Driver/Src/stm32f1xx_hal_rcc.o
                0x0000000008004464                HAL_RCC_GetHCLKFreq
 .text.HAL_RCC_GetPCLK1Freq
                0x0000000008004478       0x28 Drivers/STM32F1xx_HAL_Driver/Src/stm32f1xx_hal_rcc.o
                0x0000000008004478                HAL_RCC_GetPCLK1Freq
 .text.HAL_RCC_GetPCLK2Freq
                0x00000000080044a0       0x28 Drivers/STM32F1xx_HAL_Driver/Src/stm32f1xx_hal_rcc.o
                0x00000000080044a0                HAL_RCC_GetPCLK2Freq
 .text.RCC_Delay
                0x00000000080044c8       0x3c Drivers/STM32F1xx_HAL_Driver/Src/stm32f1xx_hal_rcc.o
 .text.HAL_RCCEx_PeriphCLKConfig
                0x0000000008004504      0x16c Drivers/STM32F1xx_HAL_Driver/Src/stm32f1xx_hal_rcc_ex.o
                0x0000000008004504                HAL_RCCEx_PeriphCLKConfig
 .text.HAL_SPI_Init
                0x0000000008004670       0xc2 Drivers/STM32F1xx_HAL_Driver/Src/stm32f1xx_hal_spi.o
                0x0000000008004670                HAL_SPI_Init
 .text.HAL_SPI_Transmit
                0x0000000008004732      0x268 Drivers/STM32F1xx_HAL_Driver/Src/stm32f1xx_hal_spi.o
                0x0000000008004732                HAL_SPI_Transmit
 .text.HAL_SPI_Receive
                0x000000000800499a      0x212 Drivers/STM32F1xx_HAL_Driver/Src/stm32f1xx_hal_spi.o
                0x000000000800499a                HAL_SPI_Receive
 .text.HAL_SPI_TransmitReceive
                0x0000000008004bac      0x344 Drivers/STM32F1xx_HAL_Driver/Src/stm32f1xx_hal_spi.o
                0x0000000008004bac                HAL_SPI_TransmitReceive
 .text.SPI_WaitFlagStateUntilTimeout
                0x0000000008004ef0       0xd4 Drivers/STM32F1xx_HAL_Driver/Src/stm32f1xx_hal_spi.o
 .text.SPI_EndRxTransaction
                0x0000000008004fc4       0xa4 Drivers/STM32F1xx_HAL_Driver/Src/stm32f1xx_hal_spi.o
 .text.SPI_EndRxTxTransaction
                0x0000000008005068       0x3c Drivers/STM32F1xx_HAL_Driver/Src/stm32f1xx_hal_spi.o
 .text.HAL_TIM_PWM_Init
                0x00000000080050a4       0x56 Drivers/STM32F1xx_HAL_Driver/Src/stm32f1xx_hal_tim.o
                0x00000000080050a4                HAL_TIM_PWM_Init
 *fill*         0x00000000080050fa        0x2 
 .text.HAL_TIM_PWM_Start
                0x00000000080050fc       0x64 Drivers/STM32F1xx_HAL_Driver/Src/stm32f1xx_hal_tim.o
                0x00000000080050fc                HAL_TIM_PWM_Start
 .text.HAL_TIM_PWM_ConfigChannel
                0x0000000008005160      0x18c Drivers/STM32F1xx_HAL_Driver/Src/stm32f1xx_hal_tim.o
                0x0000000008005160                HAL_TIM_PWM_ConfigChannel
 .text.TIM_Base_SetConfig
                0x00000000080052ec       0xc4 Drivers/STM32F1xx_HAL_Driver/Src/stm32f1xx_hal_tim.o
                0x00000000080052ec                TIM_Base_SetConfig
 .text.TIM_OC1_SetConfig
                0x00000000080053b0       0xcc Drivers/STM32F1xx_HAL_Driver/Src/stm32f1xx_hal_tim.o
 .text.TIM_OC2_SetConfig
                0x000000000800547c       0xd4 Drivers/STM32F1xx_HAL_Driver/Src/stm32f1xx_hal_tim.o
                0x000000000800547c                TIM_OC2_SetConfig
 .text.TIM_OC3_SetConfig
                0x0000000008005550       0xd4 Drivers/STM32F1xx_HAL_Driver/Src/stm32f1xx_hal_tim.o
 .text.TIM_OC4_SetConfig
                0x0000000008005624       0x9c Drivers/STM32F1xx_HAL_Driver/Src/stm32f1xx_hal_tim.o
 .text.TIM_CCxChannelCmd
                0x00000000080056c0       0x48 Drivers/STM32F1xx_HAL_Driver/Src/stm32f1xx_hal_tim.o
                0x00000000080056c0                TIM_CCxChannelCmd
 .text.HAL_TIMEx_MasterConfigSynchronization
                0x0000000008005708       0x88 Drivers/STM32F1xx_HAL_Driver/Src/stm32f1xx_hal_tim_ex.o
                0x0000000008005708                HAL_TIMEx_MasterConfigSynchronization
 .text.HAL_UART_Init
                0x0000000008005790       0x9a Drivers/STM32F1xx_HAL_Driver/Src/stm32f1xx_hal_uart.o
                0x0000000008005790                HAL_UART_Init
 .text.HAL_UART_Transmit
                0x000000000800582a      0x132 Drivers/STM32F1xx_HAL_Driver/Src/stm32f1xx_hal_uart.o
                0x000000000800582a                HAL_UART_Transmit
 .text.UART_WaitOnFlagUntilTimeout
                0x000000000800595c       0x94 Drivers/STM32F1xx_HAL_Driver/Src/stm32f1xx_hal_uart.o
 .text.UART_SetConfig
                0x00000000080059f0      0x1b4 Drivers/STM32F1xx_HAL_Driver/Src/stm32f1xx_hal_uart.o
 .text.__errno  0x0000000008005ba4        0xc c:/st/stm32cubeide_1.3.0/stm32cubeide/plugins/com.st.stm32cube.ide.mcu.externaltools.gnu-tools-for-stm32.7-2018-q2-update.win32_1.0.0.201904181610/tools/bin/../lib/gcc/arm-none-eabi/7.3.1/../../../../arm-none-eabi/lib/thumb/v7-m\libc_nano.a(lib_a-errno.o)
                0x0000000008005ba4                __errno
 .text.__libc_init_array
                0x0000000008005bb0       0x48 c:/st/stm32cubeide_1.3.0/stm32cubeide/plugins/com.st.stm32cube.ide.mcu.externaltools.gnu-tools-for-stm32.7-2018-q2-update.win32_1.0.0.201904181610/tools/bin/../lib/gcc/arm-none-eabi/7.3.1/../../../../arm-none-eabi/lib/thumb/v7-m\libc_nano.a(lib_a-init.o)
                0x0000000008005bb0                __libc_init_array
 .text.memcpy   0x0000000008005bf8       0x16 c:/st/stm32cubeide_1.3.0/stm32cubeide/plugins/com.st.stm32cube.ide.mcu.externaltools.gnu-tools-for-stm32.7-2018-q2-update.win32_1.0.0.201904181610/tools/bin/../lib/gcc/arm-none-eabi/7.3.1/../../../../arm-none-eabi/lib/thumb/v7-m\libc_nano.a(lib_a-memcpy-stub.o)
                0x0000000008005bf8                memcpy
 .text.memset   0x0000000008005c0e       0x10 c:/st/stm32cubeide_1.3.0/stm32cubeide/plugins/com.st.stm32cube.ide.mcu.externaltools.gnu-tools-for-stm32.7-2018-q2-update.win32_1.0.0.201904181610/tools/bin/../lib/gcc/arm-none-eabi/7.3.1/../../../../arm-none-eabi/lib/thumb/v7-m\libc_nano.a(lib_a-memset.o)
                0x0000000008005c0e                memset
 *fill*         0x0000000008005c1e        0x2 
 .text.sprintf  0x0000000008005c20       0x40 c:/st/stm32cubeide_1.3.0/stm32cubeide/plugins/com.st.stm32cube.ide.mcu.externaltools.gnu-tools-for-stm32.7-2018-q2-update.win32_1.0.0.201904181610/tools/bin/../lib/gcc/arm-none-eabi/7.3.1/../../../../arm-none-eabi/lib/thumb/v7-m\libc_nano.a(lib_a-sprintf.o)
                0x0000000008005c20                siprintf
                0x0000000008005c20                sprintf
 .text.__ssputs_r
                0x0000000008005c60       0xb4 c:/st/stm32cubeide_1.3.0/stm32cubeide/plugins/com.st.stm32cube.ide.mcu.externaltools.gnu-tools-for-stm32.7-2018-q2-update.win32_1.0.0.201904181610/tools/bin/../lib/gcc/arm-none-eabi/7.3.1/../../../../arm-none-eabi/lib/thumb/v7-m\libc_nano.a(lib_a-nano-svfprintf.o)
                0x0000000008005c60                __ssputs_r
 .text._svfprintf_r
                0x0000000008005d14      0x1f0 c:/st/stm32cubeide_1.3.0/stm32cubeide/plugins/com.st.stm32cube.ide.mcu.externaltools.gnu-tools-for-stm32.7-2018-q2-update.win32_1.0.0.201904181610/tools/bin/../lib/gcc/arm-none-eabi/7.3.1/../../../../arm-none-eabi/lib/thumb/v7-m\libc_nano.a(lib_a-nano-svfprintf.o)
                0x0000000008005d14                _svfiprintf_r
                0x0000000008005d14                _svfprintf_r
 .text._printf_common
                0x0000000008005f04       0xec c:/st/stm32cubeide_1.3.0/stm32cubeide/plugins/com.st.stm32cube.ide.mcu.externaltools.gnu-tools-for-stm32.7-2018-q2-update.win32_1.0.0.201904181610/tools/bin/../lib/gcc/arm-none-eabi/7.3.1/../../../../arm-none-eabi/lib/thumb/v7-m\libc_nano.a(lib_a-nano-vfprintf_i.o)
                0x0000000008005f04                _printf_common
 .text._printf_i
                0x0000000008005ff0      0x224 c:/st/stm32cubeide_1.3.0/stm32cubeide/plugins/com.st.stm32cube.ide.mcu.externaltools.gnu-tools-for-stm32.7-2018-q2-update.win32_1.0.0.201904181610/tools/bin/../lib/gcc/arm-none-eabi/7.3.1/../../../../arm-none-eabi/lib/thumb/v7-m\libc_nano.a(lib_a-nano-vfprintf_i.o)
                0x0000000008005ff0                _printf_i
 .text.memchr   0x0000000008006214       0x1c c:/st/stm32cubeide_1.3.0/stm32cubeide/plugins/com.st.stm32cube.ide.mcu.externaltools.gnu-tools-for-stm32.7-2018-q2-update.win32_1.0.0.201904181610/tools/bin/../lib/gcc/arm-none-eabi/7.3.1/../../../../arm-none-eabi/lib/thumb/v7-m\libc_nano.a(lib_a-memchr-stub.o)
                0x0000000008006214                memchr
 .text.memmove  0x0000000008006230       0x32 c:/st/stm32cubeide_1.3.0/stm32cubeide/plugins/com.st.stm32cube.ide.mcu.externaltools.gnu-tools-for-stm32.7-2018-q2-update.win32_1.0.0.201904181610/tools/bin/../lib/gcc/arm-none-eabi/7.3.1/../../../../arm-none-eabi/lib/thumb/v7-m\libc_nano.a(lib_a-memmove.o)
                0x0000000008006230                memmove
 *fill*         0x0000000008006262        0x2 
 .text._free_r  0x0000000008006264       0x98 c:/st/stm32cubeide_1.3.0/stm32cubeide/plugins/com.st.stm32cube.ide.mcu.externaltools.gnu-tools-for-stm32.7-2018-q2-update.win32_1.0.0.201904181610/tools/bin/../lib/gcc/arm-none-eabi/7.3.1/../../../../arm-none-eabi/lib/thumb/v7-m\libc_nano.a(lib_a-nano-freer.o)
                0x0000000008006264                _free_r
 .text._malloc_r
                0x00000000080062fc       0xb4 c:/st/stm32cubeide_1.3.0/stm32cubeide/plugins/com.st.stm32cube.ide.mcu.externaltools.gnu-tools-for-stm32.7-2018-q2-update.win32_1.0.0.201904181610/tools/bin/../lib/gcc/arm-none-eabi/7.3.1/../../../../arm-none-eabi/lib/thumb/v7-m\libc_nano.a(lib_a-nano-mallocr.o)
                0x00000000080062fc                _malloc_r
 .text._realloc_r
                0x00000000080063b0       0x4c c:/st/stm32cubeide_1.3.0/stm32cubeide/plugins/com.st.stm32cube.ide.mcu.externaltools.gnu-tools-for-stm32.7-2018-q2-update.win32_1.0.0.201904181610/tools/bin/../lib/gcc/arm-none-eabi/7.3.1/../../../../arm-none-eabi/lib/thumb/v7-m\libc_nano.a(lib_a-nano-reallocr.o)
                0x00000000080063b0                _realloc_r
 .text._sbrk_r  0x00000000080063fc       0x20 c:/st/stm32cubeide_1.3.0/stm32cubeide/plugins/com.st.stm32cube.ide.mcu.externaltools.gnu-tools-for-stm32.7-2018-q2-update.win32_1.0.0.201904181610/tools/bin/../lib/gcc/arm-none-eabi/7.3.1/../../../../arm-none-eabi/lib/thumb/v7-m\libc_nano.a(lib_a-sbrkr.o)
                0x00000000080063fc                _sbrk_r
 .text.__malloc_lock
                0x000000000800641c        0x2 c:/st/stm32cubeide_1.3.0/stm32cubeide/plugins/com.st.stm32cube.ide.mcu.externaltools.gnu-tools-for-stm32.7-2018-q2-update.win32_1.0.0.201904181610/tools/bin/../lib/gcc/arm-none-eabi/7.3.1/../../../../arm-none-eabi/lib/thumb/v7-m\libc_nano.a(lib_a-mlock.o)
                0x000000000800641c                __malloc_lock
 .text.__malloc_unlock
                0x000000000800641e        0x2 c:/st/stm32cubeide_1.3.0/stm32cubeide/plugins/com.st.stm32cube.ide.mcu.externaltools.gnu-tools-for-stm32.7-2018-q2-update.win32_1.0.0.201904181610/tools/bin/../lib/gcc/arm-none-eabi/7.3.1/../../../../arm-none-eabi/lib/thumb/v7-m\libc_nano.a(lib_a-mlock.o)
                0x000000000800641e                __malloc_unlock
 .text._malloc_usable_size_r
                0x0000000008006420       0x10 c:/st/stm32cubeide_1.3.0/stm32cubeide/plugins/com.st.stm32cube.ide.mcu.externaltools.gnu-tools-for-stm32.7-2018-q2-update.win32_1.0.0.201904181610/tools/bin/../lib/gcc/arm-none-eabi/7.3.1/../../../../arm-none-eabi/lib/thumb/v7-m\libc_nano.a(lib_a-nano-msizer.o)
                0x0000000008006420                _malloc_usable_size_r
 *(.glue_7)
 .glue_7        0x0000000008006430        0x0 linker stubs
 *(.glue_7t)
 .glue_7t       0x0000000008006430        0x0 linker stubs
 *(.eh_frame)
 .eh_frame      0x0000000008006430        0x0 c:/st/stm32cubeide_1.3.0/stm32cubeide/plugins/com.st.stm32cube.ide.mcu.externaltools.gnu-tools-for-stm32.7-2018-q2-update.win32_1.0.0.201904181610/tools/bin/../lib/gcc/arm-none-eabi/7.3.1/thumb/v7-m/crtbegin.o
 *(.init)
 .init          0x0000000008006430        0x4 c:/st/stm32cubeide_1.3.0/stm32cubeide/plugins/com.st.stm32cube.ide.mcu.externaltools.gnu-tools-for-stm32.7-2018-q2-update.win32_1.0.0.201904181610/tools/bin/../lib/gcc/arm-none-eabi/7.3.1/thumb/v7-m/crti.o
                0x0000000008006430                _init
 .init          0x0000000008006434        0x8 c:/st/stm32cubeide_1.3.0/stm32cubeide/plugins/com.st.stm32cube.ide.mcu.externaltools.gnu-tools-for-stm32.7-2018-q2-update.win32_1.0.0.201904181610/tools/bin/../lib/gcc/arm-none-eabi/7.3.1/thumb/v7-m/crtn.o
 *(.fini)
 .fini          0x000000000800643c        0x4 c:/st/stm32cubeide_1.3.0/stm32cubeide/plugins/com.st.stm32cube.ide.mcu.externaltools.gnu-tools-for-stm32.7-2018-q2-update.win32_1.0.0.201904181610/tools/bin/../lib/gcc/arm-none-eabi/7.3.1/thumb/v7-m/crti.o
                0x000000000800643c                _fini
 .fini          0x0000000008006440        0x8 c:/st/stm32cubeide_1.3.0/stm32cubeide/plugins/com.st.stm32cube.ide.mcu.externaltools.gnu-tools-for-stm32.7-2018-q2-update.win32_1.0.0.201904181610/tools/bin/../lib/gcc/arm-none-eabi/7.3.1/thumb/v7-m/crtn.o
                0x0000000008006448                . = ALIGN (0x4)
                0x0000000008006448                _etext = .

.vfp11_veneer   0x0000000008006448        0x0
 .vfp11_veneer  0x0000000008006448        0x0 linker stubs

.v4_bx          0x0000000008006448        0x0
 .v4_bx         0x0000000008006448        0x0 linker stubs

.iplt           0x0000000008006448        0x0
 .iplt          0x0000000008006448        0x0 c:/st/stm32cubeide_1.3.0/stm32cubeide/plugins/com.st.stm32cube.ide.mcu.externaltools.gnu-tools-for-stm32.7-2018-q2-update.win32_1.0.0.201904181610/tools/bin/../lib/gcc/arm-none-eabi/7.3.1/thumb/v7-m/crtbegin.o

.rodata         0x0000000008006448      0x5a4
                0x0000000008006448                . = ALIGN (0x4)
 *(.rodata)
 .rodata        0x0000000008006448      0x541 Core/Src/MY_NRF24.o
 *fill*         0x0000000008006989        0x3 
 .rodata        0x000000000800698c       0x12 Drivers/STM32F1xx_HAL_Driver/Src/stm32f1xx_hal_rcc.o
 *(.rodata*)
 *fill*         0x000000000800699e        0x2 
 .rodata.AHBPrescTable
                0x00000000080069a0       0x10 Core/Src/system_stm32f1xx.o
                0x00000000080069a0                AHBPrescTable
 .rodata.APBPrescTable
                0x00000000080069b0        0x8 Core/Src/system_stm32f1xx.o
                0x00000000080069b0                APBPrescTable
 .rodata._svfprintf_r.str1.1
                0x00000000080069b8       0x11 c:/st/stm32cubeide_1.3.0/stm32cubeide/plugins/com.st.stm32cube.ide.mcu.externaltools.gnu-tools-for-stm32.7-2018-q2-update.win32_1.0.0.201904181610/tools/bin/../lib/gcc/arm-none-eabi/7.3.1/../../../../arm-none-eabi/lib/thumb/v7-m\libc_nano.a(lib_a-nano-svfprintf.o)
 .rodata._printf_i.str1.1
                0x00000000080069c9       0x22 c:/st/stm32cubeide_1.3.0/stm32cubeide/plugins/com.st.stm32cube.ide.mcu.externaltools.gnu-tools-for-stm32.7-2018-q2-update.win32_1.0.0.201904181610/tools/bin/../lib/gcc/arm-none-eabi/7.3.1/../../../../arm-none-eabi/lib/thumb/v7-m\libc_nano.a(lib_a-nano-vfprintf_i.o)
                0x00000000080069ec                . = ALIGN (0x4)
 *fill*         0x00000000080069eb        0x1 

.rel.dyn        0x00000000080069ec        0x0
 .rel.iplt      0x00000000080069ec        0x0 c:/st/stm32cubeide_1.3.0/stm32cubeide/plugins/com.st.stm32cube.ide.mcu.externaltools.gnu-tools-for-stm32.7-2018-q2-update.win32_1.0.0.201904181610/tools/bin/../lib/gcc/arm-none-eabi/7.3.1/thumb/v7-m/crtbegin.o

.ARM.extab      0x00000000080069ec        0x0
                0x00000000080069ec                . = ALIGN (0x4)
 *(.ARM.extab* .gnu.linkonce.armextab.*)
                0x00000000080069ec                . = ALIGN (0x4)

.ARM            0x00000000080069ec        0x0
                0x00000000080069ec                . = ALIGN (0x4)
                0x00000000080069ec                __exidx_start = .
 *(.ARM.exidx*)
                0x00000000080069ec                __exidx_end = .
                0x00000000080069ec                . = ALIGN (0x4)

.preinit_array  0x00000000080069ec        0x0
                0x00000000080069ec                . = ALIGN (0x4)
                0x00000000080069ec                PROVIDE (__preinit_array_start = .)
 *(.preinit_array*)
                0x00000000080069ec                PROVIDE (__preinit_array_end = .)
                0x00000000080069ec                . = ALIGN (0x4)

.init_array     0x00000000080069ec        0x4
                0x00000000080069ec                . = ALIGN (0x4)
                0x00000000080069ec                PROVIDE (__init_array_start = .)
 *(SORT_BY_NAME(.init_array.*))
 *(.init_array*)
 .init_array    0x00000000080069ec        0x4 c:/st/stm32cubeide_1.3.0/stm32cubeide/plugins/com.st.stm32cube.ide.mcu.externaltools.gnu-tools-for-stm32.7-2018-q2-update.win32_1.0.0.201904181610/tools/bin/../lib/gcc/arm-none-eabi/7.3.1/thumb/v7-m/crtbegin.o
                0x00000000080069f0                PROVIDE (__init_array_end = .)
                0x00000000080069f0                . = ALIGN (0x4)

.fini_array     0x00000000080069f0        0x4
                0x00000000080069f0                . = ALIGN (0x4)
                [!provide]                        PROVIDE (__fini_array_start = .)
 *(SORT_BY_NAME(.fini_array.*))
 *(.fini_array*)
 .fini_array    0x00000000080069f0        0x4 c:/st/stm32cubeide_1.3.0/stm32cubeide/plugins/com.st.stm32cube.ide.mcu.externaltools.gnu-tools-for-stm32.7-2018-q2-update.win32_1.0.0.201904181610/tools/bin/../lib/gcc/arm-none-eabi/7.3.1/thumb/v7-m/crtbegin.o
                [!provide]                        PROVIDE (__fini_array_end = .)
                0x00000000080069f4                . = ALIGN (0x4)
                0x00000000080069f4                _sidata = LOADADDR (.data)

.data           0x0000000020000000       0x78 load address 0x00000000080069f4
                0x0000000020000000                . = ALIGN (0x4)
                0x0000000020000000                _sdata = .
 *(.data)
 *(.data*)
 .data.PipeAddres
                0x0000000020000000        0x8 Core/Src/main.o
                0x0000000020000000                PipeAddres
 .data.SystemCoreClock
                0x0000000020000008        0x4 Core/Src/system_stm32f1xx.o
                0x0000000020000008                SystemCoreClock
 .data.uwTickPrio
                0x000000002000000c        0x4 Drivers/STM32F1xx_HAL_Driver/Src/stm32f1xx_hal.o
                0x000000002000000c                uwTickPrio
 .data.uwTickFreq
                0x0000000020000010        0x1 Drivers/STM32F1xx_HAL_Driver/Src/stm32f1xx_hal.o
                0x0000000020000010                uwTickFreq
 *fill*         0x0000000020000011        0x3 
 .data._impure_ptr
                0x0000000020000014        0x4 c:/st/stm32cubeide_1.3.0/stm32cubeide/plugins/com.st.stm32cube.ide.mcu.externaltools.gnu-tools-for-stm32.7-2018-q2-update.win32_1.0.0.201904181610/tools/bin/../lib/gcc/arm-none-eabi/7.3.1/../../../../arm-none-eabi/lib/thumb/v7-m\libc_nano.a(lib_a-impure.o)
                0x0000000020000014                _impure_ptr
 .data.impure_data
                0x0000000020000018       0x60 c:/st/stm32cubeide_1.3.0/stm32cubeide/plugins/com.st.stm32cube.ide.mcu.externaltools.gnu-tools-for-stm32.7-2018-q2-update.win32_1.0.0.201904181610/tools/bin/../lib/gcc/arm-none-eabi/7.3.1/../../../../arm-none-eabi/lib/thumb/v7-m\libc_nano.a(lib_a-impure.o)
                0x0000000020000078                . = ALIGN (0x4)
                0x0000000020000078                _edata = .

.igot.plt       0x0000000020000078        0x0 load address 0x0000000008006a6c
 .igot.plt      0x0000000020000078        0x0 c:/st/stm32cubeide_1.3.0/stm32cubeide/plugins/com.st.stm32cube.ide.mcu.externaltools.gnu-tools-for-stm32.7-2018-q2-update.win32_1.0.0.201904181610/tools/bin/../lib/gcc/arm-none-eabi/7.3.1/thumb/v7-m/crtbegin.o
                0x0000000020000078                . = ALIGN (0x4)

.bss            0x0000000020000078      0x298 load address 0x0000000008006a6c
                0x0000000020000078                _sbss = .
                0x0000000020000078                __bss_start__ = _sbss
 *(.bss)
 .bss           0x0000000020000078       0x1c c:/st/stm32cubeide_1.3.0/stm32cubeide/plugins/com.st.stm32cube.ide.mcu.externaltools.gnu-tools-for-stm32.7-2018-q2-update.win32_1.0.0.201904181610/tools/bin/../lib/gcc/arm-none-eabi/7.3.1/thumb/v7-m/crtbegin.o
 *(.bss*)
 .bss.ack_payload_available
                0x0000000020000094        0x1 Core/Src/MY_NRF24.o
 .bss.ack_payload_length
                0x0000000020000095        0x1 Core/Src/MY_NRF24.o
 .bss.payload_size
                0x0000000020000096        0x1 Core/Src/MY_NRF24.o
 .bss.dynamic_payloads_enabled
                0x0000000020000097        0x1 Core/Src/MY_NRF24.o
 .bss.wide_band
                0x0000000020000098        0x1 Core/Src/MY_NRF24.o
 *fill*         0x0000000020000099        0x3 
 .bss.nrf24_PORT
                0x000000002000009c        0x4 Core/Src/MY_NRF24.o
 .bss.nrf24_CSN_PIN
                0x00000000200000a0        0x2 Core/Src/MY_NRF24.o
 .bss.nrf24_CE_PIN
                0x00000000200000a2        0x2 Core/Src/MY_NRF24.o
 .bss.nrf24_hspi
                0x00000000200000a4       0x58 Core/Src/MY_NRF24.o
 .bss.nrf24_huart
                0x00000000200000fc       0x40 Core/Src/MY_NRF24.o
 .bss.i2cHandler
                0x000000002000013c       0x54 Core/Src/TJ_MPU6050.o
 .bss.accelScalingFactor
                0x0000000020000190        0x4 Core/Src/TJ_MPU6050.o
 .bss.gyroScalingFactor
                0x0000000020000194        0x4 Core/Src/TJ_MPU6050.o
 .bss.GyroRW    0x0000000020000198        0x6 Core/Src/TJ_MPU6050.o
 *fill*         0x000000002000019e        0x2 
 .bss.heap_end.5149
                0x00000000200001a0        0x4 Core/Src/sysmem.o
 .bss.__malloc_free_list
                0x00000000200001a4        0x4 c:/st/stm32cubeide_1.3.0/stm32cubeide/plugins/com.st.stm32cube.ide.mcu.externaltools.gnu-tools-for-stm32.7-2018-q2-update.win32_1.0.0.201904181610/tools/bin/../lib/gcc/arm-none-eabi/7.3.1/../../../../arm-none-eabi/lib/thumb/v7-m\libc_nano.a(lib_a-nano-mallocr.o)
                0x00000000200001a4                __malloc_free_list
 .bss.__malloc_sbrk_start
                0x00000000200001a8        0x4 c:/st/stm32cubeide_1.3.0/stm32cubeide/plugins/com.st.stm32cube.ide.mcu.externaltools.gnu-tools-for-stm32.7-2018-q2-update.win32_1.0.0.201904181610/tools/bin/../lib/gcc/arm-none-eabi/7.3.1/../../../../arm-none-eabi/lib/thumb/v7-m\libc_nano.a(lib_a-nano-mallocr.o)
                0x00000000200001a8                __malloc_sbrk_start
 *(COMMON)
 COMMON         0x00000000200001ac      0x15c Core/Src/main.o
                0x00000000200001ac                htim4
                0x00000000200001ec                hi2c2
                0x0000000020000240                hadc1
                0x0000000020000270                huart1
                0x00000000200002b0                hspi1
 COMMON         0x0000000020000308        0x4 Drivers/STM32F1xx_HAL_Driver/Src/stm32f1xx_hal.o
                0x0000000020000308                uwTick
 COMMON         0x000000002000030c        0x4 c:/st/stm32cubeide_1.3.0/stm32cubeide/plugins/com.st.stm32cube.ide.mcu.externaltools.gnu-tools-for-stm32.7-2018-q2-update.win32_1.0.0.201904181610/tools/bin/../lib/gcc/arm-none-eabi/7.3.1/../../../../arm-none-eabi/lib/thumb/v7-m\libc_nano.a(lib_a-reent.o)
                0x000000002000030c                errno
                0x0000000020000310                . = ALIGN (0x4)
                0x0000000020000310                _ebss = .
                0x0000000020000310                __bss_end__ = _ebss

._user_heap_stack
                0x0000000020000310      0x600 load address 0x0000000008006a6c
                0x0000000020000310                . = ALIGN (0x8)
                0x0000000020000310                PROVIDE (end = .)
                [!provide]                        PROVIDE (_end = .)
                0x0000000020000510                . = (. + _Min_Heap_Size)
 *fill*         0x0000000020000310      0x200 
                0x0000000020000910                . = (. + _Min_Stack_Size)
 *fill*         0x0000000020000510      0x400 
                0x0000000020000910                . = ALIGN (0x8)

/DISCARD/
 libc.a(*)
 libm.a(*)
 libgcc.a(*)

.ARM.attributes
                0x0000000000000000       0x29
 *(.ARM.attributes)
 .ARM.attributes
                0x0000000000000000       0x1d c:/st/stm32cubeide_1.3.0/stm32cubeide/plugins/com.st.stm32cube.ide.mcu.externaltools.gnu-tools-for-stm32.7-2018-q2-update.win32_1.0.0.201904181610/tools/bin/../lib/gcc/arm-none-eabi/7.3.1/thumb/v7-m/crti.o
 .ARM.attributes
                0x000000000000001d       0x2d c:/st/stm32cubeide_1.3.0/stm32cubeide/plugins/com.st.stm32cube.ide.mcu.externaltools.gnu-tools-for-stm32.7-2018-q2-update.win32_1.0.0.201904181610/tools/bin/../lib/gcc/arm-none-eabi/7.3.1/thumb/v7-m/crtbegin.o
 .ARM.attributes
                0x000000000000004a       0x33 Core/Src/MY_NRF24.o
 .ARM.attributes
                0x000000000000007d       0x33 Core/Src/TJ_MPU6050.o
 .ARM.attributes
                0x00000000000000b0       0x33 Core/Src/main.o
 .ARM.attributes
                0x00000000000000e3       0x33 Core/Src/stm32f1xx_hal_msp.o
 .ARM.attributes
                0x0000000000000116       0x33 Core/Src/stm32f1xx_it.o
 .ARM.attributes
                0x0000000000000149       0x33 Core/Src/sysmem.o
 .ARM.attributes
                0x000000000000017c       0x33 Core/Src/system_stm32f1xx.o
 .ARM.attributes
                0x00000000000001af       0x21 Core/Startup/startup_stm32f103cbtx.o
 .ARM.attributes
                0x00000000000001d0       0x33 Drivers/STM32F1xx_HAL_Driver/Src/stm32f1xx_hal.o
 .ARM.attributes
                0x0000000000000203       0x33 Drivers/STM32F1xx_HAL_Driver/Src/stm32f1xx_hal_adc.o
 .ARM.attributes
                0x0000000000000236       0x33 Drivers/STM32F1xx_HAL_Driver/Src/stm32f1xx_hal_cortex.o
 .ARM.attributes
                0x0000000000000269       0x33 Drivers/STM32F1xx_HAL_Driver/Src/stm32f1xx_hal_gpio.o
 .ARM.attributes
                0x000000000000029c       0x33 Drivers/STM32F1xx_HAL_Driver/Src/stm32f1xx_hal_i2c.o
 .ARM.attributes
                0x00000000000002cf       0x33 Drivers/STM32F1xx_HAL_Driver/Src/stm32f1xx_hal_rcc.o
 .ARM.attributes
                0x0000000000000302       0x33 Drivers/STM32F1xx_HAL_Driver/Src/stm32f1xx_hal_rcc_ex.o
 .ARM.attributes
                0x0000000000000335       0x33 Drivers/STM32F1xx_HAL_Driver/Src/stm32f1xx_hal_spi.o
 .ARM.attributes
                0x0000000000000368       0x33 Drivers/STM32F1xx_HAL_Driver/Src/stm32f1xx_hal_tim.o
 .ARM.attributes
                0x000000000000039b       0x33 Drivers/STM32F1xx_HAL_Driver/Src/stm32f1xx_hal_tim_ex.o
 .ARM.attributes
                0x00000000000003ce       0x33 Drivers/STM32F1xx_HAL_Driver/Src/stm32f1xx_hal_uart.o
 .ARM.attributes
                0x0000000000000401       0x2d c:/st/stm32cubeide_1.3.0/stm32cubeide/plugins/com.st.stm32cube.ide.mcu.externaltools.gnu-tools-for-stm32.7-2018-q2-update.win32_1.0.0.201904181610/tools/bin/../lib/gcc/arm-none-eabi/7.3.1/../../../../arm-none-eabi/lib/thumb/v7-m\libc_nano.a(lib_a-errno.o)
 .ARM.attributes
                0x000000000000042e       0x2d c:/st/stm32cubeide_1.3.0/stm32cubeide/plugins/com.st.stm32cube.ide.mcu.externaltools.gnu-tools-for-stm32.7-2018-q2-update.win32_1.0.0.201904181610/tools/bin/../lib/gcc/arm-none-eabi/7.3.1/../../../../arm-none-eabi/lib/thumb/v7-m\libc_nano.a(lib_a-impure.o)
 .ARM.attributes
                0x000000000000045b       0x2d c:/st/stm32cubeide_1.3.0/stm32cubeide/plugins/com.st.stm32cube.ide.mcu.externaltools.gnu-tools-for-stm32.7-2018-q2-update.win32_1.0.0.201904181610/tools/bin/../lib/gcc/arm-none-eabi/7.3.1/../../../../arm-none-eabi/lib/thumb/v7-m\libc_nano.a(lib_a-init.o)
 .ARM.attributes
                0x0000000000000488       0x2d c:/st/stm32cubeide_1.3.0/stm32cubeide/plugins/com.st.stm32cube.ide.mcu.externaltools.gnu-tools-for-stm32.7-2018-q2-update.win32_1.0.0.201904181610/tools/bin/../lib/gcc/arm-none-eabi/7.3.1/../../../../arm-none-eabi/lib/thumb/v7-m\libc_nano.a(lib_a-memcpy-stub.o)
 .ARM.attributes
                0x00000000000004b5       0x2d c:/st/stm32cubeide_1.3.0/stm32cubeide/plugins/com.st.stm32cube.ide.mcu.externaltools.gnu-tools-for-stm32.7-2018-q2-update.win32_1.0.0.201904181610/tools/bin/../lib/gcc/arm-none-eabi/7.3.1/../../../../arm-none-eabi/lib/thumb/v7-m\libc_nano.a(lib_a-memset.o)
 .ARM.attributes
                0x00000000000004e2       0x2d c:/st/stm32cubeide_1.3.0/stm32cubeide/plugins/com.st.stm32cube.ide.mcu.externaltools.gnu-tools-for-stm32.7-2018-q2-update.win32_1.0.0.201904181610/tools/bin/../lib/gcc/arm-none-eabi/7.3.1/../../../../arm-none-eabi/lib/thumb/v7-m\libc_nano.a(lib_a-sprintf.o)
 .ARM.attributes
                0x000000000000050f       0x17 c:/st/stm32cubeide_1.3.0/stm32cubeide/plugins/com.st.stm32cube.ide.mcu.externaltools.gnu-tools-for-stm32.7-2018-q2-update.win32_1.0.0.201904181610/tools/bin/../lib/gcc/arm-none-eabi/7.3.1/../../../../arm-none-eabi/lib/thumb/v7-m\libc_nano.a(lib_a-strlen.o)
 .ARM.attributes
                0x0000000000000526       0x2d c:/st/stm32cubeide_1.3.0/stm32cubeide/plugins/com.st.stm32cube.ide.mcu.externaltools.gnu-tools-for-stm32.7-2018-q2-update.win32_1.0.0.201904181610/tools/bin/../lib/gcc/arm-none-eabi/7.3.1/../../../../arm-none-eabi/lib/thumb/v7-m\libc_nano.a(lib_a-nano-svfprintf.o)
 .ARM.attributes
                0x0000000000000553       0x2d c:/st/stm32cubeide_1.3.0/stm32cubeide/plugins/com.st.stm32cube.ide.mcu.externaltools.gnu-tools-for-stm32.7-2018-q2-update.win32_1.0.0.201904181610/tools/bin/../lib/gcc/arm-none-eabi/7.3.1/../../../../arm-none-eabi/lib/thumb/v7-m\libc_nano.a(lib_a-nano-vfprintf_i.o)
 .ARM.attributes
                0x0000000000000580       0x2d c:/st/stm32cubeide_1.3.0/stm32cubeide/plugins/com.st.stm32cube.ide.mcu.externaltools.gnu-tools-for-stm32.7-2018-q2-update.win32_1.0.0.201904181610/tools/bin/../lib/gcc/arm-none-eabi/7.3.1/../../../../arm-none-eabi/lib/thumb/v7-m\libc_nano.a(lib_a-memchr-stub.o)
 .ARM.attributes
                0x00000000000005ad       0x2d c:/st/stm32cubeide_1.3.0/stm32cubeide/plugins/com.st.stm32cube.ide.mcu.externaltools.gnu-tools-for-stm32.7-2018-q2-update.win32_1.0.0.201904181610/tools/bin/../lib/gcc/arm-none-eabi/7.3.1/../../../../arm-none-eabi/lib/thumb/v7-m\libc_nano.a(lib_a-memmove.o)
 .ARM.attributes
                0x00000000000005da       0x2d c:/st/stm32cubeide_1.3.0/stm32cubeide/plugins/com.st.stm32cube.ide.mcu.externaltools.gnu-tools-for-stm32.7-2018-q2-update.win32_1.0.0.201904181610/tools/bin/../lib/gcc/arm-none-eabi/7.3.1/../../../../arm-none-eabi/lib/thumb/v7-m\libc_nano.a(lib_a-nano-freer.o)
 .ARM.attributes
                0x0000000000000607       0x2d c:/st/stm32cubeide_1.3.0/stm32cubeide/plugins/com.st.stm32cube.ide.mcu.externaltools.gnu-tools-for-stm32.7-2018-q2-update.win32_1.0.0.201904181610/tools/bin/../lib/gcc/arm-none-eabi/7.3.1/../../../../arm-none-eabi/lib/thumb/v7-m\libc_nano.a(lib_a-nano-mallocr.o)
 .ARM.attributes
                0x0000000000000634       0x2d c:/st/stm32cubeide_1.3.0/stm32cubeide/plugins/com.st.stm32cube.ide.mcu.externaltools.gnu-tools-for-stm32.7-2018-q2-update.win32_1.0.0.201904181610/tools/bin/../lib/gcc/arm-none-eabi/7.3.1/../../../../arm-none-eabi/lib/thumb/v7-m\libc_nano.a(lib_a-nano-reallocr.o)
 .ARM.attributes
                0x0000000000000661       0x2d c:/st/stm32cubeide_1.3.0/stm32cubeide/plugins/com.st.stm32cube.ide.mcu.externaltools.gnu-tools-for-stm32.7-2018-q2-update.win32_1.0.0.201904181610/tools/bin/../lib/gcc/arm-none-eabi/7.3.1/../../../../arm-none-eabi/lib/thumb/v7-m\libc_nano.a(lib_a-sbrkr.o)
 .ARM.attributes
                0x000000000000068e       0x2d c:/st/stm32cubeide_1.3.0/stm32cubeide/plugins/com.st.stm32cube.ide.mcu.externaltools.gnu-tools-for-stm32.7-2018-q2-update.win32_1.0.0.201904181610/tools/bin/../lib/gcc/arm-none-eabi/7.3.1/../../../../arm-none-eabi/lib/thumb/v7-m\libc_nano.a(lib_a-mlock.o)
 .ARM.attributes
                0x00000000000006bb       0x2d c:/st/stm32cubeide_1.3.0/stm32cubeide/plugins/com.st.stm32cube.ide.mcu.externaltools.gnu-tools-for-stm32.7-2018-q2-update.win32_1.0.0.201904181610/tools/bin/../lib/gcc/arm-none-eabi/7.3.1/../../../../arm-none-eabi/lib/thumb/v7-m\libc_nano.a(lib_a-nano-msizer.o)
 .ARM.attributes
                0x00000000000006e8       0x2d c:/st/stm32cubeide_1.3.0/stm32cubeide/plugins/com.st.stm32cube.ide.mcu.externaltools.gnu-tools-for-stm32.7-2018-q2-update.win32_1.0.0.201904181610/tools/bin/../lib/gcc/arm-none-eabi/7.3.1/../../../../arm-none-eabi/lib/thumb/v7-m\libc_nano.a(lib_a-reent.o)
 .ARM.attributes
                0x0000000000000715       0x1d c:/st/stm32cubeide_1.3.0/stm32cubeide/plugins/com.st.stm32cube.ide.mcu.externaltools.gnu-tools-for-stm32.7-2018-q2-update.win32_1.0.0.201904181610/tools/bin/../lib/gcc/arm-none-eabi/7.3.1/thumb/v7-m/crtn.o
OUTPUT(Mic.elf elf32-littlearm)

.debug_info     0x0000000000000000    0x12781
 .debug_info    0x0000000000000000     0x1d69 Core/Src/MY_NRF24.o
 .debug_info    0x0000000000001d69     0x13aa Core/Src/TJ_MPU6050.o
 .debug_info    0x0000000000003113     0x2109 Core/Src/main.o
 .debug_info    0x000000000000521c     0x13c9 Core/Src/stm32f1xx_hal_msp.o
 .debug_info    0x00000000000065e5      0x1fa Core/Src/stm32f1xx_it.o
 .debug_info    0x00000000000067df      0x91c Core/Src/sysmem.o
 .debug_info    0x00000000000070fb      0x433 Core/Src/system_stm32f1xx.o
 .debug_info    0x000000000000752e       0x22 Core/Startup/startup_stm32f103cbtx.o
 .debug_info    0x0000000000007550      0x6fe Drivers/STM32F1xx_HAL_Driver/Src/stm32f1xx_hal.o
 .debug_info    0x0000000000007c4e      0xc61 Drivers/STM32F1xx_HAL_Driver/Src/stm32f1xx_hal_adc.o
 .debug_info    0x00000000000088af      0xb46 Drivers/STM32F1xx_HAL_Driver/Src/stm32f1xx_hal_cortex.o
 .debug_info    0x00000000000093f5      0x681 Drivers/STM32F1xx_HAL_Driver/Src/stm32f1xx_hal_gpio.o
 .debug_info    0x0000000000009a76     0x2457 Drivers/STM32F1xx_HAL_Driver/Src/stm32f1xx_hal_i2c.o
 .debug_info    0x000000000000becd      0x804 Drivers/STM32F1xx_HAL_Driver/Src/stm32f1xx_hal_rcc.o
 .debug_info    0x000000000000c6d1      0x439 Drivers/STM32F1xx_HAL_Driver/Src/stm32f1xx_hal_rcc_ex.o
 .debug_info    0x000000000000cb0a     0x153a Drivers/STM32F1xx_HAL_Driver/Src/stm32f1xx_hal_spi.o
 .debug_info    0x000000000000e044     0x2456 Drivers/STM32F1xx_HAL_Driver/Src/stm32f1xx_hal_tim.o
 .debug_info    0x000000000001049a     0x1104 Drivers/STM32F1xx_HAL_Driver/Src/stm32f1xx_hal_tim_ex.o
 .debug_info    0x000000000001159e     0x11e3 Drivers/STM32F1xx_HAL_Driver/Src/stm32f1xx_hal_uart.o

.debug_abbrev   0x0000000000000000     0x2572
 .debug_abbrev  0x0000000000000000      0x34c Core/Src/MY_NRF24.o
 .debug_abbrev  0x000000000000034c      0x250 Core/Src/TJ_MPU6050.o
 .debug_abbrev  0x000000000000059c      0x2fe Core/Src/main.o
 .debug_abbrev  0x000000000000089a      0x1ef Core/Src/stm32f1xx_hal_msp.o
 .debug_abbrev  0x0000000000000a89       0xc6 Core/Src/stm32f1xx_it.o
 .debug_abbrev  0x0000000000000b4f      0x1bb Core/Src/sysmem.o
 .debug_abbrev  0x0000000000000d0a      0x134 Core/Src/system_stm32f1xx.o
 .debug_abbrev  0x0000000000000e3e       0x12 Core/Startup/startup_stm32f103cbtx.o
 .debug_abbrev  0x0000000000000e50      0x1d8 Drivers/STM32F1xx_HAL_Driver/Src/stm32f1xx_hal.o
 .debug_abbrev  0x0000000000001028      0x1d5 Drivers/STM32F1xx_HAL_Driver/Src/stm32f1xx_hal_adc.o
 .debug_abbrev  0x00000000000011fd      0x2d5 Drivers/STM32F1xx_HAL_Driver/Src/stm32f1xx_hal_cortex.o
 .debug_abbrev  0x00000000000014d2      0x1c0 Drivers/STM32F1xx_HAL_Driver/Src/stm32f1xx_hal_gpio.o
 .debug_abbrev  0x0000000000001692      0x258 Drivers/STM32F1xx_HAL_Driver/Src/stm32f1xx_hal_i2c.o
 .debug_abbrev  0x00000000000018ea      0x243 Drivers/STM32F1xx_HAL_Driver/Src/stm32f1xx_hal_rcc.o
 .debug_abbrev  0x0000000000001b2d      0x175 Drivers/STM32F1xx_HAL_Driver/Src/stm32f1xx_hal_rcc_ex.o
 .debug_abbrev  0x0000000000001ca2      0x240 Drivers/STM32F1xx_HAL_Driver/Src/stm32f1xx_hal_spi.o
 .debug_abbrev  0x0000000000001ee2      0x230 Drivers/STM32F1xx_HAL_Driver/Src/stm32f1xx_hal_tim.o
 .debug_abbrev  0x0000000000002112      0x21e Drivers/STM32F1xx_HAL_Driver/Src/stm32f1xx_hal_tim_ex.o
 .debug_abbrev  0x0000000000002330      0x242 Drivers/STM32F1xx_HAL_Driver/Src/stm32f1xx_hal_uart.o

.debug_aranges  0x0000000000000000     0x1330
 .debug_aranges
                0x0000000000000000      0x1d0 Core/Src/MY_NRF24.o
 .debug_aranges
                0x00000000000001d0       0x88 Core/Src/TJ_MPU6050.o
 .debug_aranges
                0x0000000000000258       0x80 Core/Src/main.o
 .debug_aranges
                0x00000000000002d8       0x78 Core/Src/stm32f1xx_hal_msp.o
 .debug_aranges
                0x0000000000000350       0x60 Core/Src/stm32f1xx_it.o
 .debug_aranges
                0x00000000000003b0       0x20 Core/Src/sysmem.o
 .debug_aranges
                0x00000000000003d0       0x28 Core/Src/system_stm32f1xx.o
 .debug_aranges
                0x00000000000003f8       0x28 Core/Startup/startup_stm32f103cbtx.o
 .debug_aranges
                0x0000000000000420       0xe0 Drivers/STM32F1xx_HAL_Driver/Src/stm32f1xx_hal.o
 .debug_aranges
                0x0000000000000500       0xf0 Drivers/STM32F1xx_HAL_Driver/Src/stm32f1xx_hal_adc.o
 .debug_aranges
                0x00000000000005f0      0x100 Drivers/STM32F1xx_HAL_Driver/Src/stm32f1xx_hal_cortex.o
 .debug_aranges
                0x00000000000006f0       0x58 Drivers/STM32F1xx_HAL_Driver/Src/stm32f1xx_hal_gpio.o
 .debug_aranges
                0x0000000000000748      0x290 Drivers/STM32F1xx_HAL_Driver/Src/stm32f1xx_hal_i2c.o
 .debug_aranges
                0x00000000000009d8       0x90 Drivers/STM32F1xx_HAL_Driver/Src/stm32f1xx_hal_rcc.o
 .debug_aranges
                0x0000000000000a68       0x30 Drivers/STM32F1xx_HAL_Driver/Src/stm32f1xx_hal_rcc_ex.o
 .debug_aranges
                0x0000000000000a98      0x1d0 Drivers/STM32F1xx_HAL_Driver/Src/stm32f1xx_hal_spi.o
 .debug_aranges
                0x0000000000000c68      0x3a8 Drivers/STM32F1xx_HAL_Driver/Src/stm32f1xx_hal_tim.o
 .debug_aranges
                0x0000000000001010      0x150 Drivers/STM32F1xx_HAL_Driver/Src/stm32f1xx_hal_tim_ex.o
 .debug_aranges
                0x0000000000001160      0x1d0 Drivers/STM32F1xx_HAL_Driver/Src/stm32f1xx_hal_uart.o

.debug_ranges   0x0000000000000000     0x1228
 .debug_ranges  0x0000000000000000      0x1c0 Core/Src/MY_NRF24.o
 .debug_ranges  0x00000000000001c0       0x78 Core/Src/TJ_MPU6050.o
 .debug_ranges  0x0000000000000238       0x70 Core/Src/main.o
 .debug_ranges  0x00000000000002a8       0x68 Core/Src/stm32f1xx_hal_msp.o
 .debug_ranges  0x0000000000000310       0x50 Core/Src/stm32f1xx_it.o
 .debug_ranges  0x0000000000000360       0x10 Core/Src/sysmem.o
 .debug_ranges  0x0000000000000370       0x18 Core/Src/system_stm32f1xx.o
 .debug_ranges  0x0000000000000388       0x20 Core/Startup/startup_stm32f103cbtx.o
 .debug_ranges  0x00000000000003a8       0xd0 Drivers/STM32F1xx_HAL_Driver/Src/stm32f1xx_hal.o
 .debug_ranges  0x0000000000000478       0xe0 Drivers/STM32F1xx_HAL_Driver/Src/stm32f1xx_hal_adc.o
 .debug_ranges  0x0000000000000558       0xf0 Drivers/STM32F1xx_HAL_Driver/Src/stm32f1xx_hal_cortex.o
 .debug_ranges  0x0000000000000648       0x48 Drivers/STM32F1xx_HAL_Driver/Src/stm32f1xx_hal_gpio.o
 .debug_ranges  0x0000000000000690      0x2a0 Drivers/STM32F1xx_HAL_Driver/Src/stm32f1xx_hal_i2c.o
 .debug_ranges  0x0000000000000930       0x80 Drivers/STM32F1xx_HAL_Driver/Src/stm32f1xx_hal_rcc.o
 .debug_ranges  0x00000000000009b0       0x20 Drivers/STM32F1xx_HAL_Driver/Src/stm32f1xx_hal_rcc_ex.o
 .debug_ranges  0x00000000000009d0      0x1c0 Drivers/STM32F1xx_HAL_Driver/Src/stm32f1xx_hal_spi.o
 .debug_ranges  0x0000000000000b90      0x398 Drivers/STM32F1xx_HAL_Driver/Src/stm32f1xx_hal_tim.o
 .debug_ranges  0x0000000000000f28      0x140 Drivers/STM32F1xx_HAL_Driver/Src/stm32f1xx_hal_tim_ex.o
 .debug_ranges  0x0000000000001068      0x1c0 Drivers/STM32F1xx_HAL_Driver/Src/stm32f1xx_hal_uart.o

.debug_macro    0x0000000000000000    0x15f78
 .debug_macro   0x0000000000000000      0x2d9 Core/Src/MY_NRF24.o
 .debug_macro   0x00000000000002d9      0xa5a Core/Src/MY_NRF24.o
 .debug_macro   0x0000000000000d33      0x22d Core/Src/MY_NRF24.o
 .debug_macro   0x0000000000000f60       0x2e Core/Src/MY_NRF24.o
 .debug_macro   0x0000000000000f8e       0x22 Core/Src/MY_NRF24.o
 .debug_macro   0x0000000000000fb0       0x22 Core/Src/MY_NRF24.o
 .debug_macro   0x0000000000000fd2       0x8e Core/Src/MY_NRF24.o
 .debug_macro   0x0000000000001060       0x51 Core/Src/MY_NRF24.o
 .debug_macro   0x00000000000010b1       0xef Core/Src/MY_NRF24.o
 .debug_macro   0x00000000000011a0       0x6a Core/Src/MY_NRF24.o
 .debug_macro   0x000000000000120a      0x1df Core/Src/MY_NRF24.o
 .debug_macro   0x00000000000013e9       0x1c Core/Src/MY_NRF24.o
 .debug_macro   0x0000000000001405       0x22 Core/Src/MY_NRF24.o
 .debug_macro   0x0000000000001427       0xc3 Core/Src/MY_NRF24.o
 .debug_macro   0x00000000000014ea      0xd23 Core/Src/MY_NRF24.o
 .debug_macro   0x000000000000220d     0xe09e Core/Src/MY_NRF24.o
 .debug_macro   0x00000000000102ab       0x43 Core/Src/MY_NRF24.o
 .debug_macro   0x00000000000102ee      0x174 Core/Src/MY_NRF24.o
 .debug_macro   0x0000000000010462       0x5a Core/Src/MY_NRF24.o
 .debug_macro   0x00000000000104bc      0x5be Core/Src/MY_NRF24.o
 .debug_macro   0x0000000000010a7a      0x289 Core/Src/MY_NRF24.o
 .debug_macro   0x0000000000010d03      0x1cb Core/Src/MY_NRF24.o
 .debug_macro   0x0000000000010ece      0x114 Core/Src/MY_NRF24.o
 .debug_macro   0x0000000000010fe2      0x1b2 Core/Src/MY_NRF24.o
 .debug_macro   0x0000000000011194       0x27 Core/Src/MY_NRF24.o
 .debug_macro   0x00000000000111bb      0x136 Core/Src/MY_NRF24.o
 .debug_macro   0x00000000000112f1      0x1bc Core/Src/MY_NRF24.o
 .debug_macro   0x00000000000114ad       0x34 Core/Src/MY_NRF24.o
 .debug_macro   0x00000000000114e1       0x3c Core/Src/MY_NRF24.o
 .debug_macro   0x000000000001151d       0x57 Core/Src/MY_NRF24.o
 .debug_macro   0x0000000000011574      0x46a Core/Src/MY_NRF24.o
 .debug_macro   0x00000000000119de      0x1b5 Core/Src/MY_NRF24.o
 .debug_macro   0x0000000000011b93       0x88 Core/Src/MY_NRF24.o
 .debug_macro   0x0000000000011c1b      0x241 Core/Src/MY_NRF24.o
 .debug_macro   0x0000000000011e5c      0x280 Core/Src/MY_NRF24.o
 .debug_macro   0x00000000000120dc      0x141 Core/Src/MY_NRF24.o
 .debug_macro   0x000000000001221d      0x217 Core/Src/MY_NRF24.o
 .debug_macro   0x0000000000012434      0x88b Core/Src/MY_NRF24.o
 .debug_macro   0x0000000000012cbf      0x26b Core/Src/MY_NRF24.o
 .debug_macro   0x0000000000012f2a       0x83 Core/Src/MY_NRF24.o
 .debug_macro   0x0000000000012fad      0x226 Core/Src/MY_NRF24.o
 .debug_macro   0x00000000000131d3       0x18 Core/Src/MY_NRF24.o
 .debug_macro   0x00000000000131eb       0x46 Core/Src/MY_NRF24.o
 .debug_macro   0x0000000000013231       0x3c Core/Src/MY_NRF24.o
 .debug_macro   0x000000000001326d       0x34 Core/Src/MY_NRF24.o
 .debug_macro   0x00000000000132a1       0x16 Core/Src/MY_NRF24.o
 .debug_macro   0x00000000000132b7       0x35 Core/Src/MY_NRF24.o
 .debug_macro   0x00000000000132ec       0x52 Core/Src/MY_NRF24.o
 .debug_macro   0x000000000001333e       0x1f Core/Src/MY_NRF24.o
 .debug_macro   0x000000000001335d       0x43 Core/Src/MY_NRF24.o
 .debug_macro   0x00000000000133a0       0x20 Core/Src/MY_NRF24.o
 .debug_macro   0x00000000000133c0      0x1a3 Core/Src/MY_NRF24.o
 .debug_macro   0x0000000000013563      0x32a Core/Src/MY_NRF24.o
 .debug_macro   0x000000000001388d       0x16 Core/Src/MY_NRF24.o
 .debug_macro   0x00000000000138a3       0x29 Core/Src/MY_NRF24.o
 .debug_macro   0x00000000000138cc       0x22 Core/Src/MY_NRF24.o
 .debug_macro   0x00000000000138ee       0x16 Core/Src/MY_NRF24.o
 .debug_macro   0x0000000000013904       0x20 Core/Src/MY_NRF24.o
 .debug_macro   0x0000000000013924      0x2a8 Core/Src/TJ_MPU6050.o
 .debug_macro   0x0000000000013bcc       0x10 Core/Src/TJ_MPU6050.o
 .debug_macro   0x0000000000013bdc      0x1e1 Core/Src/TJ_MPU6050.o
 .debug_macro   0x0000000000013dbd       0x6a Core/Src/TJ_MPU6050.o
 .debug_macro   0x0000000000013e27      0x304 Core/Src/main.o
 .debug_macro   0x000000000001412b       0x7c Core/Src/main.o
 .debug_macro   0x00000000000141a7      0x1d1 Core/Src/stm32f1xx_hal_msp.o
 .debug_macro   0x0000000000014378      0x1db Core/Src/stm32f1xx_it.o
 .debug_macro   0x0000000000014553      0x1ae Core/Src/sysmem.o
 .debug_macro   0x0000000000014701      0x23b Core/Src/sysmem.o
 .debug_macro   0x000000000001493c       0x16 Core/Src/sysmem.o
 .debug_macro   0x0000000000014952      0x1c8 Core/Src/system_stm32f1xx.o
 .debug_macro   0x0000000000014b1a      0x1e6 Drivers/STM32F1xx_HAL_Driver/Src/stm32f1xx_hal.o
 .debug_macro   0x0000000000014d00      0x1df Drivers/STM32F1xx_HAL_Driver/Src/stm32f1xx_hal_adc.o
 .debug_macro   0x0000000000014edf      0x1c2 Drivers/STM32F1xx_HAL_Driver/Src/stm32f1xx_hal_cortex.o
 .debug_macro   0x00000000000150a1      0x22d Drivers/STM32F1xx_HAL_Driver/Src/stm32f1xx_hal_gpio.o
 .debug_macro   0x00000000000152ce      0x202 Drivers/STM32F1xx_HAL_Driver/Src/stm32f1xx_hal_i2c.o
 .debug_macro   0x00000000000154d0      0x1d4 Drivers/STM32F1xx_HAL_Driver/Src/stm32f1xx_hal_rcc.o
 .debug_macro   0x00000000000156a4      0x1c2 Drivers/STM32F1xx_HAL_Driver/Src/stm32f1xx_hal_rcc_ex.o
 .debug_macro   0x0000000000015866      0x1ca Drivers/STM32F1xx_HAL_Driver/Src/stm32f1xx_hal_spi.o
 .debug_macro   0x0000000000015a30      0x1c3 Drivers/STM32F1xx_HAL_Driver/Src/stm32f1xx_hal_tim.o
 .debug_macro   0x0000000000015bf3      0x1c2 Drivers/STM32F1xx_HAL_Driver/Src/stm32f1xx_hal_tim_ex.o
 .debug_macro   0x0000000000015db5      0x1c3 Drivers/STM32F1xx_HAL_Driver/Src/stm32f1xx_hal_uart.o

.debug_line     0x0000000000000000     0xd18f
 .debug_line    0x0000000000000000      0xe09 Core/Src/MY_NRF24.o
 .debug_line    0x0000000000000e09      0x933 Core/Src/TJ_MPU6050.o
 .debug_line    0x000000000000173c      0x9e7 Core/Src/main.o
 .debug_line    0x0000000000002123      0x78f Core/Src/stm32f1xx_hal_msp.o
 .debug_line    0x00000000000028b2      0x739 Core/Src/stm32f1xx_it.o
 .debug_line    0x0000000000002feb      0x55e Core/Src/sysmem.o
 .debug_line    0x0000000000003549      0x6c6 Core/Src/system_stm32f1xx.o
 .debug_line    0x0000000000003c0f       0x84 Core/Startup/startup_stm32f103cbtx.o
 .debug_line    0x0000000000003c93      0x86e Drivers/STM32F1xx_HAL_Driver/Src/stm32f1xx_hal.o
 .debug_line    0x0000000000004501      0xbc0 Drivers/STM32F1xx_HAL_Driver/Src/stm32f1xx_hal_adc.o
 .debug_line    0x00000000000050c1      0x947 Drivers/STM32F1xx_HAL_Driver/Src/stm32f1xx_hal_cortex.o
 .debug_line    0x0000000000005a08      0x86e Drivers/STM32F1xx_HAL_Driver/Src/stm32f1xx_hal_gpio.o
 .debug_line    0x0000000000006276     0x1b31 Drivers/STM32F1xx_HAL_Driver/Src/stm32f1xx_hal_i2c.o
 .debug_line    0x0000000000007da7      0x930 Drivers/STM32F1xx_HAL_Driver/Src/stm32f1xx_hal_rcc.o
 .debug_line    0x00000000000086d7      0x74e Drivers/STM32F1xx_HAL_Driver/Src/stm32f1xx_hal_rcc_ex.o
 .debug_line    0x0000000000008e25     0x103c Drivers/STM32F1xx_HAL_Driver/Src/stm32f1xx_hal_spi.o
 .debug_line    0x0000000000009e61     0x1734 Drivers/STM32F1xx_HAL_Driver/Src/stm32f1xx_hal_tim.o
 .debug_line    0x000000000000b595      0xc81 Drivers/STM32F1xx_HAL_Driver/Src/stm32f1xx_hal_tim_ex.o
 .debug_line    0x000000000000c216      0xf79 Drivers/STM32F1xx_HAL_Driver/Src/stm32f1xx_hal_uart.o

.debug_str      0x0000000000000000    0x7ccb7
 .debug_str     0x0000000000000000    0x75ee1 Core/Src/MY_NRF24.o
                                      0x762ee (size before relaxing)
 .debug_str     0x0000000000075ee1      0xf86 Core/Src/TJ_MPU6050.o
                                      0x761b9 (size before relaxing)
 .debug_str     0x0000000000076e67      0xa35 Core/Src/main.o
                                      0x77391 (size before relaxing)
 .debug_str     0x000000000007789c      0x13a Core/Src/stm32f1xx_hal_msp.o
                                      0x72ded (size before relaxing)
 .debug_str     0x00000000000779d6       0xbd Core/Src/stm32f1xx_it.o
                                      0x72230 (size before relaxing)
 .debug_str     0x0000000000077a93     0x1695 Core/Src/sysmem.o
                                       0x7ac7 (size before relaxing)
 .debug_str     0x0000000000079128       0xc2 Core/Src/system_stm32f1xx.o
                                      0x720b9 (size before relaxing)
 .debug_str     0x00000000000791ea       0x36 Core/Startup/startup_stm32f103cbtx.o
                                         0x6c (size before relaxing)
 .debug_str     0x0000000000079220      0x629 Drivers/STM32F1xx_HAL_Driver/Src/stm32f1xx_hal.o
                                      0x726ca (size before relaxing)
 .debug_str     0x0000000000079849      0x357 Drivers/STM32F1xx_HAL_Driver/Src/stm32f1xx_hal_adc.o
                                      0x726cf (size before relaxing)
 .debug_str     0x0000000000079ba0      0x2c8 Drivers/STM32F1xx_HAL_Driver/Src/stm32f1xx_hal_cortex.o
                                      0x726d8 (size before relaxing)
 .debug_str     0x0000000000079e68      0x324 Drivers/STM32F1xx_HAL_Driver/Src/stm32f1xx_hal_gpio.o
                                      0x72403 (size before relaxing)
 .debug_str     0x000000000007a18c      0xb67 Drivers/STM32F1xx_HAL_Driver/Src/stm32f1xx_hal_i2c.o
                                      0x7302f (size before relaxing)
 .debug_str     0x000000000007acf3      0x258 Drivers/STM32F1xx_HAL_Driver/Src/stm32f1xx_hal_rcc.o
                                      0x7243c (size before relaxing)
 .debug_str     0x000000000007af4b       0xb9 Drivers/STM32F1xx_HAL_Driver/Src/stm32f1xx_hal_rcc_ex.o
                                      0x721c9 (size before relaxing)
 .debug_str     0x000000000007b004      0x514 Drivers/STM32F1xx_HAL_Driver/Src/stm32f1xx_hal_spi.o
                                      0x7292a (size before relaxing)
 .debug_str     0x000000000007b518      0xd69 Drivers/STM32F1xx_HAL_Driver/Src/stm32f1xx_hal_tim.o
                                      0x73207 (size before relaxing)
 .debug_str     0x000000000007c281      0x52f Drivers/STM32F1xx_HAL_Driver/Src/stm32f1xx_hal_tim_ex.o
                                      0x72a07 (size before relaxing)
 .debug_str     0x000000000007c7b0      0x507 Drivers/STM32F1xx_HAL_Driver/Src/stm32f1xx_hal_uart.o
                                      0x7292b (size before relaxing)

.comment        0x0000000000000000       0x7b
 .comment       0x0000000000000000       0x7b Core/Src/MY_NRF24.o
                                         0x7c (size before relaxing)
 .comment       0x000000000000007b       0x7c Core/Src/TJ_MPU6050.o
 .comment       0x000000000000007b       0x7c Core/Src/main.o
 .comment       0x000000000000007b       0x7c Core/Src/stm32f1xx_hal_msp.o
 .comment       0x000000000000007b       0x7c Core/Src/stm32f1xx_it.o
 .comment       0x000000000000007b       0x7c Core/Src/sysmem.o
 .comment       0x000000000000007b       0x7c Core/Src/system_stm32f1xx.o
 .comment       0x000000000000007b       0x7c Drivers/STM32F1xx_HAL_Driver/Src/stm32f1xx_hal.o
 .comment       0x000000000000007b       0x7c Drivers/STM32F1xx_HAL_Driver/Src/stm32f1xx_hal_adc.o
 .comment       0x000000000000007b       0x7c Drivers/STM32F1xx_HAL_Driver/Src/stm32f1xx_hal_cortex.o
 .comment       0x000000000000007b       0x7c Drivers/STM32F1xx_HAL_Driver/Src/stm32f1xx_hal_gpio.o
 .comment       0x000000000000007b       0x7c Drivers/STM32F1xx_HAL_Driver/Src/stm32f1xx_hal_i2c.o
 .comment       0x000000000000007b       0x7c Drivers/STM32F1xx_HAL_Driver/Src/stm32f1xx_hal_rcc.o
 .comment       0x000000000000007b       0x7c Drivers/STM32F1xx_HAL_Driver/Src/stm32f1xx_hal_rcc_ex.o
 .comment       0x000000000000007b       0x7c Drivers/STM32F1xx_HAL_Driver/Src/stm32f1xx_hal_spi.o
 .comment       0x000000000000007b       0x7c Drivers/STM32F1xx_HAL_Driver/Src/stm32f1xx_hal_tim.o
 .comment       0x000000000000007b       0x7c Drivers/STM32F1xx_HAL_Driver/Src/stm32f1xx_hal_tim_ex.o
 .comment       0x000000000000007b       0x7c Drivers/STM32F1xx_HAL_Driver/Src/stm32f1xx_hal_uart.o

.debug_frame    0x0000000000000000     0x54ec
 .debug_frame   0x0000000000000000      0x798 Core/Src/MY_NRF24.o
 .debug_frame   0x0000000000000798      0x20c Core/Src/TJ_MPU6050.o
 .debug_frame   0x00000000000009a4      0x1d0 Core/Src/main.o
 .debug_frame   0x0000000000000b74      0x1cc Core/Src/stm32f1xx_hal_msp.o
 .debug_frame   0x0000000000000d40      0x10c Core/Src/stm32f1xx_it.o
 .debug_frame   0x0000000000000e4c       0x34 Core/Src/sysmem.o
 .debug_frame   0x0000000000000e80       0x58 Core/Src/system_stm32f1xx.o
 .debug_frame   0x0000000000000ed8      0x334 Drivers/STM32F1xx_HAL_Driver/Src/stm32f1xx_hal.o
 .debug_frame   0x000000000000120c      0x40c Drivers/STM32F1xx_HAL_Driver/Src/stm32f1xx_hal_adc.o
 .debug_frame   0x0000000000001618      0x428 Drivers/STM32F1xx_HAL_Driver/Src/stm32f1xx_hal_cortex.o
 .debug_frame   0x0000000000001a40      0x14c Drivers/STM32F1xx_HAL_Driver/Src/stm32f1xx_hal_gpio.o
 .debug_frame   0x0000000000001b8c      0xc08 Drivers/STM32F1xx_HAL_Driver/Src/stm32f1xx_hal_i2c.o
 .debug_frame   0x0000000000002794      0x21c Drivers/STM32F1xx_HAL_Driver/Src/stm32f1xx_hal_rcc.o
 .debug_frame   0x00000000000029b0       0x84 Drivers/STM32F1xx_HAL_Driver/Src/stm32f1xx_hal_rcc_ex.o
 .debug_frame   0x0000000000002a34      0x824 Drivers/STM32F1xx_HAL_Driver/Src/stm32f1xx_hal_spi.o
 .debug_frame   0x0000000000003258     0x10e8 Drivers/STM32F1xx_HAL_Driver/Src/stm32f1xx_hal_tim.o
 .debug_frame   0x0000000000004340      0x5c0 Drivers/STM32F1xx_HAL_Driver/Src/stm32f1xx_hal_tim_ex.o
 .debug_frame   0x0000000000004900      0x834 Drivers/STM32F1xx_HAL_Driver/Src/stm32f1xx_hal_uart.o
 .debug_frame   0x0000000000005134       0x20 c:/st/stm32cubeide_1.3.0/stm32cubeide/plugins/com.st.stm32cube.ide.mcu.externaltools.gnu-tools-for-stm32.7-2018-q2-update.win32_1.0.0.201904181610/tools/bin/../lib/gcc/arm-none-eabi/7.3.1/../../../../arm-none-eabi/lib/thumb/v7-m\libc_nano.a(lib_a-errno.o)
 .debug_frame   0x0000000000005154       0x2c c:/st/stm32cubeide_1.3.0/stm32cubeide/plugins/com.st.stm32cube.ide.mcu.externaltools.gnu-tools-for-stm32.7-2018-q2-update.win32_1.0.0.201904181610/tools/bin/../lib/gcc/arm-none-eabi/7.3.1/../../../../arm-none-eabi/lib/thumb/v7-m\libc_nano.a(lib_a-init.o)
 .debug_frame   0x0000000000005180       0x28 c:/st/stm32cubeide_1.3.0/stm32cubeide/plugins/com.st.stm32cube.ide.mcu.externaltools.gnu-tools-for-stm32.7-2018-q2-update.win32_1.0.0.201904181610/tools/bin/../lib/gcc/arm-none-eabi/7.3.1/../../../../arm-none-eabi/lib/thumb/v7-m\libc_nano.a(lib_a-memcpy-stub.o)
 .debug_frame   0x00000000000051a8       0x20 c:/st/stm32cubeide_1.3.0/stm32cubeide/plugins/com.st.stm32cube.ide.mcu.externaltools.gnu-tools-for-stm32.7-2018-q2-update.win32_1.0.0.201904181610/tools/bin/../lib/gcc/arm-none-eabi/7.3.1/../../../../arm-none-eabi/lib/thumb/v7-m\libc_nano.a(lib_a-memset.o)
 .debug_frame   0x00000000000051c8       0x6c c:/st/stm32cubeide_1.3.0/stm32cubeide/plugins/com.st.stm32cube.ide.mcu.externaltools.gnu-tools-for-stm32.7-2018-q2-update.win32_1.0.0.201904181610/tools/bin/../lib/gcc/arm-none-eabi/7.3.1/../../../../arm-none-eabi/lib/thumb/v7-m\libc_nano.a(lib_a-sprintf.o)
 .debug_frame   0x0000000000005234       0x90 c:/st/stm32cubeide_1.3.0/stm32cubeide/plugins/com.st.stm32cube.ide.mcu.externaltools.gnu-tools-for-stm32.7-2018-q2-update.win32_1.0.0.201904181610/tools/bin/../lib/gcc/arm-none-eabi/7.3.1/../../../../arm-none-eabi/lib/thumb/v7-m\libc_nano.a(lib_a-nano-svfprintf.o)
 .debug_frame   0x00000000000052c4       0x60 c:/st/stm32cubeide_1.3.0/stm32cubeide/plugins/com.st.stm32cube.ide.mcu.externaltools.gnu-tools-for-stm32.7-2018-q2-update.win32_1.0.0.201904181610/tools/bin/../lib/gcc/arm-none-eabi/7.3.1/../../../../arm-none-eabi/lib/thumb/v7-m\libc_nano.a(lib_a-nano-vfprintf_i.o)
 .debug_frame   0x0000000000005324       0x28 c:/st/stm32cubeide_1.3.0/stm32cubeide/plugins/com.st.stm32cube.ide.mcu.externaltools.gnu-tools-for-stm32.7-2018-q2-update.win32_1.0.0.201904181610/tools/bin/../lib/gcc/arm-none-eabi/7.3.1/../../../../arm-none-eabi/lib/thumb/v7-m\libc_nano.a(lib_a-memchr-stub.o)
 .debug_frame   0x000000000000534c       0x28 c:/st/stm32cubeide_1.3.0/stm32cubeide/plugins/com.st.stm32cube.ide.mcu.externaltools.gnu-tools-for-stm32.7-2018-q2-update.win32_1.0.0.201904181610/tools/bin/../lib/gcc/arm-none-eabi/7.3.1/../../../../arm-none-eabi/lib/thumb/v7-m\libc_nano.a(lib_a-memmove.o)
 .debug_frame   0x0000000000005374       0x38 c:/st/stm32cubeide_1.3.0/stm32cubeide/plugins/com.st.stm32cube.ide.mcu.externaltools.gnu-tools-for-stm32.7-2018-q2-update.win32_1.0.0.201904181610/tools/bin/../lib/gcc/arm-none-eabi/7.3.1/../../../../arm-none-eabi/lib/thumb/v7-m\libc_nano.a(lib_a-nano-freer.o)
 .debug_frame   0x00000000000053ac       0x2c c:/st/stm32cubeide_1.3.0/stm32cubeide/plugins/com.st.stm32cube.ide.mcu.externaltools.gnu-tools-for-stm32.7-2018-q2-update.win32_1.0.0.201904181610/tools/bin/../lib/gcc/arm-none-eabi/7.3.1/../../../../arm-none-eabi/lib/thumb/v7-m\libc_nano.a(lib_a-nano-mallocr.o)
 .debug_frame   0x00000000000053d8       0x3c c:/st/stm32cubeide_1.3.0/stm32cubeide/plugins/com.st.stm32cube.ide.mcu.externaltools.gnu-tools-for-stm32.7-2018-q2-update.win32_1.0.0.201904181610/tools/bin/../lib/gcc/arm-none-eabi/7.3.1/../../../../arm-none-eabi/lib/thumb/v7-m\libc_nano.a(lib_a-nano-reallocr.o)
 .debug_frame   0x0000000000005414       0x2c c:/st/stm32cubeide_1.3.0/stm32cubeide/plugins/com.st.stm32cube.ide.mcu.externaltools.gnu-tools-for-stm32.7-2018-q2-update.win32_1.0.0.201904181610/tools/bin/../lib/gcc/arm-none-eabi/7.3.1/../../../../arm-none-eabi/lib/thumb/v7-m\libc_nano.a(lib_a-sbrkr.o)
 .debug_frame   0x0000000000005440       0x30 c:/st/stm32cubeide_1.3.0/stm32cubeide/plugins/com.st.stm32cube.ide.mcu.externaltools.gnu-tools-for-stm32.7-2018-q2-update.win32_1.0.0.201904181610/tools/bin/../lib/gcc/arm-none-eabi/7.3.1/../../../../arm-none-eabi/lib/thumb/v7-m\libc_nano.a(lib_a-mlock.o)
 .debug_frame   0x0000000000005470       0x20 c:/st/stm32cubeide_1.3.0/stm32cubeide/plugins/com.st.stm32cube.ide.mcu.externaltools.gnu-tools-for-stm32.7-2018-q2-update.win32_1.0.0.201904181610/tools/bin/../lib/gcc/arm-none-eabi/7.3.1/../../../../arm-none-eabi/lib/thumb/v7-m\libc_nano.a(lib_a-nano-msizer.o)
 .debug_frame   0x0000000000005490       0x5c c:/st/stm32cubeide_1.3.0/stm32cubeide/plugins/com.st.stm32cube.ide.mcu.externaltools.gnu-tools-for-stm32.7-2018-q2-update.win32_1.0.0.201904181610/tools/bin/../lib/gcc/arm-none-eabi/7.3.1/../../../../arm-none-eabi/lib/thumb/v7-m\libc_nano.a(lib_a-reent.o)
