Archive member included to satisfy reference by file (symbol)

c:/st/stm32cubeide_1.3.0/stm32cubeide/plugins/com.st.stm32cube.ide.mcu.externaltools.gnu-tools-for-stm32.7-2018-q2-update.win32_1.0.0.201904181610/tools/bin/../lib/gcc/arm-none-eabi/7.3.1/../../../../arm-none-eabi/lib/thumb/v7-m\libc_nano.a(lib_a-errno.o)
                              Core/Src/syscalls.o (__errno)
c:/st/stm32cubeide_1.3.0/stm32cubeide/plugins/com.st.stm32cube.ide.mcu.externaltools.gnu-tools-for-stm32.7-2018-q2-update.win32_1.0.0.201904181610/tools/bin/../lib/gcc/arm-none-eabi/7.3.1/../../../../arm-none-eabi/lib/thumb/v7-m\libc_nano.a(lib_a-exit.o)
                              c:/st/stm32cubeide_1.3.0/stm32cubeide/plugins/com.st.stm32cube.ide.mcu.externaltools.gnu-tools-for-stm32.7-2018-q2-update.win32_1.0.0.201904181610/tools/bin/../lib/gcc/arm-none-eabi/7.3.1/../../../../arm-none-eabi/lib/thumb/v7-m/crt0.o (exit)
c:/st/stm32cubeide_1.3.0/stm32cubeide/plugins/com.st.stm32cube.ide.mcu.externaltools.gnu-tools-for-stm32.7-2018-q2-update.win32_1.0.0.201904181610/tools/bin/../lib/gcc/arm-none-eabi/7.3.1/../../../../arm-none-eabi/lib/thumb/v7-m\libc_nano.a(lib_a-impure.o)
                              c:/st/stm32cubeide_1.3.0/stm32cubeide/plugins/com.st.stm32cube.ide.mcu.externaltools.gnu-tools-for-stm32.7-2018-q2-update.win32_1.0.0.201904181610/tools/bin/../lib/gcc/arm-none-eabi/7.3.1/../../../../arm-none-eabi/lib/thumb/v7-m\libc_nano.a(lib_a-exit.o) (_global_impure_ptr)
c:/st/stm32cubeide_1.3.0/stm32cubeide/plugins/com.st.stm32cube.ide.mcu.externaltools.gnu-tools-for-stm32.7-2018-q2-update.win32_1.0.0.201904181610/tools/bin/../lib/gcc/arm-none-eabi/7.3.1/../../../../arm-none-eabi/lib/thumb/v7-m\libc_nano.a(lib_a-init.o)
                              c:/st/stm32cubeide_1.3.0/stm32cubeide/plugins/com.st.stm32cube.ide.mcu.externaltools.gnu-tools-for-stm32.7-2018-q2-update.win32_1.0.0.201904181610/tools/bin/../lib/gcc/arm-none-eabi/7.3.1/../../../../arm-none-eabi/lib/thumb/v7-m/crt0.o (__libc_init_array)
c:/st/stm32cubeide_1.3.0/stm32cubeide/plugins/com.st.stm32cube.ide.mcu.externaltools.gnu-tools-for-stm32.7-2018-q2-update.win32_1.0.0.201904181610/tools/bin/../lib/gcc/arm-none-eabi/7.3.1/../../../../arm-none-eabi/lib/thumb/v7-m\libc_nano.a(lib_a-memcpy-stub.o)
                              Core/Src/AccelGyro.o (memcpy)
c:/st/stm32cubeide_1.3.0/stm32cubeide/plugins/com.st.stm32cube.ide.mcu.externaltools.gnu-tools-for-stm32.7-2018-q2-update.win32_1.0.0.201904181610/tools/bin/../lib/gcc/arm-none-eabi/7.3.1/../../../../arm-none-eabi/lib/thumb/v7-m\libc_nano.a(lib_a-memset.o)
                              c:/st/stm32cubeide_1.3.0/stm32cubeide/plugins/com.st.stm32cube.ide.mcu.externaltools.gnu-tools-for-stm32.7-2018-q2-update.win32_1.0.0.201904181610/tools/bin/../lib/gcc/arm-none-eabi/7.3.1/../../../../arm-none-eabi/lib/thumb/v7-m/crt0.o (memset)
c:/st/stm32cubeide_1.3.0/stm32cubeide/plugins/com.st.stm32cube.ide.mcu.externaltools.gnu-tools-for-stm32.7-2018-q2-update.win32_1.0.0.201904181610/tools/bin/../lib/gcc/arm-none-eabi/7.3.1/../../../../arm-none-eabi/lib/thumb/v7-m\libc_nano.a(lib_a-sprintf.o)
                              Core/Src/MY_NRF24.o (sprintf)
c:/st/stm32cubeide_1.3.0/stm32cubeide/plugins/com.st.stm32cube.ide.mcu.externaltools.gnu-tools-for-stm32.7-2018-q2-update.win32_1.0.0.201904181610/tools/bin/../lib/gcc/arm-none-eabi/7.3.1/../../../../arm-none-eabi/lib/thumb/v7-m\libc_nano.a(lib_a-strlen.o)
                              Core/Src/MY_NRF24.o (strlen)
c:/st/stm32cubeide_1.3.0/stm32cubeide/plugins/com.st.stm32cube.ide.mcu.externaltools.gnu-tools-for-stm32.7-2018-q2-update.win32_1.0.0.201904181610/tools/bin/../lib/gcc/arm-none-eabi/7.3.1/../../../../arm-none-eabi/lib/thumb/v7-m\libc_nano.a(lib_a-nano-svfprintf.o)
                              c:/st/stm32cubeide_1.3.0/stm32cubeide/plugins/com.st.stm32cube.ide.mcu.externaltools.gnu-tools-for-stm32.7-2018-q2-update.win32_1.0.0.201904181610/tools/bin/../lib/gcc/arm-none-eabi/7.3.1/../../../../arm-none-eabi/lib/thumb/v7-m\libc_nano.a(lib_a-sprintf.o) (_svfprintf_r)
c:/st/stm32cubeide_1.3.0/stm32cubeide/plugins/com.st.stm32cube.ide.mcu.externaltools.gnu-tools-for-stm32.7-2018-q2-update.win32_1.0.0.201904181610/tools/bin/../lib/gcc/arm-none-eabi/7.3.1/../../../../arm-none-eabi/lib/thumb/v7-m\libc_nano.a(lib_a-nano-vfprintf_i.o)
                              c:/st/stm32cubeide_1.3.0/stm32cubeide/plugins/com.st.stm32cube.ide.mcu.externaltools.gnu-tools-for-stm32.7-2018-q2-update.win32_1.0.0.201904181610/tools/bin/../lib/gcc/arm-none-eabi/7.3.1/../../../../arm-none-eabi/lib/thumb/v7-m\libc_nano.a(lib_a-nano-svfprintf.o) (_printf_i)
c:/st/stm32cubeide_1.3.0/stm32cubeide/plugins/com.st.stm32cube.ide.mcu.externaltools.gnu-tools-for-stm32.7-2018-q2-update.win32_1.0.0.201904181610/tools/bin/../lib/gcc/arm-none-eabi/7.3.1/../../../../arm-none-eabi/lib/thumb/v7-m\libc_nano.a(lib_a-memchr-stub.o)
[...]
Memory Configuration

Name             Origin             Length             Attributes
RAM              0x0000000020000000 0x0000000000005000 xrw
FLASH            0x0000000008000000 0x0000000000020000 xr
*default*        0x0000000000000000 0xffffffffffffffff

Linker script and memory map

LOAD c:/st/stm32cubeide_1.3.0/stm32cubeide/plugins/com.st.stm32cube.ide.mcu.externaltools.gnu-tools-for-stm32.7-2018-q2-update.win32_1.0.0.201904181610/tools/bin/../lib/gcc/arm-none-eabi/7.3.1/thumb/v7-m/crti.o
LOAD c:/st/stm32cubeide_1.3.0/stm32cubeide/plugins/com.st.stm32cube.ide.mcu.externaltools.gnu-tools-for-stm32.7-2018-q2-update.win32_1.0.0.201904181610/tools/bin/../lib/gcc/arm-none-eabi/7.3.1/thumb/v7-m/crtbegin.o
LOAD c:/st/stm32cubeide_1.3.0/stm32cubeide/plugins/com.st.stm32cube.ide.mcu.externaltools.gnu-tools-for-stm32.7-2018-q2-update.win32_1.0.0.201904181610/tools/bin/../lib/gcc/arm-none-eabi/7.3.1/../../../../arm-none-eabi/lib/thumb/v7-m/crt0.o
LOAD Core/Src/AccelGyro.o
LOAD Core/Src/MY_NRF24.o
LOAD Core/Src/TJ_MPU6050.o
LOAD Core/Src/fonts.o
LOAD Core/Src/i2c-lcd.o
LOAD Core/Src/main.o
LOAD Core/Src/ssd1306.o
LOAD Core/Src/stm32f1xx_hal_msp.o
LOAD Core/Src/stm32f1xx_it.o
LOAD Core/Src/syscalls.o
LOAD Core/Src/sysmem.o
LOAD Core/Src/system_stm32f1xx.o
LOAD Core/Startup/startup_stm32f103cbtx.o
LOAD Drivers/STM32F1xx_HAL_Driver/Src/stm32f1xx_hal.o
LOAD Drivers/STM32F1xx_HAL_Driver/Src/stm32f1xx_hal_adc.o
LOAD Drivers/STM32F1xx_HAL_Driver/Src/stm32f1xx_hal_adc_ex.o
LOAD Drivers/STM32F1xx_HAL_Driver/Src/stm32f1xx_hal_cortex.o
LOAD Drivers/STM32F1xx_HAL_Driver/Src/stm32f1xx_hal_dma.o
LOAD Drivers/STM32F1xx_HAL_Driver/Src/stm32f1xx_hal_exti.o
LOAD Drivers/STM32F1xx_HAL_Driver/Src/stm32f1xx_hal_flash.o
LOAD Drivers/STM32F1xx_HAL_Driver/Src/stm32f1xx_hal_flash_ex.o
LOAD Drivers/STM32F1xx_HAL_Driver/Src/stm32f1xx_hal_gpio.o
LOAD Drivers/STM32F1xx_HAL_Driver/Src/stm32f1xx_hal_gpio_ex.o
LOAD Drivers/STM32F1xx_HAL_Driver/Src/stm32f1xx_hal_i2c.o
LOAD Drivers/STM32F1xx_HAL_Driver/Src/stm32f1xx_hal_pwr.o
LOAD Drivers/STM32F1xx_HAL_Driver/Src/stm32f1xx_hal_rcc.o
LOAD Drivers/STM32F1xx_HAL_Driver/Src/stm32f1xx_hal_rcc_ex.o
LOAD Drivers/STM32F1xx_HAL_Driver/Src/stm32f1xx_hal_spi.o
LOAD Drivers/STM32F1xx_HAL_Driver/Src/stm32f1xx_hal_tim.o
LOAD Drivers/STM32F1xx_HAL_Driver/Src/stm32f1xx_hal_tim_ex.o
LOAD Drivers/STM32F1xx_HAL_Driver/Src/stm32f1xx_hal_uart.o
START GROUP
LOAD c:/st/stm32cubeide_1.3.0/stm32cubeide/plugins/com.st.stm32cube.ide.mcu.externaltools.gnu-tools-for-stm32.7-2018-q2-update.win32_1.0.0.201904181610/tools/bin/../lib/gcc/arm-none-eabi/7.3.1/../../../../arm-none-eabi/lib/thumb/v7-m\libc_nano.a
LOAD c:/st/stm32cubeide_1.3.0/stm32cubeide/plugins/com.st.stm32cube.ide.mcu.externaltools.gnu-tools-for-stm32.7-2018-q2-update.win32_1.0.0.201904181610/tools/bin/../lib/gcc/arm-none-eabi/7.3.1/../../../../arm-none-eabi/lib/thumb/v7-m\libm.a
END GROUP
START GROUP
LOAD c:/st/stm32cubeide_1.3.0/stm32cubeide/plugins/com.st.stm32cube.ide.mcu.externaltools.gnu-tools-for-stm32.7-2018-q2-update.win32_1.0.0.201904181610/tools/bin/../lib/gcc/arm-none-eabi/7.3.1/thumb/v7-m\libgcc.a
LOAD c:/st/stm32cubeide_1.3.0/stm32cubeide/plugins/com.st.stm32cube.ide.mcu.externaltools.gnu-tools-for-stm32.7-2018-q2-update.win32_1.0.0.201904181610/tools/bin/../lib/gcc/arm-none-eabi/7.3.1/../../../../arm-none-eabi/lib/thumb/v7-m\libc_nano.a
END GROUP
START GROUP
LOAD c:/st/stm32cubeide_1.3.0/stm32cubeide/plugins/com.st.stm32cube.ide.mcu.externaltools.gnu-tools-for-stm32.7-2018-q2-update.win32_1.0.0.201904181610/tools/bin/../lib/gcc/arm-none-eabi/7.3.1/thumb/v7-m\libgcc.a
LOAD c:/st/stm32cubeide_1.3.0/stm32cubeide/plugins/com.st.stm32cube.ide.mcu.externaltools.gnu-tools-for-stm32.7-2018-q2-update.win32_1.0.0.201904181610/tools/bin/../lib/gcc/arm-none-eabi/7.3.1/../../../../arm-none-eabi/lib/thumb/v7-m\libc_nano.a
LOAD c:/st/stm32cubeide_1.3.0/stm32cubeide/plugins/com.st.stm32cube.ide.mcu.externaltools.gnu-tools-for-stm32.7-2018-q2-update.win32_1.0.0.201904181610/tools/bin/../lib/gcc/arm-none-eabi/7.3.1/../../../../arm-none-eabi/lib/thumb/v7-m\libnosys.a
END GROUP
START GROUP
LOAD c:/st/stm32cubeide_1.3.0/stm32cubeide/plugins/com.st.stm32cube.ide.mcu.externaltools.gnu-tools-for-stm32.7-2018-q2-update.win32_1.0.0.201904181610/tools/bin/../lib/gcc/arm-none-eabi/7.3.1/thumb/v7-m\libgcc.a
LOAD c:/st/stm32cubeide_1.3.0/stm32cubeide/plugins/com.st.stm32cube.ide.mcu.externaltools.gnu-tools-for-stm32.7-2018-q2-update.win32_1.0.0.201904181610/tools/bin/../lib/gcc/arm-none-eabi/7.3.1/../../../../arm-none-eabi/lib/thumb/v7-m\libc_nano.a
LOAD c:/st/stm32cubeide_1.3.0/stm32cubeide/plugins/com.st.stm32cube.ide.mcu.externaltools.gnu-tools-for-stm32.7-2018-q2-update.win32_1.0.0.201904181610/tools/bin/../lib/gcc/arm-none-eabi/7.3.1/../../../../arm-none-eabi/lib/thumb/v7-m\libnosys.a
END GROUP
LOAD c:/st/stm32cubeide_1.3.0/stm32cubeide/plugins/com.st.stm32cube.ide.mcu.externaltools.gnu-tools-for-stm32.7-2018-q2-update.win32_1.0.0.201904181610/tools/bin/../lib/gcc/arm-none-eabi/7.3.1/thumb/v7-m/crtend.o
LOAD c:/st/stm32cubeide_1.3.0/stm32cubeide/plugins/com.st.stm32cube.ide.mcu.externaltools.gnu-tools-for-stm32.7-2018-q2-update.win32_1.0.0.201904181610/tools/bin/../lib/gcc/arm-none-eabi/7.3.1/thumb/v7-m/crtn.o
                0x0000000020005000                _estack = (ORIGIN (RAM) + LENGTH (RAM))
                0x0000000000000200                _Min_Heap_Size = 0x200
                0x0000000000000400                _Min_Stack_Size = 0x400

.isr_vector     0x0000000008000000      0x10c
                0x0000000008000000                . = ALIGN (0x4)
 *(.isr_vector)
 .isr_vector    0x0000000008000000      0x10c Core/Startup/startup_stm32f103cbtx.o
                0x0000000008000000                g_pfnVectors
                0x000000000800010c                . = ALIGN (0x4)

.text           0x0000000008000110     0x932c
                0x0000000008000110                . = ALIGN (0x4)
 *(.text)
 .text          0x0000000008000110       0x40 c:/st/stm32cubeide_1.3.0/stm32cubeide/plugins/com.st.stm32cube.ide.mcu.externaltools.gnu-tools-for-stm32.7-2018-q2-update.win32_1.0.0.201904181610/tools/bin/../lib/gcc/arm-none-eabi/7.3.1/thumb/v7-m/crtbegin.o
 .text          0x0000000008000150       0x10 c:/st/stm32cubeide_1.3.0/stm32cubeide/plugins/com.st.stm32cube.ide.mcu.externaltools.gnu-tools-for-stm32.7-2018-q2-update.win32_1.0.0.201904181610/tools/bin/../lib/gcc/arm-none-eabi/7.3.1/../../../../arm-none-eabi/lib/thumb/v7-m\libc_nano.a(lib_a-strlen.o)
                0x0000000008000150                strlen
 .text          0x0000000008000160      0x378 c:/st/stm32cubeide_1.3.0/stm32cubeide/plugins/com.st.stm32cube.ide.mcu.externaltools.gnu-tools-for-stm32.7-2018-q2-update.win32_1.0.0.201904181610/tools/bin/../lib/gcc/arm-none-eabi/7.3.1/thumb/v7-m\libgcc.a(_arm_addsubdf3.o)
                0x0000000008000160                __aeabi_drsub
                0x0000000008000168                __aeabi_dsub
                0x0000000008000168                __subdf3
                0x000000000800016c                __aeabi_dadd
                0x000000000800016c                __adddf3
                0x00000000080003e4                __floatunsidf
                0x00000000080003e4                __aeabi_ui2d
                0x0000000008000404                __floatsidf
                0x0000000008000404                __aeabi_i2d
                0x0000000008000428                __aeabi_f2d
                0x0000000008000428                __extendsfdf2
                0x000000000800046c                __floatundidf
                0x000000000800046c                __aeabi_ul2d
                0x000000000800047c                __floatdidf
                0x000000000800047c                __aeabi_l2d
 .text          0x00000000080004d8      0x424 c:/st/stm32cubeide_1.3.0/stm32cubeide/plugins/com.st.stm32cube.ide.mcu.externaltools.gnu-tools-for-stm32.7-2018-q2-update.win32_1.0.0.201904181610/tools/bin/../lib/gcc/arm-none-eabi/7.3.1/thumb/v7-m\libgcc.a(_arm_muldivdf3.o)
                0x00000000080004d8                __aeabi_dmul
                0x00000000080004d8                __muldf3
                0x000000000800072c                __divdf3
                0x000000000800072c                __aeabi_ddiv
 .text          0x00000000080008fc       0x50 c:/st/stm32cubeide_1.3.0/stm32cubeide/plugins/com.st.stm32cube.ide.mcu.externaltools.gnu-tools-for-stm32.7-2018-q2-update.win32_1.0.0.201904181610/tools/bin/../lib/gcc/arm-none-eabi/7.3.1/thumb/v7-m\libgcc.a(_arm_fixdfsi.o)
                0x00000000080008fc                __aeabi_d2iz
                0x00000000080008fc                __fixdfsi
 .text          0x000000000800094c       0xa0 c:/st/stm32cubeide_1.3.0/stm32cubeide/plugins/com.st.stm32cube.ide.mcu.externaltools.gnu-tools-for-stm32.7-2018-q2-update.win32_1.0.0.201904181610/tools/bin/../lib/gcc/arm-none-eabi/7.3.1/thumb/v7-m\libgcc.a(_aeabi_ldivmod.o)
                0x000000000800094c                __aeabi_ldivmod
 .text          0x00000000080009ec      0x2d0 c:/st/stm32cubeide_1.3.0/stm32cubeide/plugins/com.st.stm32cube.ide.mcu.externaltools.gnu-tools-for-stm32.7-2018-q2-update.win32_1.0.0.201904181610/tools/bin/../lib/gcc/arm-none-eabi/7.3.1/thumb/v7-m\libgcc.a(_udivmoddi4.o)
                0x00000000080009ec                __udivmoddi4
 .text          0x0000000008000cbc        0x4 c:/st/stm32cubeide_1.3.0/stm32cubeide/plugins/com.st.stm32cube.ide.mcu.externaltools.gnu-tools-for-stm32.7-2018-q2-update.win32_1.0.0.201904181610/tools/bin/../lib/gcc/arm-none-eabi/7.3.1/thumb/v7-m\libgcc.a(_dvmd_tls.o)
                0x0000000008000cbc                __aeabi_idiv0
                0x0000000008000cbc                __aeabi_ldiv0
 *(.text*)
 .text.Init     0x0000000008000cc0       0xe0 Core/Src/AccelGyro.o
                0x0000000008000cc0                Init
 .text.Update   0x0000000008000da0      0x1d4 Core/Src/AccelGyro.o
                0x0000000008000da0                Update
 .text.Callibrate
                0x0000000008000f74      0x140 Core/Src/AccelGyro.o
                0x0000000008000f74                Callibrate
 .text.GetAcceleration
                0x00000000080010b4       0x64 Core/Src/AccelGyro.o
                0x00000000080010b4                GetAcceleration
 .text.GetVelocity
                0x0000000008001118       0x78 Core/Src/AccelGyro.o
                0x0000000008001118                GetVelocity
 .text.GetDistance
                0x0000000008001190       0x7c Core/Src/AccelGyro.o
                0x0000000008001190                GetDistance
 .text.NRF24_DelayMicroSeconds
                0x000000000800120c       0x40 Core/Src/MY_NRF24.o
                0x000000000800120c                NRF24_DelayMicroSeconds
 .text.NRF24_csn
                0x000000000800124c       0x40 Core/Src/MY_NRF24.o
                0x000000000800124c                NRF24_csn
 .text.NRF24_ce
                0x000000000800128c       0x40 Core/Src/MY_NRF24.o
                0x000000000800128c                NRF24_ce
 .text.NRF24_read_register
                0x00000000080012cc       0x50 Core/Src/MY_NRF24.o
                0x00000000080012cc                NRF24_read_register
 .text.NRF24_read_registerN
                0x000000000800131c       0x50 Core/Src/MY_NRF24.o
                0x000000000800131c                NRF24_read_registerN
 .text.NRF24_write_register
                0x000000000800136c       0x44 Core/Src/MY_NRF24.o
                0x000000000800136c                NRF24_write_register
 .text.NRF24_write_registerN
                0x00000000080013b0       0x50 Core/Src/MY_NRF24.o
                0x00000000080013b0                NRF24_write_registerN
 .text.NRF24_write_payload
                0x0000000008001400       0x44 Core/Src/MY_NRF24.o
                0x0000000008001400                NRF24_write_payload
 .text.NRF24_read_payload
                0x0000000008001444       0x60 Core/Src/MY_NRF24.o
                0x0000000008001444                NRF24_read_payload
 .text.NRF24_flush_tx
                0x00000000080014a4       0x10 Core/Src/MY_NRF24.o
                0x00000000080014a4                NRF24_flush_tx
 .text.NRF24_flush_rx
                0x00000000080014b4       0x10 Core/Src/MY_NRF24.o
                0x00000000080014b4                NRF24_flush_rx
 .text.NRF24_get_status
                0x00000000080014c4       0x1a Core/Src/MY_NRF24.o
                0x00000000080014c4                NRF24_get_status
 *fill*         0x00000000080014de        0x2 
 .text.NRF24_begin
                0x00000000080014e0      0x1c0 Core/Src/MY_NRF24.o
                0x00000000080014e0                NRF24_begin
 .text.NRF24_stopListening
                0x00000000080016a0       0x16 Core/Src/MY_NRF24.o
                0x00000000080016a0                NRF24_stopListening
 *fill*         0x00000000080016b6        0x2 
 .text.NRF24_write
                0x00000000080016b8       0x98 Core/Src/MY_NRF24.o
                0x00000000080016b8                NRF24_write
 .text.NRF24_available
                0x0000000008001750       0x10 Core/Src/MY_NRF24.o
                0x0000000008001750                NRF24_available
 .text.NRF24_read
                0x0000000008001760       0x40 Core/Src/MY_NRF24.o
                0x0000000008001760                NRF24_read
 .text.NRF24_openWritingPipe
                0x00000000080017a0       0x48 Core/Src/MY_NRF24.o
                0x00000000080017a0                NRF24_openWritingPipe
 .text.NRF24_setRetries
                0x00000000080017e8       0x36 Core/Src/MY_NRF24.o
                0x00000000080017e8                NRF24_setRetries
 .text.NRF24_setChannel
                0x000000000800181e       0x2a Core/Src/MY_NRF24.o
                0x000000000800181e                NRF24_setChannel
 .text.NRF24_setPayloadSize
                0x0000000008001848       0x2c Core/Src/MY_NRF24.o
                0x0000000008001848                NRF24_setPayloadSize
 .text.NRF24_getPayloadSize
                0x0000000008001874       0x14 Core/Src/MY_NRF24.o
                0x0000000008001874                NRF24_getPayloadSize
 .text.NRF24_getDynamicPayloadSize
                0x0000000008001888       0x10 Core/Src/MY_NRF24.o
                0x0000000008001888                NRF24_getDynamicPayloadSize
 .text.NRF24_enableAckPayload
                0x0000000008001898       0x5a Core/Src/MY_NRF24.o
                0x0000000008001898                NRF24_enableAckPayload
 *fill*         0x00000000080018f2        0x2 
 .text.NRF24_enableDynamicPayloads
                0x00000000080018f4       0x64 Core/Src/MY_NRF24.o
                0x00000000080018f4                NRF24_enableDynamicPayloads
 .text.NRF24_disableDynamicPayloads
                0x0000000008001958       0x30 Core/Src/MY_NRF24.o
                0x0000000008001958                NRF24_disableDynamicPayloads
 .text.NRF24_setAutoAck
                0x0000000008001988       0x2a Core/Src/MY_NRF24.o
                0x0000000008001988                NRF24_setAutoAck
 .text.NRF24_setPALevel
                0x00000000080019b2       0x72 Core/Src/MY_NRF24.o
                0x00000000080019b2                NRF24_setPALevel
 .text.NRF24_setDataRate
                0x0000000008001a24       0x8c Core/Src/MY_NRF24.o
                0x0000000008001a24                NRF24_setDataRate
 .text.NRF24_setCRCLength
                0x0000000008001ab0       0x50 Core/Src/MY_NRF24.o
                0x0000000008001ab0                NRF24_setCRCLength
 .text.NRF24_powerDown
                0x0000000008001b00       0x1e Core/Src/MY_NRF24.o
                0x0000000008001b00                NRF24_powerDown
 .text.NRF24_availablePipe
                0x0000000008001b1e       0x60 Core/Src/MY_NRF24.o
                0x0000000008001b1e                NRF24_availablePipe
 .text.NRF24_startWrite
                0x0000000008001b7e       0x52 Core/Src/MY_NRF24.o
                0x0000000008001b7e                NRF24_startWrite
 .text.NRF24_whatHappened
                0x0000000008001bd0       0x66 Core/Src/MY_NRF24.o
                0x0000000008001bd0                NRF24_whatHappened
 .text.NRF24_resetStatus
                0x0000000008001c36       0x10 Core/Src/MY_NRF24.o
                0x0000000008001c36                NRF24_resetStatus
 *fill*         0x0000000008001c46        0x2 
 .text.NRF24_ACTIVATE_cmd
                0x0000000008001c48       0x34 Core/Src/MY_NRF24.o
                0x0000000008001c48                NRF24_ACTIVATE_cmd
 .text.printRadioSettings
                0x0000000008001c7c      0x924 Core/Src/MY_NRF24.o
                0x0000000008001c7c                printRadioSettings
 .text.MPU6050_Init
                0x00000000080025a0       0x20 Core/Src/TJ_MPU6050.o
                0x00000000080025a0                MPU6050_Init
 .text.I2C_Read
                0x00000000080025c0       0x50 Core/Src/TJ_MPU6050.o
                0x00000000080025c0                I2C_Read
 .text.I2C_Write8
                0x0000000008002610       0x3c Core/Src/TJ_MPU6050.o
                0x0000000008002610                I2C_Write8
 .text.MPU6050_Config
                0x000000000800264c      0x150 Core/Src/TJ_MPU6050.o
                0x000000000800264c                MPU6050_Config
 .text.MPU6050_Set_SMPRT_DIV
                0x000000000800279c       0x1c Core/Src/TJ_MPU6050.o
                0x000000000800279c                MPU6050_Set_SMPRT_DIV
 .text.MPU6050_Get_Accel_RawData
                0x00000000080027b8       0xcc Core/Src/TJ_MPU6050.o
                0x00000000080027b8                MPU6050_Get_Accel_RawData
 .text.MPU6050_Get_Gyro_RawData
                0x0000000008002884       0x34 Core/Src/TJ_MPU6050.o
                0x0000000008002884                MPU6050_Get_Gyro_RawData
 .text.lcd_send_cmd
                0x00000000080028b8       0x60 Core/Src/i2c-lcd.o
                0x00000000080028b8                lcd_send_cmd
 .text.lcd_init
                0x0000000008002918       0x20 Core/Src/i2c-lcd.o
                0x0000000008002918                lcd_init
 .text.MotorSetValue
                0x0000000008002938       0x80 Core/Src/main.o
                0x0000000008002938                MotorSetValue
 .text.SetPwm   0x00000000080029b8       0xb0 Core/Src/main.o
                0x00000000080029b8                SetPwm
 .text.MapValue
                0x0000000008002a68       0x78 Core/Src/main.o
                0x0000000008002a68                MapValue
 .text.HAL_TIM_PeriodElapsedCallback
                0x0000000008002ae0       0x2c Core/Src/main.o
                0x0000000008002ae0                HAL_TIM_PeriodElapsedCallback
 .text.SendReturn
                0x0000000008002b0c       0x4c Core/Src/main.o
                0x0000000008002b0c                SendReturn
 .text.AdcRead  0x0000000008002b58       0x60 Core/Src/main.o
                0x0000000008002b58                AdcRead
 .text.UlToStr  0x0000000008002bb8       0x68 Core/Src/main.o
                0x0000000008002bb8                UlToStr
 .text.Update_SSD
                0x0000000008002c20      0x200 Core/Src/main.o
                0x0000000008002c20                Update_SSD
 .text.main     0x0000000008002e20      0x720 Core/Src/main.o
                0x0000000008002e20                main
 .text.SystemClock_Config
                0x0000000008003540       0xb6 Core/Src/main.o
                0x0000000008003540                SystemClock_Config
 *fill*         0x00000000080035f6        0x2 
 .text.MX_ADC1_Init
                0x00000000080035f8       0x9c Core/Src/main.o
 .text.MX_I2C2_Init
                0x0000000008003694       0x5c Core/Src/main.o
 .text.MX_SPI1_Init
                0x00000000080036f0       0x6c Core/Src/main.o
 .text.MX_TIM2_Init
                0x000000000800375c       0x98 Core/Src/main.o
 .text.MX_TIM3_Init
                0x00000000080037f4       0x9c Core/Src/main.o
 .text.MX_TIM4_Init
                0x0000000008003890       0xf4 Core/Src/main.o
 .text.MX_USART1_UART_Init
                0x0000000008003984       0x54 Core/Src/main.o
 .text.MX_GPIO_Init
                0x00000000080039d8       0xd8 Core/Src/main.o
 .text.Error_Handler
                0x0000000008003ab0        0xc Core/Src/main.o
                0x0000000008003ab0                Error_Handler
 .text.SSD1306_Init
                0x0000000008003abc      0x17c Core/Src/ssd1306.o
                0x0000000008003abc                SSD1306_Init
 .text.SSD1306_UpdateScreen
                0x0000000008003c38       0x5c Core/Src/ssd1306.o
                0x0000000008003c38                SSD1306_UpdateScreen
 .text.SSD1306_Fill
                0x0000000008003c94       0x30 Core/Src/ssd1306.o
                0x0000000008003c94                SSD1306_Fill
 .text.SSD1306_DrawPixel
                0x0000000008003cc4       0xbc Core/Src/ssd1306.o
                0x0000000008003cc4                SSD1306_DrawPixel
 .text.SSD1306_DrawIcon16x16
                0x0000000008003d80       0xc6 Core/Src/ssd1306.o
                0x0000000008003d80                SSD1306_DrawIcon16x16
 *fill*         0x0000000008003e46        0x2 
 .text.SSD1306_GotoXY
                0x0000000008003e48       0x2c Core/Src/ssd1306.o
                0x0000000008003e48                SSD1306_GotoXY
 .text.SSD1306_Putc
                0x0000000008003e74      0x100 Core/Src/ssd1306.o
                0x0000000008003e74                SSD1306_Putc
 .text.SSD1306_Puts
                0x0000000008003f74       0x4a Core/Src/ssd1306.o
                0x0000000008003f74                SSD1306_Puts
 *fill*         0x0000000008003fbe        0x2 
 .text.ssd1306_I2C_Init
                0x0000000008003fc0       0x28 Core/Src/ssd1306.o
                0x0000000008003fc0                ssd1306_I2C_Init
 .text.ssd1306_I2C_WriteMulti
                0x0000000008003fe8       0xb4 Core/Src/ssd1306.o
                0x0000000008003fe8                ssd1306_I2C_WriteMulti
 .text.ssd1306_I2C_Write
                0x000000000800409c       0x3c Core/Src/ssd1306.o
                0x000000000800409c                ssd1306_I2C_Write
 .text.HAL_MspInit
                0x00000000080040d8       0x64 Core/Src/stm32f1xx_hal_msp.o
                0x00000000080040d8                HAL_MspInit
 .text.HAL_ADC_MspInit
                0x000000000800413c       0x78 Core/Src/stm32f1xx_hal_msp.o
                0x000000000800413c                HAL_ADC_MspInit
 .text.HAL_I2C_MspInit
                0x00000000080041b4       0x80 Core/Src/stm32f1xx_hal_msp.o
                0x00000000080041b4                HAL_I2C_MspInit
 .text.HAL_SPI_MspInit
                0x0000000008004234       0x94 Core/Src/stm32f1xx_hal_msp.o
                0x0000000008004234                HAL_SPI_MspInit
 .text.HAL_TIM_Base_MspInit
                0x00000000080042c8       0x70 Core/Src/stm32f1xx_hal_msp.o
                0x00000000080042c8                HAL_TIM_Base_MspInit
 .text.HAL_TIM_PWM_MspInit
                0x0000000008004338       0x3c Core/Src/stm32f1xx_hal_msp.o
                0x0000000008004338                HAL_TIM_PWM_MspInit
 .text.HAL_TIM_MspPostInit
                0x0000000008004374       0x68 Core/Src/stm32f1xx_hal_msp.o
                0x0000000008004374                HAL_TIM_MspPostInit
 .text.HAL_UART_MspInit
                0x00000000080043dc       0x98 Core/Src/stm32f1xx_hal_msp.o
                0x00000000080043dc                HAL_UART_MspInit
 .text.NMI_Handler
                0x0000000008004474        0xc Core/Src/stm32f1xx_it.o
                0x0000000008004474                NMI_Handler
 .text.HardFault_Handler
                0x0000000008004480        0x6 Core/Src/stm32f1xx_it.o
                0x0000000008004480                HardFault_Handler
 .text.MemManage_Handler
                0x0000000008004486        0x6 Core/Src/stm32f1xx_it.o
                0x0000000008004486                MemManage_Handler
 .text.BusFault_Handler
                0x000000000800448c        0x6 Core/Src/stm32f1xx_it.o
                0x000000000800448c                BusFault_Handler
 .text.UsageFault_Handler
                0x0000000008004492        0x6 Core/Src/stm32f1xx_it.o
                0x0000000008004492                UsageFault_Handler
 .text.SVC_Handler
                0x0000000008004498        0xc Core/Src/stm32f1xx_it.o
                0x0000000008004498                SVC_Handler
 .text.DebugMon_Handler
                0x00000000080044a4        0xc Core/Src/stm32f1xx_it.o
                0x00000000080044a4                DebugMon_Handler
 .text.PendSV_Handler
                0x00000000080044b0        0xc Core/Src/stm32f1xx_it.o
                0x00000000080044b0                PendSV_Handler
 .text.SysTick_Handler
                0x00000000080044bc        0xc Core/Src/stm32f1xx_it.o
                0x00000000080044bc                SysTick_Handler
 .text.TIM3_IRQHandler
                0x00000000080044c8       0x14 Core/Src/stm32f1xx_it.o
                0x00000000080044c8                TIM3_IRQHandler
 .text._sbrk    0x00000000080044dc       0x58 Core/Src/sysmem.o
                0x00000000080044dc                _sbrk
 .text.SystemInit
                0x0000000008004534       0x68 Core/Src/system_stm32f1xx.o
                0x0000000008004534                SystemInit
 .text.Reset_Handler
                0x000000000800459c       0x48 Core/Startup/startup_stm32f103cbtx.o
                0x000000000800459c                Reset_Handler
 .text.Default_Handler
                0x00000000080045e4        0x2 Core/Startup/startup_stm32f103cbtx.o
                0x00000000080045e4                RTC_Alarm_IRQHandler
                0x00000000080045e4                EXTI2_IRQHandler
                0x00000000080045e4                TIM1_CC_IRQHandler
                0x00000000080045e4                PVD_IRQHandler
                0x00000000080045e4                EXTI3_IRQHandler
                0x00000000080045e4                EXTI0_IRQHandler
                0x00000000080045e4                I2C2_EV_IRQHandler
                0x00000000080045e4                ADC1_2_IRQHandler
                0x00000000080045e4                SPI1_IRQHandler
                0x00000000080045e4                TAMPER_IRQHandler
                0x00000000080045e4                DMA1_Channel4_IRQHandler
                0x00000000080045e4                USART3_IRQHandler
                0x00000000080045e4                RTC_IRQHandler
                0x00000000080045e4                DMA1_Channel7_IRQHandler
                0x00000000080045e4                CAN1_RX1_IRQHandler
                0x00000000080045e4                TIM4_IRQHandler
                0x00000000080045e4                I2C1_EV_IRQHandler
                0x00000000080045e4                DMA1_Channel6_IRQHandler
                0x00000000080045e4                RCC_IRQHandler
                0x00000000080045e4                TIM1_TRG_COM_IRQHandler
                0x00000000080045e4                DMA1_Channel1_IRQHandler
                0x00000000080045e4                Default_Handler
                0x00000000080045e4                EXTI15_10_IRQHandler
                0x00000000080045e4                EXTI9_5_IRQHandler
                0x00000000080045e4                SPI2_IRQHandler
                0x00000000080045e4                DMA1_Channel5_IRQHandler
                0x00000000080045e4                EXTI4_IRQHandler
                0x00000000080045e4                USB_LP_CAN1_RX0_IRQHandler
                0x00000000080045e4                USB_HP_CAN1_TX_IRQHandler
                0x00000000080045e4                DMA1_Channel3_IRQHandler
                0x00000000080045e4                TIM1_UP_IRQHandler
                0x00000000080045e4                WWDG_IRQHandler
                0x00000000080045e4                TIM2_IRQHandler
                0x00000000080045e4                TIM1_BRK_IRQHandler
                0x00000000080045e4                EXTI1_IRQHandler
                0x00000000080045e4                USART2_IRQHandler
                0x00000000080045e4                I2C2_ER_IRQHandler
                0x00000000080045e4                DMA1_Channel2_IRQHandler
                0x00000000080045e4                CAN1_SCE_IRQHandler
                0x00000000080045e4                FLASH_IRQHandler
                0x00000000080045e4                USART1_IRQHandler
                0x00000000080045e4                I2C1_ER_IRQHandler
                0x00000000080045e4                USBWakeUp_IRQHandler
 *fill*         0x00000000080045e6        0x2 
 .text.HAL_Init
                0x00000000080045e8       0x2c Drivers/STM32F1xx_HAL_Driver/Src/stm32f1xx_hal.o
                0x00000000080045e8                HAL_Init
 .text.HAL_InitTick
                0x0000000008004614       0x60 Drivers/STM32F1xx_HAL_Driver/Src/stm32f1xx_hal.o
                0x0000000008004614                HAL_InitTick
 .text.HAL_IncTick
                0x0000000008004674       0x24 Drivers/STM32F1xx_HAL_Driver/Src/stm32f1xx_hal.o
                0x0000000008004674                HAL_IncTick
 .text.HAL_GetTick
                0x0000000008004698       0x14 Drivers/STM32F1xx_HAL_Driver/Src/stm32f1xx_hal.o
                0x0000000008004698                HAL_GetTick
 .text.HAL_Delay
                0x00000000080046ac       0x44 Drivers/STM32F1xx_HAL_Driver/Src/stm32f1xx_hal.o
                0x00000000080046ac                HAL_Delay
 .text.HAL_ADC_Init
                0x00000000080046f0      0x1b0 Drivers/STM32F1xx_HAL_Driver/Src/stm32f1xx_hal_adc.o
                0x00000000080046f0                HAL_ADC_Init
 .text.HAL_ADC_Start
                0x00000000080048a0      0x15c Drivers/STM32F1xx_HAL_Driver/Src/stm32f1xx_hal_adc.o
                0x00000000080048a0                HAL_ADC_Start
 .text.HAL_ADC_Stop
                0x00000000080049fc       0x58 Drivers/STM32F1xx_HAL_Driver/Src/stm32f1xx_hal_adc.o
                0x00000000080049fc                HAL_ADC_Stop
 .text.HAL_ADC_PollForConversion
                0x0000000008004a54      0x1f4 Drivers/STM32F1xx_HAL_Driver/Src/stm32f1xx_hal_adc.o
                0x0000000008004a54                HAL_ADC_PollForConversion
 .text.HAL_ADC_GetValue
                0x0000000008004c48       0x18 Drivers/STM32F1xx_HAL_Driver/Src/stm32f1xx_hal_adc.o
                0x0000000008004c48                HAL_ADC_GetValue
 .text.HAL_ADC_ConfigChannel
                0x0000000008004c60      0x1f0 Drivers/STM32F1xx_HAL_Driver/Src/stm32f1xx_hal_adc.o
                0x0000000008004c60                HAL_ADC_ConfigChannel
 .text.ADC_Enable
                0x0000000008004e50       0xa4 Drivers/STM32F1xx_HAL_Driver/Src/stm32f1xx_hal_adc.o
                0x0000000008004e50                ADC_Enable
 .text.ADC_ConversionStop_Disable
                0x0000000008004ef4       0x74 Drivers/STM32F1xx_HAL_Driver/Src/stm32f1xx_hal_adc.o
                0x0000000008004ef4                ADC_ConversionStop_Disable
 .text.__NVIC_SetPriorityGrouping
                0x0000000008004f68       0x48 Drivers/STM32F1xx_HAL_Driver/Src/stm32f1xx_hal_cortex.o
 .text.__NVIC_GetPriorityGrouping
                0x0000000008004fb0       0x1c Drivers/STM32F1xx_HAL_Driver/Src/stm32f1xx_hal_cortex.o
 .text.__NVIC_EnableIRQ
                0x0000000008004fcc       0x38 Drivers/STM32F1xx_HAL_Driver/Src/stm32f1xx_hal_cortex.o
 .text.__NVIC_SetPriority
                0x0000000008005004       0x54 Drivers/STM32F1xx_HAL_Driver/Src/stm32f1xx_hal_cortex.o
 .text.NVIC_EncodePriority
                0x0000000008005058       0x64 Drivers/STM32F1xx_HAL_Driver/Src/stm32f1xx_hal_cortex.o
 .text.SysTick_Config
                0x00000000080050bc       0x44 Drivers/STM32F1xx_HAL_Driver/Src/stm32f1xx_hal_cortex.o
 .text.HAL_NVIC_SetPriorityGrouping
                0x0000000008005100       0x16 Drivers/STM32F1xx_HAL_Driver/Src/stm32f1xx_hal_cortex.o
                0x0000000008005100                HAL_NVIC_SetPriorityGrouping
 .text.HAL_NVIC_SetPriority
                0x0000000008005116       0x38 Drivers/STM32F1xx_HAL_Driver/Src/stm32f1xx_hal_cortex.o
                0x0000000008005116                HAL_NVIC_SetPriority
 .text.HAL_NVIC_EnableIRQ
                0x000000000800514e       0x1c Drivers/STM32F1xx_HAL_Driver/Src/stm32f1xx_hal_cortex.o
                0x000000000800514e                HAL_NVIC_EnableIRQ
 .text.HAL_SYSTICK_Config
                0x000000000800516a       0x18 Drivers/STM32F1xx_HAL_Driver/Src/stm32f1xx_hal_cortex.o
                0x000000000800516a                HAL_SYSTICK_Config
 *fill*         0x0000000008005182        0x2 
 .text.HAL_GPIO_Init
                0x0000000008005184      0x2b4 Drivers/STM32F1xx_HAL_Driver/Src/stm32f1xx_hal_gpio.o
                0x0000000008005184                HAL_GPIO_Init
 .text.HAL_GPIO_WritePin
                0x0000000008005438       0x30 Drivers/STM32F1xx_HAL_Driver/Src/stm32f1xx_hal_gpio.o
                0x0000000008005438                HAL_GPIO_WritePin
 .text.HAL_GPIO_TogglePin
                0x0000000008005468       0x30 Drivers/STM32F1xx_HAL_Driver/Src/stm32f1xx_hal_gpio.o
                0x0000000008005468                HAL_GPIO_TogglePin
 .text.HAL_I2C_Init
                0x0000000008005498      0x250 Drivers/STM32F1xx_HAL_Driver/Src/stm32f1xx_hal_i2c.o
                0x0000000008005498                HAL_I2C_Init
 .text.HAL_I2C_Master_Transmit
                0x00000000080056e8      0x1fc Drivers/STM32F1xx_HAL_Driver/Src/stm32f1xx_hal_i2c.o
                0x00000000080056e8                HAL_I2C_Master_Transmit
 .text.HAL_I2C_Master_Receive
                0x00000000080058e4      0x45c Drivers/STM32F1xx_HAL_Driver/Src/stm32f1xx_hal_i2c.o
                0x00000000080058e4                HAL_I2C_Master_Receive
 .text.HAL_I2C_IsDeviceReady
                0x0000000008005d40      0x244 Drivers/STM32F1xx_HAL_Driver/Src/stm32f1xx_hal_i2c.o
                0x0000000008005d40                HAL_I2C_IsDeviceReady
 .text.I2C_MasterRequestWrite
                0x0000000008005f84       0xec Drivers/STM32F1xx_HAL_Driver/Src/stm32f1xx_hal_i2c.o
 .text.I2C_MasterRequestRead
                0x0000000008006070      0x16c Drivers/STM32F1xx_HAL_Driver/Src/stm32f1xx_hal_i2c.o
 .text.I2C_WaitOnFlagUntilTimeout
                0x00000000080061dc       0xae Drivers/STM32F1xx_HAL_Driver/Src/stm32f1xx_hal_i2c.o
 .text.I2C_WaitOnMasterAddressFlagUntilTimeout
                0x000000000800628a       0xfe Drivers/STM32F1xx_HAL_Driver/Src/stm32f1xx_hal_i2c.o
 .text.I2C_WaitOnTXEFlagUntilTimeout
                0x0000000008006388       0x82 Drivers/STM32F1xx_HAL_Driver/Src/stm32f1xx_hal_i2c.o
 .text.I2C_WaitOnBTFFlagUntilTimeout
                0x000000000800640a       0x82 Drivers/STM32F1xx_HAL_Driver/Src/stm32f1xx_hal_i2c.o
 .text.I2C_WaitOnRXNEFlagUntilTimeout
                0x000000000800648c       0xac Drivers/STM32F1xx_HAL_Driver/Src/stm32f1xx_hal_i2c.o
 .text.I2C_IsAcknowledgeFailed
                0x0000000008006538       0x5c Drivers/STM32F1xx_HAL_Driver/Src/stm32f1xx_hal_i2c.o
 .text.HAL_RCC_OscConfig
                0x0000000008006594      0x500 Drivers/STM32F1xx_HAL_Driver/Src/stm32f1xx_hal_rcc.o
                0x0000000008006594                HAL_RCC_OscConfig
 .text.HAL_RCC_ClockConfig
                0x0000000008006a94      0x1d4 Drivers/STM32F1xx_HAL_Driver/Src/stm32f1xx_hal_rcc.o
                0x0000000008006a94                HAL_RCC_ClockConfig
 .text.HAL_RCC_GetSysClockFreq
                0x0000000008006c68       0xc4 Drivers/STM32F1xx_HAL_Driver/Src/stm32f1xx_hal_rcc.o
                0x0000000008006c68                HAL_RCC_GetSysClockFreq
 .text.HAL_RCC_GetHCLKFreq
                0x0000000008006d2c       0x14 Drivers/STM32F1xx_HAL_Driver/Src/stm32f1xx_hal_rcc.o
                0x0000000008006d2c                HAL_RCC_GetHCLKFreq
 .text.HAL_RCC_GetPCLK1Freq
                0x0000000008006d40       0x28 Drivers/STM32F1xx_HAL_Driver/Src/stm32f1xx_hal_rcc.o
                0x0000000008006d40                HAL_RCC_GetPCLK1Freq
 .text.HAL_RCC_GetPCLK2Freq
                0x0000000008006d68       0x28 Drivers/STM32F1xx_HAL_Driver/Src/stm32f1xx_hal_rcc.o
                0x0000000008006d68                HAL_RCC_GetPCLK2Freq
 .text.RCC_Delay
                0x0000000008006d90       0x3c Drivers/STM32F1xx_HAL_Driver/Src/stm32f1xx_hal_rcc.o
 .text.HAL_RCCEx_PeriphCLKConfig
                0x0000000008006dcc      0x16c Drivers/STM32F1xx_HAL_Driver/Src/stm32f1xx_hal_rcc_ex.o
                0x0000000008006dcc                HAL_RCCEx_PeriphCLKConfig
 .text.HAL_RCCEx_GetPeriphCLKFreq
                0x0000000008006f38      0x178 Drivers/STM32F1xx_HAL_Driver/Src/stm32f1xx_hal_rcc_ex.o
                0x0000000008006f38                HAL_RCCEx_GetPeriphCLKFreq
 .text.HAL_SPI_Init
                0x00000000080070b0       0xc2 Drivers/STM32F1xx_HAL_Driver/Src/stm32f1xx_hal_spi.o
                0x00000000080070b0                HAL_SPI_Init
 .text.HAL_SPI_Transmit
                0x0000000008007172      0x268 Drivers/STM32F1xx_HAL_Driver/Src/stm32f1xx_hal_spi.o
                0x0000000008007172                HAL_SPI_Transmit
 .text.HAL_SPI_Receive
                0x00000000080073da      0x212 Drivers/STM32F1xx_HAL_Driver/Src/stm32f1xx_hal_spi.o
                0x00000000080073da                HAL_SPI_Receive
 .text.HAL_SPI_TransmitReceive
                0x00000000080075ec      0x344 Drivers/STM32F1xx_HAL_Driver/Src/stm32f1xx_hal_spi.o
                0x00000000080075ec                HAL_SPI_TransmitReceive
 .text.SPI_WaitFlagStateUntilTimeout
                0x0000000008007930       0xd4 Drivers/STM32F1xx_HAL_Driver/Src/stm32f1xx_hal_spi.o
 .text.SPI_EndRxTransaction
                0x0000000008007a04       0xa4 Drivers/STM32F1xx_HAL_Driver/Src/stm32f1xx_hal_spi.o
 .text.SPI_EndRxTxTransaction
                0x0000000008007aa8       0x3c Drivers/STM32F1xx_HAL_Driver/Src/stm32f1xx_hal_spi.o
 .text.HAL_TIM_Base_Init
                0x0000000008007ae4       0x56 Drivers/STM32F1xx_HAL_Driver/Src/stm32f1xx_hal_tim.o
                0x0000000008007ae4                HAL_TIM_Base_Init
 .text.HAL_TIM_Base_Start_IT
                0x0000000008007b3a       0x46 Drivers/STM32F1xx_HAL_Driver/Src/stm32f1xx_hal_tim.o
                0x0000000008007b3a                HAL_TIM_Base_Start_IT
 .text.HAL_TIM_PWM_Init
                0x0000000008007b80       0x56 Drivers/STM32F1xx_HAL_Driver/Src/stm32f1xx_hal_tim.o
                0x0000000008007b80                HAL_TIM_PWM_Init
 *fill*         0x0000000008007bd6        0x2 
 .text.HAL_TIM_PWM_Start
                0x0000000008007bd8       0x64 Drivers/STM32F1xx_HAL_Driver/Src/stm32f1xx_hal_tim.o
                0x0000000008007bd8                HAL_TIM_PWM_Start
 .text.HAL_TIM_IRQHandler
                0x0000000008007c3c      0x210 Drivers/STM32F1xx_HAL_Driver/Src/stm32f1xx_hal_tim.o
                0x0000000008007c3c                HAL_TIM_IRQHandler
 .text.HAL_TIM_PWM_ConfigChannel
                0x0000000008007e4c      0x18c Drivers/STM32F1xx_HAL_Driver/Src/stm32f1xx_hal_tim.o
                0x0000000008007e4c                HAL_TIM_PWM_ConfigChannel
 .text.HAL_TIM_ConfigClockSource
                0x0000000008007fd8      0x16e Drivers/STM32F1xx_HAL_Driver/Src/stm32f1xx_hal_tim.o
                0x0000000008007fd8                HAL_TIM_ConfigClockSource
 .text.HAL_TIM_OC_DelayElapsedCallback
                0x0000000008008146       0x12 Drivers/STM32F1xx_HAL_Driver/Src/stm32f1xx_hal_tim.o
                0x0000000008008146                HAL_TIM_OC_DelayElapsedCallback
 .text.HAL_TIM_IC_CaptureCallback
                0x0000000008008158       0x12 Drivers/STM32F1xx_HAL_Driver/Src/stm32f1xx_hal_tim.o
                0x0000000008008158                HAL_TIM_IC_CaptureCallback
 .text.HAL_TIM_PWM_PulseFinishedCallback
                0x000000000800816a       0x12 Drivers/STM32F1xx_HAL_Driver/Src/stm32f1xx_hal_tim.o
                0x000000000800816a                HAL_TIM_PWM_PulseFinishedCallback
 .text.HAL_TIM_TriggerCallback
                0x000000000800817c       0x12 Drivers/STM32F1xx_HAL_Driver/Src/stm32f1xx_hal_tim.o
                0x000000000800817c                HAL_TIM_TriggerCallback
 *fill*         0x000000000800818e        0x2 
 .text.TIM_Base_SetConfig
                0x0000000008008190       0xc4 Drivers/STM32F1xx_HAL_Driver/Src/stm32f1xx_hal_tim.o
                0x0000000008008190                TIM_Base_SetConfig
 .text.TIM_OC1_SetConfig
                0x0000000008008254       0xcc Drivers/STM32F1xx_HAL_Driver/Src/stm32f1xx_hal_tim.o
 .text.TIM_OC2_SetConfig
                0x0000000008008320       0xd4 Drivers/STM32F1xx_HAL_Driver/Src/stm32f1xx_hal_tim.o
                0x0000000008008320                TIM_OC2_SetConfig
 .text.TIM_OC3_SetConfig
                0x00000000080083f4       0xd4 Drivers/STM32F1xx_HAL_Driver/Src/stm32f1xx_hal_tim.o
 .text.TIM_OC4_SetConfig
                0x00000000080084c8       0x9c Drivers/STM32F1xx_HAL_Driver/Src/stm32f1xx_hal_tim.o
 .text.TIM_TI1_ConfigInputStage
                0x0000000008008564       0x5c Drivers/STM32F1xx_HAL_Driver/Src/stm32f1xx_hal_tim.o
 .text.TIM_TI2_ConfigInputStage
                0x00000000080085c0       0x5e Drivers/STM32F1xx_HAL_Driver/Src/stm32f1xx_hal_tim.o
 .text.TIM_ITRx_SetConfig
                0x000000000800861e       0x34 Drivers/STM32F1xx_HAL_Driver/Src/stm32f1xx_hal_tim.o
 .text.TIM_ETR_SetConfig
                0x0000000008008652       0x3e Drivers/STM32F1xx_HAL_Driver/Src/stm32f1xx_hal_tim.o
                0x0000000008008652                TIM_ETR_SetConfig
 .text.TIM_CCxChannelCmd
                0x0000000008008690       0x48 Drivers/STM32F1xx_HAL_Driver/Src/stm32f1xx_hal_tim.o
                0x0000000008008690                TIM_CCxChannelCmd
 .text.HAL_TIMEx_MasterConfigSynchronization
                0x00000000080086d8       0x88 Drivers/STM32F1xx_HAL_Driver/Src/stm32f1xx_hal_tim_ex.o
                0x00000000080086d8                HAL_TIMEx_MasterConfigSynchronization
 .text.HAL_TIMEx_CommutCallback
                0x0000000008008760       0x12 Drivers/STM32F1xx_HAL_Driver/Src/stm32f1xx_hal_tim_ex.o
                0x0000000008008760                HAL_TIMEx_CommutCallback
 .text.HAL_TIMEx_BreakCallback
                0x0000000008008772       0x12 Drivers/STM32F1xx_HAL_Driver/Src/stm32f1xx_hal_tim_ex.o
                0x0000000008008772                HAL_TIMEx_BreakCallback
 .text.HAL_UART_Init
                0x0000000008008784       0x9a Drivers/STM32F1xx_HAL_Driver/Src/stm32f1xx_hal_uart.o
                0x0000000008008784                HAL_UART_Init
 .text.HAL_UART_Transmit
                0x000000000800881e      0x132 Drivers/STM32F1xx_HAL_Driver/Src/stm32f1xx_hal_uart.o
                0x000000000800881e                HAL_UART_Transmit
 .text.UART_WaitOnFlagUntilTimeout
                0x0000000008008950       0x94 Drivers/STM32F1xx_HAL_Driver/Src/stm32f1xx_hal_uart.o
 .text.UART_SetConfig
                0x00000000080089e4      0x1b4 Drivers/STM32F1xx_HAL_Driver/Src/stm32f1xx_hal_uart.o
 .text.__errno  0x0000000008008b98        0xc c:/st/stm32cubeide_1.3.0/stm32cubeide/plugins/com.st.stm32cube.ide.mcu.externaltools.gnu-tools-for-stm32.7-2018-q2-update.win32_1.0.0.201904181610/tools/bin/../lib/gcc/arm-none-eabi/7.3.1/../../../../arm-none-eabi/lib/thumb/v7-m\libc_nano.a(lib_a-errno.o)
                0x0000000008008b98                __errno
 .text.__libc_init_array
                0x0000000008008ba4       0x48 c:/st/stm32cubeide_1.3.0/stm32cubeide/plugins/com.st.stm32cube.ide.mcu.externaltools.gnu-tools-for-stm32.7-2018-q2-update.win32_1.0.0.201904181610/tools/bin/../lib/gcc/arm-none-eabi/7.3.1/../../../../arm-none-eabi/lib/thumb/v7-m\libc_nano.a(lib_a-init.o)
                0x0000000008008ba4                __libc_init_array
 .text.memcpy   0x0000000008008bec       0x16 c:/st/stm32cubeide_1.3.0/stm32cubeide/plugins/com.st.stm32cube.ide.mcu.externaltools.gnu-tools-for-stm32.7-2018-q2-update.win32_1.0.0.201904181610/tools/bin/../lib/gcc/arm-none-eabi/7.3.1/../../../../arm-none-eabi/lib/thumb/v7-m\libc_nano.a(lib_a-memcpy-stub.o)
                0x0000000008008bec                memcpy
 .text.memset   0x0000000008008c02       0x10 c:/st/stm32cubeide_1.3.0/stm32cubeide/plugins/com.st.stm32cube.ide.mcu.externaltools.gnu-tools-for-stm32.7-2018-q2-update.win32_1.0.0.201904181610/tools/bin/../lib/gcc/arm-none-eabi/7.3.1/../../../../arm-none-eabi/lib/thumb/v7-m\libc_nano.a(lib_a-memset.o)
                0x0000000008008c02                memset
 *fill*         0x0000000008008c12        0x2 
 .text.sprintf  0x0000000008008c14       0x40 c:/st/stm32cubeide_1.3.0/stm32cubeide/plugins/com.st.stm32cube.ide.mcu.externaltools.gnu-tools-for-stm32.7-2018-q2-update.win32_1.0.0.201904181610/tools/bin/../lib/gcc/arm-none-eabi/7.3.1/../../../../arm-none-eabi/lib/thumb/v7-m\libc_nano.a(lib_a-sprintf.o)
                0x0000000008008c14                siprintf
                0x0000000008008c14                sprintf
 .text.__ssputs_r
                0x0000000008008c54       0xb4 c:/st/stm32cubeide_1.3.0/stm32cubeide/plugins/com.st.stm32cube.ide.mcu.externaltools.gnu-tools-for-stm32.7-2018-q2-update.win32_1.0.0.201904181610/tools/bin/../lib/gcc/arm-none-eabi/7.3.1/../../../../arm-none-eabi/lib/thumb/v7-m\libc_nano.a(lib_a-nano-svfprintf.o)
                0x0000000008008c54                __ssputs_r
 .text._svfprintf_r
                0x0000000008008d08      0x1f0 c:/st/stm32cubeide_1.3.0/stm32cubeide/plugins/com.st.stm32cube.ide.mcu.externaltools.gnu-tools-for-stm32.7-2018-q2-update.win32_1.0.0.201904181610/tools/bin/../lib/gcc/arm-none-eabi/7.3.1/../../../../arm-none-eabi/lib/thumb/v7-m\libc_nano.a(lib_a-nano-svfprintf.o)
                0x0000000008008d08                _svfiprintf_r
                0x0000000008008d08                _svfprintf_r
 .text._printf_common
                0x0000000008008ef8       0xec c:/st/stm32cubeide_1.3.0/stm32cubeide/plugins/com.st.stm32cube.ide.mcu.externaltools.gnu-tools-for-stm32.7-2018-q2-update.win32_1.0.0.201904181610/tools/bin/../lib/gcc/arm-none-eabi/7.3.1/../../../../arm-none-eabi/lib/thumb/v7-m\libc_nano.a(lib_a-nano-vfprintf_i.o)
                0x0000000008008ef8                _printf_common
 .text._printf_i
                0x0000000008008fe4      0x224 c:/st/stm32cubeide_1.3.0/stm32cubeide/plugins/com.st.stm32cube.ide.mcu.externaltools.gnu-tools-for-stm32.7-2018-q2-update.win32_1.0.0.201904181610/tools/bin/../lib/gcc/arm-none-eabi/7.3.1/../../../../arm-none-eabi/lib/thumb/v7-m\libc_nano.a(lib_a-nano-vfprintf_i.o)
                0x0000000008008fe4                _printf_i
 .text.memchr   0x0000000008009208       0x1c c:/st/stm32cubeide_1.3.0/stm32cubeide/plugins/com.st.stm32cube.ide.mcu.externaltools.gnu-tools-for-stm32.7-2018-q2-update.win32_1.0.0.201904181610/tools/bin/../lib/gcc/arm-none-eabi/7.3.1/../../../../arm-none-eabi/lib/thumb/v7-m\libc_nano.a(lib_a-memchr-stub.o)
                0x0000000008009208                memchr
 .text.memmove  0x0000000008009224       0x32 c:/st/stm32cubeide_1.3.0/stm32cubeide/plugins/com.st.stm32cube.ide.mcu.externaltools.gnu-tools-for-stm32.7-2018-q2-update.win32_1.0.0.201904181610/tools/bin/../lib/gcc/arm-none-eabi/7.3.1/../../../../arm-none-eabi/lib/thumb/v7-m\libc_nano.a(lib_a-memmove.o)
                0x0000000008009224                memmove
 *fill*         0x0000000008009256        0x2 
 .text._free_r  0x0000000008009258       0x98 c:/st/stm32cubeide_1.3.0/stm32cubeide/plugins/com.st.stm32cube.ide.mcu.externaltools.gnu-tools-for-stm32.7-2018-q2-update.win32_1.0.0.201904181610/tools/bin/../lib/gcc/arm-none-eabi/7.3.1/../../../../arm-none-eabi/lib/thumb/v7-m\libc_nano.a(lib_a-nano-freer.o)
                0x0000000008009258                _free_r
 .text._malloc_r
                0x00000000080092f0       0xb4 c:/st/stm32cubeide_1.3.0/stm32cubeide/plugins/com.st.stm32cube.ide.mcu.externaltools.gnu-tools-for-stm32.7-2018-q2-update.win32_1.0.0.201904181610/tools/bin/../lib/gcc/arm-none-eabi/7.3.1/../../../../arm-none-eabi/lib/thumb/v7-m\libc_nano.a(lib_a-nano-mallocr.o)
                0x00000000080092f0                _malloc_r
 .text._realloc_r
                0x00000000080093a4       0x4c c:/st/stm32cubeide_1.3.0/stm32cubeide/plugins/com.st.stm32cube.ide.mcu.externaltools.gnu-tools-for-stm32.7-2018-q2-update.win32_1.0.0.201904181610/tools/bin/../lib/gcc/arm-none-eabi/7.3.1/../../../../arm-none-eabi/lib/thumb/v7-m\libc_nano.a(lib_a-nano-reallocr.o)
                0x00000000080093a4                _realloc_r
 .text._sbrk_r  0x00000000080093f0       0x20 c:/st/stm32cubeide_1.3.0/stm32cubeide/plugins/com.st.stm32cube.ide.mcu.externaltools.gnu-tools-for-stm32.7-2018-q2-update.win32_1.0.0.201904181610/tools/bin/../lib/gcc/arm-none-eabi/7.3.1/../../../../arm-none-eabi/lib/thumb/v7-m\libc_nano.a(lib_a-sbrkr.o)
                0x00000000080093f0                _sbrk_r
 .text.__malloc_lock
                0x0000000008009410        0x2 c:/st/stm32cubeide_1.3.0/stm32cubeide/plugins/com.st.stm32cube.ide.mcu.externaltools.gnu-tools-for-stm32.7-2018-q2-update.win32_1.0.0.201904181610/tools/bin/../lib/gcc/arm-none-eabi/7.3.1/../../../../arm-none-eabi/lib/thumb/v7-m\libc_nano.a(lib_a-mlock.o)
                0x0000000008009410                __malloc_lock
 .text.__malloc_unlock
                0x0000000008009412        0x2 c:/st/stm32cubeide_1.3.0/stm32cubeide/plugins/com.st.stm32cube.ide.mcu.externaltools.gnu-tools-for-stm32.7-2018-q2-update.win32_1.0.0.201904181610/tools/bin/../lib/gcc/arm-none-eabi/7.3.1/../../../../arm-none-eabi/lib/thumb/v7-m\libc_nano.a(lib_a-mlock.o)
                0x0000000008009412                __malloc_unlock
 .text._malloc_usable_size_r
                0x0000000008009414       0x10 c:/st/stm32cubeide_1.3.0/stm32cubeide/plugins/com.st.stm32cube.ide.mcu.externaltools.gnu-tools-for-stm32.7-2018-q2-update.win32_1.0.0.201904181610/tools/bin/../lib/gcc/arm-none-eabi/7.3.1/../../../../arm-none-eabi/lib/thumb/v7-m\libc_nano.a(lib_a-nano-msizer.o)
                0x0000000008009414                _malloc_usable_size_r
 *(.glue_7)
 .glue_7        0x0000000008009424        0x0 linker stubs
 *(.glue_7t)
 .glue_7t       0x0000000008009424        0x0 linker stubs
 *(.eh_frame)
 .eh_frame      0x0000000008009424        0x0 c:/st/stm32cubeide_1.3.0/stm32cubeide/plugins/com.st.stm32cube.ide.mcu.externaltools.gnu-tools-for-stm32.7-2018-q2-update.win32_1.0.0.201904181610/tools/bin/../lib/gcc/arm-none-eabi/7.3.1/thumb/v7-m/crtbegin.o
 *(.init)
 .init          0x0000000008009424        0x4 c:/st/stm32cubeide_1.3.0/stm32cubeide/plugins/com.st.stm32cube.ide.mcu.externaltools.gnu-tools-for-stm32.7-2018-q2-update.win32_1.0.0.201904181610/tools/bin/../lib/gcc/arm-none-eabi/7.3.1/thumb/v7-m/crti.o
                0x0000000008009424                _init
 .init          0x0000000008009428        0x8 c:/st/stm32cubeide_1.3.0/stm32cubeide/plugins/com.st.stm32cube.ide.mcu.externaltools.gnu-tools-for-stm32.7-2018-q2-update.win32_1.0.0.201904181610/tools/bin/../lib/gcc/arm-none-eabi/7.3.1/thumb/v7-m/crtn.o
 *(.fini)
 .fini          0x0000000008009430        0x4 c:/st/stm32cubeide_1.3.0/stm32cubeide/plugins/com.st.stm32cube.ide.mcu.externaltools.gnu-tools-for-stm32.7-2018-q2-update.win32_1.0.0.201904181610/tools/bin/../lib/gcc/arm-none-eabi/7.3.1/thumb/v7-m/crti.o
                0x0000000008009430                _fini
 .fini          0x0000000008009434        0x8 c:/st/stm32cubeide_1.3.0/stm32cubeide/plugins/com.st.stm32cube.ide.mcu.externaltools.gnu-tools-for-stm32.7-2018-q2-update.win32_1.0.0.201904181610/tools/bin/../lib/gcc/arm-none-eabi/7.3.1/thumb/v7-m/crtn.o
                0x000000000800943c                . = ALIGN (0x4)
                0x000000000800943c                _etext = .

.vfp11_veneer   0x000000000800943c        0x0
 .vfp11_veneer  0x000000000800943c        0x0 linker stubs

.v4_bx          0x000000000800943c        0x0
 .v4_bx         0x000000000800943c        0x0 linker stubs

.iplt           0x000000000800943c        0x0
 .iplt          0x000000000800943c        0x0 c:/st/stm32cubeide_1.3.0/stm32cubeide/plugins/com.st.stm32cube.ide.mcu.externaltools.gnu-tools-for-stm32.7-2018-q2-update.win32_1.0.0.201904181610/tools/bin/../lib/gcc/arm-none-eabi/7.3.1/thumb/v7-m/crtbegin.o

.rodata         0x000000000800943c     0x1314
                0x000000000800943c                . = ALIGN (0x4)
 *(.rodata)
 .rodata        0x000000000800943c      0x541 Core/Src/MY_NRF24.o
 *fill*         0x000000000800997d        0x3 
 .rodata        0x0000000008009980       0x12 Drivers/STM32F1xx_HAL_Driver/Src/stm32f1xx_hal_rcc.o
 *fill*         0x0000000008009992        0x2 
 .rodata        0x0000000008009994       0x12 Drivers/STM32F1xx_HAL_Driver/Src/stm32f1xx_hal_rcc_ex.o
 *(.rodata*)
 *fill*         0x00000000080099a6        0x2 
 .rodata.Font11x18
                0x00000000080099a8      0xd5c Core/Src/fonts.o
                0x00000000080099a8                Font11x18
 .rodata.AHBPrescTable
                0x000000000800a704       0x10 Core/Src/system_stm32f1xx.o
                0x000000000800a704                AHBPrescTable
 .rodata.APBPrescTable
                0x000000000800a714        0x8 Core/Src/system_stm32f1xx.o
                0x000000000800a714                APBPrescTable
 .rodata._svfprintf_r.str1.1
                0x000000000800a71c       0x11 c:/st/stm32cubeide_1.3.0/stm32cubeide/plugins/com.st.stm32cube.ide.mcu.externaltools.gnu-tools-for-stm32.7-2018-q2-update.win32_1.0.0.201904181610/tools/bin/../lib/gcc/arm-none-eabi/7.3.1/../../../../arm-none-eabi/lib/thumb/v7-m\libc_nano.a(lib_a-nano-svfprintf.o)
 .rodata._printf_i.str1.1
                0x000000000800a72d       0x22 c:/st/stm32cubeide_1.3.0/stm32cubeide/plugins/com.st.stm32cube.ide.mcu.externaltools.gnu-tools-for-stm32.7-2018-q2-update.win32_1.0.0.201904181610/tools/bin/../lib/gcc/arm-none-eabi/7.3.1/../../../../arm-none-eabi/lib/thumb/v7-m\libc_nano.a(lib_a-nano-vfprintf_i.o)
                0x000000000800a750                . = ALIGN (0x4)
 *fill*         0x000000000800a74f        0x1 

.ARM.extab      0x000000000800a750        0x0
                0x000000000800a750                . = ALIGN (0x4)
 *(.ARM.extab* .gnu.linkonce.armextab.*)
                0x000000000800a750                . = ALIGN (0x4)

.ARM            0x000000000800a750        0x8
                0x000000000800a750                . = ALIGN (0x4)
                0x000000000800a750                __exidx_start = .
 *(.ARM.exidx*)
 .ARM.exidx     0x000000000800a750        0x8 c:/st/stm32cubeide_1.3.0/stm32cubeide/plugins/com.st.stm32cube.ide.mcu.externaltools.gnu-tools-for-stm32.7-2018-q2-update.win32_1.0.0.201904181610/tools/bin/../lib/gcc/arm-none-eabi/7.3.1/thumb/v7-m\libgcc.a(_udivmoddi4.o)
                0x000000000800a758                __exidx_end = .
                0x000000000800a758                . = ALIGN (0x4)

.rel.dyn        0x000000000800a758        0x0
 .rel.iplt      0x000000000800a758        0x0 c:/st/stm32cubeide_1.3.0/stm32cubeide/plugins/com.st.stm32cube.ide.mcu.externaltools.gnu-tools-for-stm32.7-2018-q2-update.win32_1.0.0.201904181610/tools/bin/../lib/gcc/arm-none-eabi/7.3.1/thumb/v7-m/crtbegin.o

.preinit_array  0x000000000800a758        0x0
                0x000000000800a758                . = ALIGN (0x4)
                0x000000000800a758                PROVIDE (__preinit_array_start = .)
 *(.preinit_array*)
                0x000000000800a758                PROVIDE (__preinit_array_end = .)
                0x000000000800a758                . = ALIGN (0x4)

.init_array     0x000000000800a758        0x4
                0x000000000800a758                . = ALIGN (0x4)
                0x000000000800a758                PROVIDE (__init_array_start = .)
 *(SORT_BY_NAME(.init_array.*))
 *(.init_array*)
 .init_array    0x000000000800a758        0x4 c:/st/stm32cubeide_1.3.0/stm32cubeide/plugins/com.st.stm32cube.ide.mcu.externaltools.gnu-tools-for-stm32.7-2018-q2-update.win32_1.0.0.201904181610/tools/bin/../lib/gcc/arm-none-eabi/7.3.1/thumb/v7-m/crtbegin.o
                0x000000000800a75c                PROVIDE (__init_array_end = .)
                0x000000000800a75c                . = ALIGN (0x4)

.fini_array     0x000000000800a75c        0x4
                0x000000000800a75c                . = ALIGN (0x4)
                [!provide]                        PROVIDE (__fini_array_start = .)
 *(SORT_BY_NAME(.fini_array.*))
 *(.fini_array*)
 .fini_array    0x000000000800a75c        0x4 c:/st/stm32cubeide_1.3.0/stm32cubeide/plugins/com.st.stm32cube.ide.mcu.externaltools.gnu-tools-for-stm32.7-2018-q2-update.win32_1.0.0.201904181610/tools/bin/../lib/gcc/arm-none-eabi/7.3.1/thumb/v7-m/crtbegin.o
                [!provide]                        PROVIDE (__fini_array_end = .)
                0x000000000800a760                . = ALIGN (0x4)
                0x000000000800a760                _sidata = LOADADDR (.data)

.data           0x0000000020000000      0x144 load address 0x000000000800a760
                0x0000000020000000                . = ALIGN (0x4)
                0x0000000020000000                _sdata = .
 *(.data)
 *(.data*)
 .data.Font_11x18
                0x0000000020000000        0x8 Core/Src/fonts.o
                0x0000000020000000                Font_11x18
 .data.bat0_icon16x16
                0x0000000020000008       0x20 Core/Src/main.o
                0x0000000020000008                bat0_icon16x16
 .data.bat1_icon16x16
                0x0000000020000028       0x20 Core/Src/main.o
                0x0000000020000028                bat1_icon16x16
 .data.bat2_icon16x16
                0x0000000020000048       0x20 Core/Src/main.o
                0x0000000020000048                bat2_icon16x16
 .data.bat3_icon16x16
                0x0000000020000068       0x20 Core/Src/main.o
                0x0000000020000068                bat3_icon16x16
 .data.cancel_icon16x16
                0x0000000020000088       0x20 Core/Src/main.o
                0x0000000020000088                cancel_icon16x16
 .data.PipeAddres
                0x00000000200000a8        0x8 Core/Src/main.o
                0x00000000200000a8                PipeAddres
 .data.Msg      0x00000000200000b0       0x20 Core/Src/main.o
                0x00000000200000b0                Msg
 .data.mode     0x00000000200000d0        0x4 Core/Src/main.o
                0x00000000200000d0                mode
 .data.SystemCoreClock
                0x00000000200000d4        0x4 Core/Src/system_stm32f1xx.o
                0x00000000200000d4                SystemCoreClock
 .data.uwTickPrio
                0x00000000200000d8        0x4 Drivers/STM32F1xx_HAL_Driver/Src/stm32f1xx_hal.o
                0x00000000200000d8                uwTickPrio
 .data.uwTickFreq
                0x00000000200000dc        0x1 Drivers/STM32F1xx_HAL_Driver/Src/stm32f1xx_hal.o
                0x00000000200000dc                uwTickFreq
 *fill*         0x00000000200000dd        0x3 
 .data._impure_ptr
                0x00000000200000e0        0x4 c:/st/stm32cubeide_1.3.0/stm32cubeide/plugins/com.st.stm32cube.ide.mcu.externaltools.gnu-tools-for-stm32.7-2018-q2-update.win32_1.0.0.201904181610/tools/bin/../lib/gcc/arm-none-eabi/7.3.1/../../../../arm-none-eabi/lib/thumb/v7-m\libc_nano.a(lib_a-impure.o)
                0x00000000200000e0                _impure_ptr
 .data.impure_data
                0x00000000200000e4       0x60 c:/st/stm32cubeide_1.3.0/stm32cubeide/plugins/com.st.stm32cube.ide.mcu.externaltools.gnu-tools-for-stm32.7-2018-q2-update.win32_1.0.0.201904181610/tools/bin/../lib/gcc/arm-none-eabi/7.3.1/../../../../arm-none-eabi/lib/thumb/v7-m\libc_nano.a(lib_a-impure.o)
                0x0000000020000144                . = ALIGN (0x4)
                0x0000000020000144                _edata = .

.igot.plt       0x0000000020000144        0x0 load address 0x000000000800a8a4
 .igot.plt      0x0000000020000144        0x0 c:/st/stm32cubeide_1.3.0/stm32cubeide/plugins/com.st.stm32cube.ide.mcu.externaltools.gnu-tools-for-stm32.7-2018-q2-update.win32_1.0.0.201904181610/tools/bin/../lib/gcc/arm-none-eabi/7.3.1/thumb/v7-m/crtbegin.o
                0x0000000020000144                . = ALIGN (0x4)

.bss            0x0000000020000148      0x864 load address 0x000000000800a8a4
                0x0000000020000148                _sbss = .
                0x0000000020000148                __bss_start__ = _sbss
 *(.bss)
 .bss           0x0000000020000148       0x1c c:/st/stm32cubeide_1.3.0/stm32cubeide/plugins/com.st.stm32cube.ide.mcu.externaltools.gnu-tools-for-stm32.7-2018-q2-update.win32_1.0.0.201904181610/tools/bin/../lib/gcc/arm-none-eabi/7.3.1/thumb/v7-m/crtbegin.o
 *(.bss*)
 .bss.Timer     0x0000000020000164       0x40 Core/Src/AccelGyro.o
 .bss.ack_payload_available
                0x00000000200001a4        0x1 Core/Src/MY_NRF24.o
 .bss.ack_payload_length
                0x00000000200001a5        0x1 Core/Src/MY_NRF24.o
 .bss.payload_size
                0x00000000200001a6        0x1 Core/Src/MY_NRF24.o
 .bss.dynamic_payloads_enabled
                0x00000000200001a7        0x1 Core/Src/MY_NRF24.o
 .bss.wide_band
                0x00000000200001a8        0x1 Core/Src/MY_NRF24.o
 *fill*         0x00000000200001a9        0x3 
 .bss.nrf24_PORT
                0x00000000200001ac        0x4 Core/Src/MY_NRF24.o
 .bss.nrf24_CSN_PIN
                0x00000000200001b0        0x2 Core/Src/MY_NRF24.o
 .bss.nrf24_CE_PIN
                0x00000000200001b2        0x2 Core/Src/MY_NRF24.o
 .bss.nrf24_hspi
                0x00000000200001b4       0x58 Core/Src/MY_NRF24.o
 .bss.nrf24_huart
                0x000000002000020c       0x40 Core/Src/MY_NRF24.o
 .bss.i2cHandler
                0x000000002000024c       0x54 Core/Src/TJ_MPU6050.o
 .bss.accelScalingFactor
                0x00000000200002a0        0x4 Core/Src/TJ_MPU6050.o
 .bss.gyroScalingFactor
                0x00000000200002a4        0x4 Core/Src/TJ_MPU6050.o
 .bss.GyroRW    0x00000000200002a8        0x6 Core/Src/TJ_MPU6050.o
 *fill*         0x00000000200002ae        0x2 
 .bss.Flag      0x00000000200002b0        0x4 Core/Src/main.o
                0x00000000200002b0                Flag
 .bss.SSD1306_Buffer
                0x00000000200002b4      0x400 Core/Src/ssd1306.o
 .bss.SSD1306   0x00000000200006b4        0x6 Core/Src/ssd1306.o
 *fill*         0x00000000200006ba        0x2 
 .bss.heap_end.5149
                0x00000000200006bc        0x4 Core/Src/sysmem.o
 .bss.__malloc_free_list
                0x00000000200006c0        0x4 c:/st/stm32cubeide_1.3.0/stm32cubeide/plugins/com.st.stm32cube.ide.mcu.externaltools.gnu-tools-for-stm32.7-2018-q2-update.win32_1.0.0.201904181610/tools/bin/../lib/gcc/arm-none-eabi/7.3.1/../../../../arm-none-eabi/lib/thumb/v7-m\libc_nano.a(lib_a-nano-mallocr.o)
                0x00000000200006c0                __malloc_free_list
 .bss.__malloc_sbrk_start
                0x00000000200006c4        0x4 c:/st/stm32cubeide_1.3.0/stm32cubeide/plugins/com.st.stm32cube.ide.mcu.externaltools.gnu-tools-for-stm32.7-2018-q2-update.win32_1.0.0.201904181610/tools/bin/../lib/gcc/arm-none-eabi/7.3.1/../../../../arm-none-eabi/lib/thumb/v7-m\libc_nano.a(lib_a-nano-mallocr.o)
                0x00000000200006c4                __malloc_sbrk_start
 *(COMMON)
 COMMON         0x00000000200006c8       0xe0 Core/Src/AccelGyro.o
                0x00000000200006c8                Distance
                0x00000000200006f8                LastAcceleration
                0x0000000020000704                AccelData
                0x0000000020000710                LastVelocity
                0x0000000020000740                Acceleration
                0x000000002000074c                RawData
                0x0000000020000758                Velocity
                0x0000000020000788                Callibration
                0x0000000020000794                GyroData
                0x000000002000079c                MpuConfig
                0x00000000200007a4                MiliSec
 COMMON         0x00000000200007a8      0x1fc Core/Src/main.o
                0x00000000200007a8                htim4
                0x00000000200007e8                hi2c2
                0x000000002000083c                htim3
                0x000000002000087c                hadc1
                0x00000000200008ac                RF_RxData
                0x00000000200008cc                huart1
                0x000000002000090c                hspi1
                0x0000000020000964                htim2
 COMMON         0x00000000200009a4        0x4 Drivers/STM32F1xx_HAL_Driver/Src/stm32f1xx_hal.o
                0x00000000200009a4                uwTick
 COMMON         0x00000000200009a8        0x4 c:/st/stm32cubeide_1.3.0/stm32cubeide/plugins/com.st.stm32cube.ide.mcu.externaltools.gnu-tools-for-stm32.7-2018-q2-update.win32_1.0.0.201904181610/tools/bin/../lib/gcc/arm-none-eabi/7.3.1/../../../../arm-none-eabi/lib/thumb/v7-m\libc_nano.a(lib_a-reent.o)
                0x00000000200009a8                errno
                0x00000000200009ac                . = ALIGN (0x4)
                0x00000000200009ac                _ebss = .
                0x00000000200009ac                __bss_end__ = _ebss

._user_heap_stack
                0x00000000200009ac      0x604 load address 0x000000000800a8a4
                0x00000000200009b0                . = ALIGN (0x8)
 *fill*         0x00000000200009ac        0x4 
                0x00000000200009b0                PROVIDE (end = .)
                [!provide]                        PROVIDE (_end = .)
                0x0000000020000bb0                . = (. + _Min_Heap_Size)
 *fill*         0x00000000200009b0      0x200 
                0x0000000020000fb0                . = (. + _Min_Stack_Size)
 *fill*         0x0000000020000bb0      0x400 
                0x0000000020000fb0                . = ALIGN (0x8)

/DISCARD/
 libc.a(*)
 libm.a(*)
 libgcc.a(*)

.ARM.attributes
                0x0000000000000000       0x29
 *(.ARM.attributes)
 .ARM.attributes
                0x0000000000000000       0x1d c:/st/stm32cubeide_1.3.0/stm32cubeide/plugins/com.st.stm32cube.ide.mcu.externaltools.gnu-tools-for-stm32.7-2018-q2-update.win32_1.0.0.201904181610/tools/bin/../lib/gcc/arm-none-eabi/7.3.1/thumb/v7-m/crti.o
 .ARM.attributes
                0x000000000000001d       0x2d c:/st/stm32cubeide_1.3.0/stm32cubeide/plugins/com.st.stm32cube.ide.mcu.externaltools.gnu-tools-for-stm32.7-2018-q2-update.win32_1.0.0.201904181610/tools/bin/../lib/gcc/arm-none-eabi/7.3.1/thumb/v7-m/crtbegin.o
 .ARM.attributes
                0x000000000000004a       0x33 Core/Src/AccelGyro.o
 .ARM.attributes
                0x000000000000007d       0x33 Core/Src/MY_NRF24.o
 .ARM.attributes
                0x00000000000000b0       0x33 Core/Src/TJ_MPU6050.o
 .ARM.attributes
                0x00000000000000e3       0x33 Core/Src/fonts.o
 .ARM.attributes
                0x0000000000000116       0x33 Core/Src/i2c-lcd.o
 .ARM.attributes
                0x0000000000000149       0x33 Core/Src/main.o
 .ARM.attributes
                0x000000000000017c       0x33 Core/Src/ssd1306.o
 .ARM.attributes
                0x00000000000001af       0x33 Core/Src/stm32f1xx_hal_msp.o
 .ARM.attributes
                0x00000000000001e2       0x33 Core/Src/stm32f1xx_it.o
 .ARM.attributes
                0x0000000000000215       0x33 Core/Src/sysmem.o
 .ARM.attributes
                0x0000000000000248       0x33 Core/Src/system_stm32f1xx.o
 .ARM.attributes
                0x000000000000027b       0x21 Core/Startup/startup_stm32f103cbtx.o
 .ARM.attributes
                0x000000000000029c       0x33 Drivers/STM32F1xx_HAL_Driver/Src/stm32f1xx_hal.o
 .ARM.attributes
                0x00000000000002cf       0x33 Drivers/STM32F1xx_HAL_Driver/Src/stm32f1xx_hal_adc.o
 .ARM.attributes
                0x0000000000000302       0x33 Drivers/STM32F1xx_HAL_Driver/Src/stm32f1xx_hal_cortex.o
 .ARM.attributes
                0x0000000000000335       0x33 Drivers/STM32F1xx_HAL_Driver/Src/stm32f1xx_hal_gpio.o
 .ARM.attributes
                0x0000000000000368       0x33 Drivers/STM32F1xx_HAL_Driver/Src/stm32f1xx_hal_i2c.o
 .ARM.attributes
                0x000000000000039b       0x33 Drivers/STM32F1xx_HAL_Driver/Src/stm32f1xx_hal_rcc.o
 .ARM.attributes
                0x00000000000003ce       0x33 Drivers/STM32F1xx_HAL_Driver/Src/stm32f1xx_hal_rcc_ex.o
 .ARM.attributes
                0x0000000000000401       0x33 Drivers/STM32F1xx_HAL_Driver/Src/stm32f1xx_hal_spi.o
 .ARM.attributes
                0x0000000000000434       0x33 Drivers/STM32F1xx_HAL_Driver/Src/stm32f1xx_hal_tim.o
 .ARM.attributes
                0x0000000000000467       0x33 Drivers/STM32F1xx_HAL_Driver/Src/stm32f1xx_hal_tim_ex.o
 .ARM.attributes
                0x000000000000049a       0x33 Drivers/STM32F1xx_HAL_Driver/Src/stm32f1xx_hal_uart.o
 .ARM.attributes
                0x00000000000004cd       0x2d c:/st/stm32cubeide_1.3.0/stm32cubeide/plugins/com.st.stm32cube.ide.mcu.externaltools.gnu-tools-for-stm32.7-2018-q2-update.win32_1.0.0.201904181610/tools/bin/../lib/gcc/arm-none-eabi/7.3.1/../../../../arm-none-eabi/lib/thumb/v7-m\libc_nano.a(lib_a-errno.o)
 .ARM.attributes
                0x00000000000004fa       0x2d c:/st/stm32cubeide_1.3.0/stm32cubeide/plugins/com.st.stm32cube.ide.mcu.externaltools.gnu-tools-for-stm32.7-2018-q2-update.win32_1.0.0.201904181610/tools/bin/../lib/gcc/arm-none-eabi/7.3.1/../../../../arm-none-eabi/lib/thumb/v7-m\libc_nano.a(lib_a-impure.o)
 .ARM.attributes
                0x0000000000000527       0x2d c:/st/stm32cubeide_1.3.0/stm32cubeide/plugins/com.st.stm32cube.ide.mcu.externaltools.gnu-tools-for-stm32.7-2018-q2-update.win32_1.0.0.201904181610/tools/bin/../lib/gcc/arm-none-eabi/7.3.1/../../../../arm-none-eabi/lib/thumb/v7-m\libc_nano.a(lib_a-init.o)
 .ARM.attributes
                0x0000000000000554       0x2d c:/st/stm32cubeide_1.3.0/stm32cubeide/plugins/com.st.stm32cube.ide.mcu.externaltools.gnu-tools-for-stm32.7-2018-q2-update.win32_1.0.0.201904181610/tools/bin/../lib/gcc/arm-none-eabi/7.3.1/../../../../arm-none-eabi/lib/thumb/v7-m\libc_nano.a(lib_a-memcpy-stub.o)
 .ARM.attributes
                0x0000000000000581       0x2d c:/st/stm32cubeide_1.3.0/stm32cubeide/plugins/com.st.stm32cube.ide.mcu.externaltools.gnu-tools-for-stm32.7-2018-q2-update.win32_1.0.0.201904181610/tools/bin/../lib/gcc/arm-none-eabi/7.3.1/../../../../arm-none-eabi/lib/thumb/v7-m\libc_nano.a(lib_a-memset.o)
 .ARM.attributes
                0x00000000000005ae       0x2d c:/st/stm32cubeide_1.3.0/stm32cubeide/plugins/com.st.stm32cube.ide.mcu.externaltools.gnu-tools-for-stm32.7-2018-q2-update.win32_1.0.0.201904181610/tools/bin/../lib/gcc/arm-none-eabi/7.3.1/../../../../arm-none-eabi/lib/thumb/v7-m\libc_nano.a(lib_a-sprintf.o)
 .ARM.attributes
                0x00000000000005db       0x17 c:/st/stm32cubeide_1.3.0/stm32cubeide/plugins/com.st.stm32cube.ide.mcu.externaltools.gnu-tools-for-stm32.7-2018-q2-update.win32_1.0.0.201904181610/tools/bin/../lib/gcc/arm-none-eabi/7.3.1/../../../../arm-none-eabi/lib/thumb/v7-m\libc_nano.a(lib_a-strlen.o)
 .ARM.attributes
                0x00000000000005f2       0x2d c:/st/stm32cubeide_1.3.0/stm32cubeide/plugins/com.st.stm32cube.ide.mcu.externaltools.gnu-tools-for-stm32.7-2018-q2-update.win32_1.0.0.201904181610/tools/bin/../lib/gcc/arm-none-eabi/7.3.1/../../../../arm-none-eabi/lib/thumb/v7-m\libc_nano.a(lib_a-nano-svfprintf.o)
 .ARM.attributes
                0x000000000000061f       0x2d c:/st/stm32cubeide_1.3.0/stm32cubeide/plugins/com.st.stm32cube.ide.mcu.externaltools.gnu-tools-for-stm32.7-2018-q2-update.win32_1.0.0.201904181610/tools/bin/../lib/gcc/arm-none-eabi/7.3.1/../../../../arm-none-eabi/lib/thumb/v7-m\libc_nano.a(lib_a-nano-vfprintf_i.o)
 .ARM.attributes
                0x000000000000064c       0x2d c:/st/stm32cubeide_1.3.0/stm32cubeide/plugins/com.st.stm32cube.ide.mcu.externaltools.gnu-tools-for-stm32.7-2018-q2-update.win32_1.0.0.201904181610/tools/bin/../lib/gcc/arm-none-eabi/7.3.1/../../../../arm-none-eabi/lib/thumb/v7-m\libc_nano.a(lib_a-memchr-stub.o)
 .ARM.attributes
                0x0000000000000679       0x2d c:/st/stm32cubeide_1.3.0/stm32cubeide/plugins/com.st.stm32cube.ide.mcu.externaltools.gnu-tools-for-stm32.7-2018-q2-update.win32_1.0.0.201904181610/tools/bin/../lib/gcc/arm-none-eabi/7.3.1/../../../../arm-none-eabi/lib/thumb/v7-m\libc_nano.a(lib_a-memmove.o)
 .ARM.attributes
                0x00000000000006a6       0x2d c:/st/stm32cubeide_1.3.0/stm32cubeide/plugins/com.st.stm32cube.ide.mcu.externaltools.gnu-tools-for-stm32.7-2018-q2-update.win32_1.0.0.201904181610/tools/bin/../lib/gcc/arm-none-eabi/7.3.1/../../../../arm-none-eabi/lib/thumb/v7-m\libc_nano.a(lib_a-nano-freer.o)
 .ARM.attributes
                0x00000000000006d3       0x2d c:/st/stm32cubeide_1.3.0/stm32cubeide/plugins/com.st.stm32cube.ide.mcu.externaltools.gnu-tools-for-stm32.7-2018-q2-update.win32_1.0.0.201904181610/tools/bin/../lib/gcc/arm-none-eabi/7.3.1/../../../../arm-none-eabi/lib/thumb/v7-m\libc_nano.a(lib_a-nano-mallocr.o)
 .ARM.attributes
                0x0000000000000700       0x2d c:/st/stm32cubeide_1.3.0/stm32cubeide/plugins/com.st.stm32cube.ide.mcu.externaltools.gnu-tools-for-stm32.7-2018-q2-update.win32_1.0.0.201904181610/tools/bin/../lib/gcc/arm-none-eabi/7.3.1/../../../../arm-none-eabi/lib/thumb/v7-m\libc_nano.a(lib_a-nano-reallocr.o)
 .ARM.attributes
                0x000000000000072d       0x2d c:/st/stm32cubeide_1.3.0/stm32cubeide/plugins/com.st.stm32cube.ide.mcu.externaltools.gnu-tools-for-stm32.7-2018-q2-update.win32_1.0.0.201904181610/tools/bin/../lib/gcc/arm-none-eabi/7.3.1/../../../../arm-none-eabi/lib/thumb/v7-m\libc_nano.a(lib_a-sbrkr.o)
 .ARM.attributes
                0x000000000000075a       0x2d c:/st/stm32cubeide_1.3.0/stm32cubeide/plugins/com.st.stm32cube.ide.mcu.externaltools.gnu-tools-for-stm32.7-2018-q2-update.win32_1.0.0.201904181610/tools/bin/../lib/gcc/arm-none-eabi/7.3.1/../../../../arm-none-eabi/lib/thumb/v7-m\libc_nano.a(lib_a-mlock.o)
 .ARM.attributes
                0x0000000000000787       0x2d c:/st/stm32cubeide_1.3.0/stm32cubeide/plugins/com.st.stm32cube.ide.mcu.externaltools.gnu-tools-for-stm32.7-2018-q2-update.win32_1.0.0.201904181610/tools/bin/../lib/gcc/arm-none-eabi/7.3.1/../../../../arm-none-eabi/lib/thumb/v7-m\libc_nano.a(lib_a-nano-msizer.o)
 .ARM.attributes
                0x00000000000007b4       0x2d c:/st/stm32cubeide_1.3.0/stm32cubeide/plugins/com.st.stm32cube.ide.mcu.externaltools.gnu-tools-for-stm32.7-2018-q2-update.win32_1.0.0.201904181610/tools/bin/../lib/gcc/arm-none-eabi/7.3.1/../../../../arm-none-eabi/lib/thumb/v7-m\libc_nano.a(lib_a-reent.o)
 .ARM.attributes
                0x00000000000007e1       0x1d c:/st/stm32cubeide_1.3.0/stm32cubeide/plugins/com.st.stm32cube.ide.mcu.externaltools.gnu-tools-for-stm32.7-2018-q2-update.win32_1.0.0.201904181610/tools/bin/../lib/gcc/arm-none-eabi/7.3.1/thumb/v7-m\libgcc.a(_arm_addsubdf3.o)
 .ARM.attributes
                0x00000000000007fe       0x1d c:/st/stm32cubeide_1.3.0/stm32cubeide/plugins/com.st.stm32cube.ide.mcu.externaltools.gnu-tools-for-stm32.7-2018-q2-update.win32_1.0.0.201904181610/tools/bin/../lib/gcc/arm-none-eabi/7.3.1/thumb/v7-m\libgcc.a(_arm_muldivdf3.o)
 .ARM.attributes
                0x000000000000081b       0x1d c:/st/stm32cubeide_1.3.0/stm32cubeide/plugins/com.st.stm32cube.ide.mcu.externaltools.gnu-tools-for-stm32.7-2018-q2-update.win32_1.0.0.201904181610/tools/bin/../lib/gcc/arm-none-eabi/7.3.1/thumb/v7-m\libgcc.a(_arm_fixdfsi.o)
 .ARM.attributes
                0x0000000000000838       0x1d c:/st/stm32cubeide_1.3.0/stm32cubeide/plugins/com.st.stm32cube.ide.mcu.externaltools.gnu-tools-for-stm32.7-2018-q2-update.win32_1.0.0.201904181610/tools/bin/../lib/gcc/arm-none-eabi/7.3.1/thumb/v7-m\libgcc.a(_aeabi_ldivmod.o)
 .ARM.attributes
                0x0000000000000855       0x2d c:/st/stm32cubeide_1.3.0/stm32cubeide/plugins/com.st.stm32cube.ide.mcu.externaltools.gnu-tools-for-stm32.7-2018-q2-update.win32_1.0.0.201904181610/tools/bin/../lib/gcc/arm-none-eabi/7.3.1/thumb/v7-m\libgcc.a(_udivmoddi4.o)
 .ARM.attributes
                0x0000000000000882       0x1d c:/st/stm32cubeide_1.3.0/stm32cubeide/plugins/com.st.stm32cube.ide.mcu.externaltools.gnu-tools-for-stm32.7-2018-q2-update.win32_1.0.0.201904181610/tools/bin/../lib/gcc/arm-none-eabi/7.3.1/thumb/v7-m\libgcc.a(_dvmd_tls.o)
 .ARM.attributes
                0x000000000000089f       0x1d c:/st/stm32cubeide_1.3.0/stm32cubeide/plugins/com.st.stm32cube.ide.mcu.externaltools.gnu-tools-for-stm32.7-2018-q2-update.win32_1.0.0.201904181610/tools/bin/../lib/gcc/arm-none-eabi/7.3.1/thumb/v7-m/crtn.o
OUTPUT(Mic.elf elf32-littlearm)

.debug_info     0x0000000000000000    0x174af
 .debug_info    0x0000000000000000     0x1522 Core/Src/AccelGyro.o
 .debug_info    0x0000000000001522     0x1d69 Core/Src/MY_NRF24.o
 .debug_info    0x000000000000328b     0x13aa Core/Src/TJ_MPU6050.o
 .debug_info    0x0000000000004635      0xb0c Core/Src/fonts.o
 .debug_info    0x0000000000005141      0x705 Core/Src/i2c-lcd.o
 .debug_info    0x0000000000005846     0x28ce Core/Src/main.o
 .debug_info    0x0000000000008114     0x17d0 Core/Src/ssd1306.o
 .debug_info    0x00000000000098e4     0x1591 Core/Src/stm32f1xx_hal_msp.o
 .debug_info    0x000000000000ae75      0x698 Core/Src/stm32f1xx_it.o
 .debug_info    0x000000000000b50d      0x91c Core/Src/sysmem.o
 .debug_info    0x000000000000be29      0x433 Core/Src/system_stm32f1xx.o
 .debug_info    0x000000000000c25c       0x22 Core/Startup/startup_stm32f103cbtx.o
 .debug_info    0x000000000000c27e      0x6fe Drivers/STM32F1xx_HAL_Driver/Src/stm32f1xx_hal.o
 .debug_info    0x000000000000c97c      0xc61 Drivers/STM32F1xx_HAL_Driver/Src/stm32f1xx_hal_adc.o
 .debug_info    0x000000000000d5dd      0xb46 Drivers/STM32F1xx_HAL_Driver/Src/stm32f1xx_hal_cortex.o
 .debug_info    0x000000000000e123      0x681 Drivers/STM32F1xx_HAL_Driver/Src/stm32f1xx_hal_gpio.o
 .debug_info    0x000000000000e7a4     0x2457 Drivers/STM32F1xx_HAL_Driver/Src/stm32f1xx_hal_i2c.o
 .debug_info    0x0000000000010bfb      0x804 Drivers/STM32F1xx_HAL_Driver/Src/stm32f1xx_hal_rcc.o
 .debug_info    0x00000000000113ff      0x439 Drivers/STM32F1xx_HAL_Driver/Src/stm32f1xx_hal_rcc_ex.o
 .debug_info    0x0000000000011838     0x153a Drivers/STM32F1xx_HAL_Driver/Src/stm32f1xx_hal_spi.o
 .debug_info    0x0000000000012d72     0x2456 Drivers/STM32F1xx_HAL_Driver/Src/stm32f1xx_hal_tim.o
 .debug_info    0x00000000000151c8     0x1104 Drivers/STM32F1xx_HAL_Driver/Src/stm32f1xx_hal_tim_ex.o
 .debug_info    0x00000000000162cc     0x11e3 Drivers/STM32F1xx_HAL_Driver/Src/stm32f1xx_hal_uart.o

.debug_abbrev   0x0000000000000000     0x2f24
 .debug_abbrev  0x0000000000000000      0x25f Core/Src/AccelGyro.o
 .debug_abbrev  0x000000000000025f      0x34c Core/Src/MY_NRF24.o
 .debug_abbrev  0x00000000000005ab      0x250 Core/Src/TJ_MPU6050.o
 .debug_abbrev  0x00000000000007fb      0x1de Core/Src/fonts.o
 .debug_abbrev  0x00000000000009d9      0x190 Core/Src/i2c-lcd.o
 .debug_abbrev  0x0000000000000b69      0x36a Core/Src/main.o
 .debug_abbrev  0x0000000000000ed3      0x2dc Core/Src/ssd1306.o
 .debug_abbrev  0x00000000000011af      0x1f8 Core/Src/stm32f1xx_hal_msp.o
 .debug_abbrev  0x00000000000013a7      0x15a Core/Src/stm32f1xx_it.o
 .debug_abbrev  0x0000000000001501      0x1bb Core/Src/sysmem.o
 .debug_abbrev  0x00000000000016bc      0x134 Core/Src/system_stm32f1xx.o
 .debug_abbrev  0x00000000000017f0       0x12 Core/Startup/startup_stm32f103cbtx.o
 .debug_abbrev  0x0000000000001802      0x1d8 Drivers/STM32F1xx_HAL_Driver/Src/stm32f1xx_hal.o
 .debug_abbrev  0x00000000000019da      0x1d5 Drivers/STM32F1xx_HAL_Driver/Src/stm32f1xx_hal_adc.o
 .debug_abbrev  0x0000000000001baf      0x2d5 Drivers/STM32F1xx_HAL_Driver/Src/stm32f1xx_hal_cortex.o
 .debug_abbrev  0x0000000000001e84      0x1c0 Drivers/STM32F1xx_HAL_Driver/Src/stm32f1xx_hal_gpio.o
 .debug_abbrev  0x0000000000002044      0x258 Drivers/STM32F1xx_HAL_Driver/Src/stm32f1xx_hal_i2c.o
 .debug_abbrev  0x000000000000229c      0x243 Drivers/STM32F1xx_HAL_Driver/Src/stm32f1xx_hal_rcc.o
 .debug_abbrev  0x00000000000024df      0x175 Drivers/STM32F1xx_HAL_Driver/Src/stm32f1xx_hal_rcc_ex.o
 .debug_abbrev  0x0000000000002654      0x240 Drivers/STM32F1xx_HAL_Driver/Src/stm32f1xx_hal_spi.o
 .debug_abbrev  0x0000000000002894      0x230 Drivers/STM32F1xx_HAL_Driver/Src/stm32f1xx_hal_tim.o
 .debug_abbrev  0x0000000000002ac4      0x21e Drivers/STM32F1xx_HAL_Driver/Src/stm32f1xx_hal_tim_ex.o
 .debug_abbrev  0x0000000000002ce2      0x242 Drivers/STM32F1xx_HAL_Driver/Src/stm32f1xx_hal_uart.o

.debug_aranges  0x0000000000000000     0x14f8
 .debug_aranges
                0x0000000000000000       0x48 Core/Src/AccelGyro.o
 .debug_aranges
                0x0000000000000048      0x1d0 Core/Src/MY_NRF24.o
 .debug_aranges
                0x0000000000000218       0x88 Core/Src/TJ_MPU6050.o
 .debug_aranges
                0x00000000000002a0       0x20 Core/Src/fonts.o
 .debug_aranges
                0x00000000000002c0       0x38 Core/Src/i2c-lcd.o
 .debug_aranges
                0x00000000000002f8       0xc8 Core/Src/main.o
 .debug_aranges
                0x00000000000003c0       0xc8 Core/Src/ssd1306.o
 .debug_aranges
                0x0000000000000488       0x88 Core/Src/stm32f1xx_hal_msp.o
 .debug_aranges
                0x0000000000000510       0x68 Core/Src/stm32f1xx_it.o
 .debug_aranges
                0x0000000000000578       0x20 Core/Src/sysmem.o
 .debug_aranges
                0x0000000000000598       0x28 Core/Src/system_stm32f1xx.o
 .debug_aranges
                0x00000000000005c0       0x28 Core/Startup/startup_stm32f103cbtx.o
 .debug_aranges
                0x00000000000005e8       0xe0 Drivers/STM32F1xx_HAL_Driver/Src/stm32f1xx_hal.o
 .debug_aranges
                0x00000000000006c8       0xf0 Drivers/STM32F1xx_HAL_Driver/Src/stm32f1xx_hal_adc.o
 .debug_aranges
                0x00000000000007b8      0x100 Drivers/STM32F1xx_HAL_Driver/Src/stm32f1xx_hal_cortex.o
 .debug_aranges
                0x00000000000008b8       0x58 Drivers/STM32F1xx_HAL_Driver/Src/stm32f1xx_hal_gpio.o
 .debug_aranges
                0x0000000000000910      0x290 Drivers/STM32F1xx_HAL_Driver/Src/stm32f1xx_hal_i2c.o
 .debug_aranges
                0x0000000000000ba0       0x90 Drivers/STM32F1xx_HAL_Driver/Src/stm32f1xx_hal_rcc.o
 .debug_aranges
                0x0000000000000c30       0x30 Drivers/STM32F1xx_HAL_Driver/Src/stm32f1xx_hal_rcc_ex.o
 .debug_aranges
                0x0000000000000c60      0x1d0 Drivers/STM32F1xx_HAL_Driver/Src/stm32f1xx_hal_spi.o
 .debug_aranges
                0x0000000000000e30      0x3a8 Drivers/STM32F1xx_HAL_Driver/Src/stm32f1xx_hal_tim.o
 .debug_aranges
                0x00000000000011d8      0x150 Drivers/STM32F1xx_HAL_Driver/Src/stm32f1xx_hal_tim_ex.o
 .debug_aranges
                0x0000000000001328      0x1d0 Drivers/STM32F1xx_HAL_Driver/Src/stm32f1xx_hal_uart.o

.debug_ranges   0x0000000000000000     0x13b0
 .debug_ranges  0x0000000000000000       0x38 Core/Src/AccelGyro.o
 .debug_ranges  0x0000000000000038      0x1c0 Core/Src/MY_NRF24.o
 .debug_ranges  0x00000000000001f8       0x78 Core/Src/TJ_MPU6050.o
 .debug_ranges  0x0000000000000270       0x10 Core/Src/fonts.o
 .debug_ranges  0x0000000000000280       0x28 Core/Src/i2c-lcd.o
 .debug_ranges  0x00000000000002a8       0xb8 Core/Src/main.o
 .debug_ranges  0x0000000000000360       0xb8 Core/Src/ssd1306.o
 .debug_ranges  0x0000000000000418       0x78 Core/Src/stm32f1xx_hal_msp.o
 .debug_ranges  0x0000000000000490       0x58 Core/Src/stm32f1xx_it.o
 .debug_ranges  0x00000000000004e8       0x10 Core/Src/sysmem.o
 .debug_ranges  0x00000000000004f8       0x18 Core/Src/system_stm32f1xx.o
 .debug_ranges  0x0000000000000510       0x20 Core/Startup/startup_stm32f103cbtx.o
 .debug_ranges  0x0000000000000530       0xd0 Drivers/STM32F1xx_HAL_Driver/Src/stm32f1xx_hal.o
 .debug_ranges  0x0000000000000600       0xe0 Drivers/STM32F1xx_HAL_Driver/Src/stm32f1xx_hal_adc.o
 .debug_ranges  0x00000000000006e0       0xf0 Drivers/STM32F1xx_HAL_Driver/Src/stm32f1xx_hal_cortex.o
 .debug_ranges  0x00000000000007d0       0x48 Drivers/STM32F1xx_HAL_Driver/Src/stm32f1xx_hal_gpio.o
 .debug_ranges  0x0000000000000818      0x2a0 Drivers/STM32F1xx_HAL_Driver/Src/stm32f1xx_hal_i2c.o
 .debug_ranges  0x0000000000000ab8       0x80 Drivers/STM32F1xx_HAL_Driver/Src/stm32f1xx_hal_rcc.o
 .debug_ranges  0x0000000000000b38       0x20 Drivers/STM32F1xx_HAL_Driver/Src/stm32f1xx_hal_rcc_ex.o
 .debug_ranges  0x0000000000000b58      0x1c0 Drivers/STM32F1xx_HAL_Driver/Src/stm32f1xx_hal_spi.o
 .debug_ranges  0x0000000000000d18      0x398 Drivers/STM32F1xx_HAL_Driver/Src/stm32f1xx_hal_tim.o
 .debug_ranges  0x00000000000010b0      0x140 Drivers/STM32F1xx_HAL_Driver/Src/stm32f1xx_hal_tim_ex.o
 .debug_ranges  0x00000000000011f0      0x1c0 Drivers/STM32F1xx_HAL_Driver/Src/stm32f1xx_hal_uart.o

.debug_macro    0x0000000000000000    0x169dd
 .debug_macro   0x0000000000000000      0x2ac Core/Src/AccelGyro.o
 .debug_macro   0x00000000000002ac      0xa5a Core/Src/AccelGyro.o
 .debug_macro   0x0000000000000d06      0x22d Core/Src/AccelGyro.o
 .debug_macro   0x0000000000000f33       0x2e Core/Src/AccelGyro.o
 .debug_macro   0x0000000000000f61       0x22 Core/Src/AccelGyro.o
 .debug_macro   0x0000000000000f83       0x22 Core/Src/AccelGyro.o
 .debug_macro   0x0000000000000fa5       0x8e Core/Src/AccelGyro.o
 .debug_macro   0x0000000000001033       0x51 Core/Src/AccelGyro.o
 .debug_macro   0x0000000000001084       0xef Core/Src/AccelGyro.o
 .debug_macro   0x0000000000001173       0x6a Core/Src/AccelGyro.o
 .debug_macro   0x00000000000011dd      0x1df Core/Src/AccelGyro.o
 .debug_macro   0x00000000000013bc       0x1c Core/Src/AccelGyro.o
 .debug_macro   0x00000000000013d8       0x22 Core/Src/AccelGyro.o
 .debug_macro   0x00000000000013fa       0xc3 Core/Src/AccelGyro.o
 .debug_macro   0x00000000000014bd      0xd23 Core/Src/AccelGyro.o
 .debug_macro   0x00000000000021e0     0xe09e Core/Src/AccelGyro.o
 .debug_macro   0x000000000001027e       0x43 Core/Src/AccelGyro.o
 .debug_macro   0x00000000000102c1      0x174 Core/Src/AccelGyro.o
 .debug_macro   0x0000000000010435       0x5a Core/Src/AccelGyro.o
 .debug_macro   0x000000000001048f      0x5be Core/Src/AccelGyro.o
 .debug_macro   0x0000000000010a4d      0x289 Core/Src/AccelGyro.o
 .debug_macro   0x0000000000010cd6      0x1cb Core/Src/AccelGyro.o
 .debug_macro   0x0000000000010ea1      0x114 Core/Src/AccelGyro.o
 .debug_macro   0x0000000000010fb5      0x1b2 Core/Src/AccelGyro.o
 .debug_macro   0x0000000000011167       0x27 Core/Src/AccelGyro.o
 .debug_macro   0x000000000001118e      0x136 Core/Src/AccelGyro.o
 .debug_macro   0x00000000000112c4      0x1bc Core/Src/AccelGyro.o
 .debug_macro   0x0000000000011480       0x34 Core/Src/AccelGyro.o
 .debug_macro   0x00000000000114b4       0x3c Core/Src/AccelGyro.o
 .debug_macro   0x00000000000114f0       0x57 Core/Src/AccelGyro.o
 .debug_macro   0x0000000000011547      0x46a Core/Src/AccelGyro.o
 .debug_macro   0x00000000000119b1      0x1b5 Core/Src/AccelGyro.o
 .debug_macro   0x0000000000011b66       0x88 Core/Src/AccelGyro.o
 .debug_macro   0x0000000000011bee      0x241 Core/Src/AccelGyro.o
 .debug_macro   0x0000000000011e2f      0x280 Core/Src/AccelGyro.o
 .debug_macro   0x00000000000120af      0x141 Core/Src/AccelGyro.o
 .debug_macro   0x00000000000121f0      0x217 Core/Src/AccelGyro.o
 .debug_macro   0x0000000000012407      0x88b Core/Src/AccelGyro.o
 .debug_macro   0x0000000000012c92      0x26b Core/Src/AccelGyro.o
 .debug_macro   0x0000000000012efd       0x83 Core/Src/AccelGyro.o
 .debug_macro   0x0000000000012f80       0x46 Core/Src/AccelGyro.o
 .debug_macro   0x0000000000012fc6       0x18 Core/Src/AccelGyro.o
 .debug_macro   0x0000000000012fde       0x3c Core/Src/AccelGyro.o
 .debug_macro   0x000000000001301a       0x34 Core/Src/AccelGyro.o
 .debug_macro   0x000000000001304e       0x52 Core/Src/AccelGyro.o
 .debug_macro   0x00000000000130a0       0x1f Core/Src/AccelGyro.o
 .debug_macro   0x00000000000130bf       0x43 Core/Src/AccelGyro.o
 .debug_macro   0x0000000000013102       0x20 Core/Src/AccelGyro.o
 .debug_macro   0x0000000000013122      0x1a3 Core/Src/AccelGyro.o
 .debug_macro   0x00000000000132c5      0x32a Core/Src/AccelGyro.o
 .debug_macro   0x00000000000135ef       0x10 Core/Src/AccelGyro.o
 .debug_macro   0x00000000000135ff       0x35 Core/Src/AccelGyro.o
 .debug_macro   0x0000000000013634       0x20 Core/Src/AccelGyro.o
 .debug_macro   0x0000000000013654       0x22 Core/Src/AccelGyro.o
 .debug_macro   0x0000000000013676      0x1e1 Core/Src/AccelGyro.o
 .debug_macro   0x0000000000013857       0x6a Core/Src/AccelGyro.o
 .debug_macro   0x00000000000138c1      0x2d9 Core/Src/MY_NRF24.o
 .debug_macro   0x0000000000013b9a      0x226 Core/Src/MY_NRF24.o
 .debug_macro   0x0000000000013dc0       0x16 Core/Src/MY_NRF24.o
 .debug_macro   0x0000000000013dd6       0x16 Core/Src/MY_NRF24.o
 .debug_macro   0x0000000000013dec       0x29 Core/Src/MY_NRF24.o
 .debug_macro   0x0000000000013e15       0x16 Core/Src/MY_NRF24.o
 .debug_macro   0x0000000000013e2b      0x2a8 Core/Src/TJ_MPU6050.o
 .debug_macro   0x00000000000140d3      0x28d Core/Src/fonts.o
 .debug_macro   0x0000000000014360      0x1cc Core/Src/i2c-lcd.o
 .debug_macro   0x000000000001452c      0x35f Core/Src/main.o
 .debug_macro   0x000000000001488b       0x82 Core/Src/main.o
 .debug_macro   0x000000000001490d       0x1d Core/Src/main.o
 .debug_macro   0x000000000001492a      0x2e2 Core/Src/ssd1306.o
 .debug_macro   0x0000000000014c0c      0x1d1 Core/Src/stm32f1xx_hal_msp.o
 .debug_macro   0x0000000000014ddd      0x1db Core/Src/stm32f1xx_it.o
 .debug_macro   0x0000000000014fb8      0x1ae Core/Src/sysmem.o
 .debug_macro   0x0000000000015166      0x23b Core/Src/sysmem.o
 .debug_macro   0x00000000000153a1       0x16 Core/Src/sysmem.o
 .debug_macro   0x00000000000153b7      0x1c8 Core/Src/system_stm32f1xx.o
 .debug_macro   0x000000000001557f      0x1e6 Drivers/STM32F1xx_HAL_Driver/Src/stm32f1xx_hal.o
 .debug_macro   0x0000000000015765      0x1df Drivers/STM32F1xx_HAL_Driver/Src/stm32f1xx_hal_adc.o
 .debug_macro   0x0000000000015944      0x1c2 Drivers/STM32F1xx_HAL_Driver/Src/stm32f1xx_hal_cortex.o
 .debug_macro   0x0000000000015b06      0x22d Drivers/STM32F1xx_HAL_Driver/Src/stm32f1xx_hal_gpio.o
 .debug_macro   0x0000000000015d33      0x202 Drivers/STM32F1xx_HAL_Driver/Src/stm32f1xx_hal_i2c.o
 .debug_macro   0x0000000000015f35      0x1d4 Drivers/STM32F1xx_HAL_Driver/Src/stm32f1xx_hal_rcc.o
 .debug_macro   0x0000000000016109      0x1c2 Drivers/STM32F1xx_HAL_Driver/Src/stm32f1xx_hal_rcc_ex.o
 .debug_macro   0x00000000000162cb      0x1ca Drivers/STM32F1xx_HAL_Driver/Src/stm32f1xx_hal_spi.o
 .debug_macro   0x0000000000016495      0x1c3 Drivers/STM32F1xx_HAL_Driver/Src/stm32f1xx_hal_tim.o
 .debug_macro   0x0000000000016658      0x1c2 Drivers/STM32F1xx_HAL_Driver/Src/stm32f1xx_hal_tim_ex.o
 .debug_macro   0x000000000001681a      0x1c3 Drivers/STM32F1xx_HAL_Driver/Src/stm32f1xx_hal_uart.o

.debug_line     0x0000000000000000     0xf7c7
 .debug_line    0x0000000000000000      0x938 Core/Src/AccelGyro.o
 .debug_line    0x0000000000000938      0xe09 Core/Src/MY_NRF24.o
 .debug_line    0x0000000000001741      0x933 Core/Src/TJ_MPU6050.o
 .debug_line    0x0000000000002074      0x7df Core/Src/fonts.o
 .debug_line    0x0000000000002853      0x6da Core/Src/i2c-lcd.o
 .debug_line    0x0000000000002f2d      0xbb1 Core/Src/main.o
 .debug_line    0x0000000000003ade      0xc34 Core/Src/ssd1306.o
 .debug_line    0x0000000000004712      0x7c6 Core/Src/stm32f1xx_hal_msp.o
 .debug_line    0x0000000000004ed8      0x74b Core/Src/stm32f1xx_it.o
 .debug_line    0x0000000000005623      0x55e Core/Src/sysmem.o
 .debug_line    0x0000000000005b81      0x6c6 Core/Src/system_stm32f1xx.o
 .debug_line    0x0000000000006247       0x84 Core/Startup/startup_stm32f103cbtx.o
 .debug_line    0x00000000000062cb      0x86e Drivers/STM32F1xx_HAL_Driver/Src/stm32f1xx_hal.o
 .debug_line    0x0000000000006b39      0xbc0 Drivers/STM32F1xx_HAL_Driver/Src/stm32f1xx_hal_adc.o
 .debug_line    0x00000000000076f9      0x947 Drivers/STM32F1xx_HAL_Driver/Src/stm32f1xx_hal_cortex.o
 .debug_line    0x0000000000008040      0x86e Drivers/STM32F1xx_HAL_Driver/Src/stm32f1xx_hal_gpio.o
 .debug_line    0x00000000000088ae     0x1b31 Drivers/STM32F1xx_HAL_Driver/Src/stm32f1xx_hal_i2c.o
 .debug_line    0x000000000000a3df      0x930 Drivers/STM32F1xx_HAL_Driver/Src/stm32f1xx_hal_rcc.o
 .debug_line    0x000000000000ad0f      0x74e Drivers/STM32F1xx_HAL_Driver/Src/stm32f1xx_hal_rcc_ex.o
 .debug_line    0x000000000000b45d     0x103c Drivers/STM32F1xx_HAL_Driver/Src/stm32f1xx_hal_spi.o
 .debug_line    0x000000000000c499     0x1734 Drivers/STM32F1xx_HAL_Driver/Src/stm32f1xx_hal_tim.o
 .debug_line    0x000000000000dbcd      0xc81 Drivers/STM32F1xx_HAL_Driver/Src/stm32f1xx_hal_tim_ex.o
 .debug_line    0x000000000000e84e      0xf79 Drivers/STM32F1xx_HAL_Driver/Src/stm32f1xx_hal_uart.o

.debug_str      0x0000000000000000    0x7d723
 .debug_str     0x0000000000000000    0x75e2f Core/Src/AccelGyro.o
                                      0x762a9 (size before relaxing)
 .debug_str     0x0000000000075e2f     0x10ee Core/Src/MY_NRF24.o
                                      0x762eb (size before relaxing)
 .debug_str     0x0000000000076f1d      0x291 Core/Src/TJ_MPU6050.o
                                      0x761b6 (size before relaxing)
 .debug_str     0x00000000000771ae       0xad Core/Src/fonts.o
                                      0x74ff4 (size before relaxing)
 .debug_str     0x000000000007725b       0x7c Core/Src/i2c-lcd.o
                                      0x724a4 (size before relaxing)
 .debug_str     0x00000000000772d7      0xd38 Core/Src/main.o
                                      0x778d9 (size before relaxing)
 .debug_str     0x000000000007800f      0x35a Core/Src/ssd1306.o
                                      0x758e7 (size before relaxing)
 .debug_str     0x0000000000078369      0x3cf Core/Src/stm32f1xx_hal_msp.o
                                      0x73105 (size before relaxing)
 .debug_str     0x0000000000078738       0xcd Core/Src/stm32f1xx_it.o
                                      0x72605 (size before relaxing)
 .debug_str     0x0000000000078805     0x1695 Core/Src/sysmem.o
                                       0x7ac4 (size before relaxing)
 .debug_str     0x0000000000079e9a       0xc2 Core/Src/system_stm32f1xx.o
                                      0x720b6 (size before relaxing)
 .debug_str     0x0000000000079f5c       0x36 Core/Startup/startup_stm32f103cbtx.o
                                         0x69 (size before relaxing)